17:02:21 **** Incremental Build of configuration Debug for project oled1 ****
make -j12 all 
arm-none-eabi-gcc "../Drivers/STM32H7xx_HAL_Driver/Src/stm32h7xx_hal.c" -mcpu=cortex-m7 -std=gnu11 -g3 -DDEBUG -DUSE_HAL_DRIVER -DSTM32H7A3xxQ -c -I../Core/Inc -I../Drivers/STM32H7xx_HAL_Driver/Inc -I../Drivers/STM32H7xx_HAL_Driver/Inc/Legacy -I../Drivers/CMSIS/Device/ST/STM32H7xx/Include -I../Drivers/CMSIS/Include -O0 -ffunction-sections -fdata-sections -Wall -fstack-usage -MMD -MP -MF"Drivers/STM32H7xx_HAL_Driver/Src/stm32h7xx_hal.d" -MT"Drivers/STM32H7xx_HAL_Driver/Src/stm32h7xx_hal.o" --specs=nano.specs -mfpu=fpv5-d16 -mfloat-abi=hard -mthumb -o "Drivers/STM32H7xx_HAL_Driver/Src/stm32h7xx_hal.o"
arm-none-eabi-gcc "../Drivers/STM32H7xx_HAL_Driver/Src/stm32h7xx_hal_cortex.c" -mcpu=cortex-m7 -std=gnu11 -g3 -DDEBUG -DUSE_HAL_DRIVER -DSTM32H7A3xxQ -c -I../Core/Inc -I../Drivers/STM32H7xx_HAL_Driver/Inc -I../Drivers/STM32H7xx_HAL_Driver/Inc/Legacy -I../Drivers/CMSIS/Device/ST/STM32H7xx/Include -I../Drivers/CMSIS/Include -O0 -ffunction-sections -fdata-sections -Wall -fstack-usage -MMD -MP -MF"Drivers/STM32H7xx_HAL_Driver/Src/stm32h7xx_hal_cortex.d" -MT"Drivers/STM32H7xx_HAL_Driver/Src/stm32h7xx_hal_cortex.o" --specs=nano.specs -mfpu=fpv5-d16 -mfloat-abi=hard -mthumb -o "Drivers/STM32H7xx_HAL_Driver/Src/stm32h7xx_hal_cortex.o"
arm-none-eabi-gcc "../Drivers/STM32H7xx_HAL_Driver/Src/stm32h7xx_hal_dma.c" -mcpu=cortex-m7 -std=gnu11 -g3 -DDEBUG -DUSE_HAL_DRIVER -DSTM32H7A3xxQ -c -I../Core/Inc -I../Drivers/STM32H7xx_HAL_Driver/Inc -I../Drivers/STM32H7xx_HAL_Driver/Inc/Legacy -I../Drivers/CMSIS/Device/ST/STM32H7xx/Include -I../Drivers/CMSIS/Include -O0 -ffunction-sections -fdata-sections -Wall -fstack-usage -MMD -MP -MF"Drivers/STM32H7xx_HAL_Driver/Src/stm32h7xx_hal_dma.d" -MT"Drivers/STM32H7xx_HAL_Driver/Src/stm32h7xx_hal_dma.o" --specs=nano.specs -mfpu=fpv5-d16 -mfloat-abi=hard -mthumb -o "Drivers/STM32H7xx_HAL_Driver/Src/stm32h7xx_hal_dma.o"
arm-none-eabi-gcc "../Drivers/STM32H7xx_HAL_Driver/Src/stm32h7xx_hal_dma_ex.c" -mcpu=cortex-m7 -std=gnu11 -g3 -DDEBUG -DUSE_HAL_DRIVER -DSTM32H7A3xxQ -c -I../Core/Inc -I../Drivers/STM32H7xx_HAL_Driver/Inc -I../Drivers/STM32H7xx_HAL_Driver/Inc/Legacy -I../Drivers/CMSIS/Device/ST/STM32H7xx/Include -I../Drivers/CMSIS/Include -O0 -ffunction-sections -fdata-sections -Wall -fstack-usage -MMD -MP -MF"Drivers/STM32H7xx_HAL_Driver/Src/stm32h7xx_hal_dma_ex.d" -MT"Drivers/STM32H7xx_HAL_Driver/Src/stm32h7xx_hal_dma_ex.o" --specs=nano.specs -mfpu=fpv5-d16 -mfloat-abi=hard -mthumb -o "Drivers/STM32H7xx_HAL_Driver/Src/stm32h7xx_hal_dma_ex.o"
arm-none-eabi-gcc "../Drivers/STM32H7xx_HAL_Driver/Src/stm32h7xx_hal_exti.c" -mcpu=cortex-m7 -std=gnu11 -g3 -DDEBUG -DUSE_HAL_DRIVER -DSTM32H7A3xxQ -c -I../Core/Inc -I../Drivers/STM32H7xx_HAL_Driver/Inc -I../Drivers/STM32H7xx_HAL_Driver/Inc/Legacy -I../Drivers/CMSIS/Device/ST/STM32H7xx/Include -I../Drivers/CMSIS/Include -O0 -ffunction-sections -fdata-sections -Wall -fstack-usage -MMD -MP -MF"Drivers/STM32H7xx_HAL_Driver/Src/stm32h7xx_hal_exti.d" -MT"Drivers/STM32H7xx_HAL_Driver/Src/stm32h7xx_hal_exti.o" --specs=nano.specs -mfpu=fpv5-d16 -mfloat-abi=hard -mthumb -o "Drivers/STM32H7xx_HAL_Driver/Src/stm32h7xx_hal_exti.o"
arm-none-eabi-gcc "../Drivers/STM32H7xx_HAL_Driver/Src/stm32h7xx_hal_flash.c" -mcpu=cortex-m7 -std=gnu11 -g3 -DDEBUG -DUSE_HAL_DRIVER -DSTM32H7A3xxQ -c -I../Core/Inc -I../Drivers/STM32H7xx_HAL_Driver/Inc -I../Drivers/STM32H7xx_HAL_Driver/Inc/Legacy -I../Drivers/CMSIS/Device/ST/STM32H7xx/Include -I../Drivers/CMSIS/Include -O0 -ffunction-sections -fdata-sections -Wall -fstack-usage -MMD -MP -MF"Drivers/STM32H7xx_HAL_Driver/Src/stm32h7xx_hal_flash.d" -MT"Drivers/STM32H7xx_HAL_Driver/Src/stm32h7xx_hal_flash.o" --specs=nano.specs -mfpu=fpv5-d16 -mfloat-abi=hard -mthumb -o "Drivers/STM32H7xx_HAL_Driver/Src/stm32h7xx_hal_flash.o"
arm-none-eabi-gcc "../Drivers/STM32H7xx_HAL_Driver/Src/stm32h7xx_hal_flash_ex.c" -mcpu=cortex-m7 -std=gnu11 -g3 -DDEBUG -DUSE_HAL_DRIVER -DSTM32H7A3xxQ -c -I../Core/Inc -I../Drivers/STM32H7xx_HAL_Driver/Inc -I../Drivers/STM32H7xx_HAL_Driver/Inc/Legacy -I../Drivers/CMSIS/Device/ST/STM32H7xx/Include -I../Drivers/CMSIS/Include -O0 -ffunction-sections -fdata-sections -Wall -fstack-usage -MMD -MP -MF"Drivers/STM32H7xx_HAL_Driver/Src/stm32h7xx_hal_flash_ex.d" -MT"Drivers/STM32H7xx_HAL_Driver/Src/stm32h7xx_hal_flash_ex.o" --specs=nano.specs -mfpu=fpv5-d16 -mfloat-abi=hard -mthumb -o "Drivers/STM32H7xx_HAL_Driver/Src/stm32h7xx_hal_flash_ex.o"
arm-none-eabi-gcc "../Drivers/STM32H7xx_HAL_Driver/Src/stm32h7xx_hal_gpio.c" -mcpu=cortex-m7 -std=gnu11 -g3 -DDEBUG -DUSE_HAL_DRIVER -DSTM32H7A3xxQ -c -I../Core/Inc -I../Drivers/STM32H7xx_HAL_Driver/Inc -I../Drivers/STM32H7xx_HAL_Driver/Inc/Legacy -I../Drivers/CMSIS/Device/ST/STM32H7xx/Include -I../Drivers/CMSIS/Include -O0 -ffunction-sections -fdata-sections -Wall -fstack-usage -MMD -MP -MF"Drivers/STM32H7xx_HAL_Driver/Src/stm32h7xx_hal_gpio.d" -MT"Drivers/STM32H7xx_HAL_Driver/Src/stm32h7xx_hal_gpio.o" --specs=nano.specs -mfpu=fpv5-d16 -mfloat-abi=hard -mthumb -o "Drivers/STM32H7xx_HAL_Driver/Src/stm32h7xx_hal_gpio.o"
arm-none-eabi-gcc "../Drivers/STM32H7xx_HAL_Driver/Src/stm32h7xx_hal_hsem.c" -mcpu=cortex-m7 -std=gnu11 -g3 -DDEBUG -DUSE_HAL_DRIVER -DSTM32H7A3xxQ -c -I../Core/Inc -I../Drivers/STM32H7xx_HAL_Driver/Inc -I../Drivers/STM32H7xx_HAL_Driver/Inc/Legacy -I../Drivers/CMSIS/Device/ST/STM32H7xx/Include -I../Drivers/CMSIS/Include -O0 -ffunction-sections -fdata-sections -Wall -fstack-usage -MMD -MP -MF"Drivers/STM32H7xx_HAL_Driver/Src/stm32h7xx_hal_hsem.d" -MT"Drivers/STM32H7xx_HAL_Driver/Src/stm32h7xx_hal_hsem.o" --specs=nano.specs -mfpu=fpv5-d16 -mfloat-abi=hard -mthumb -o "Drivers/STM32H7xx_HAL_Driver/Src/stm32h7xx_hal_hsem.o"
arm-none-eabi-gcc "../Drivers/STM32H7xx_HAL_Driver/Src/stm32h7xx_hal_i2c.c" -mcpu=cortex-m7 -std=gnu11 -g3 -DDEBUG -DUSE_HAL_DRIVER -DSTM32H7A3xxQ -c -I../Core/Inc -I../Drivers/STM32H7xx_HAL_Driver/Inc -I../Drivers/STM32H7xx_HAL_Driver/Inc/Legacy -I../Drivers/CMSIS/Device/ST/STM32H7xx/Include -I../Drivers/CMSIS/Include -O0 -ffunction-sections -fdata-sections -Wall -fstack-usage -MMD -MP -MF"Drivers/STM32H7xx_HAL_Driver/Src/stm32h7xx_hal_i2c.d" -MT"Drivers/STM32H7xx_HAL_Driver/Src/stm32h7xx_hal_i2c.o" --specs=nano.specs -mfpu=fpv5-d16 -mfloat-abi=hard -mthumb -o "Drivers/STM32H7xx_HAL_Driver/Src/stm32h7xx_hal_i2c.o"
arm-none-eabi-gcc "../Drivers/STM32H7xx_HAL_Driver/Src/stm32h7xx_hal_i2c_ex.c" -mcpu=cortex-m7 -std=gnu11 -g3 -DDEBUG -DUSE_HAL_DRIVER -DSTM32H7A3xxQ -c -I../Core/Inc -I../Drivers/STM32H7xx_HAL_Driver/Inc -I../Drivers/STM32H7xx_HAL_Driver/Inc/Legacy -I../Drivers/CMSIS/Device/ST/STM32H7xx/Include -I../Drivers/CMSIS/Include -O0 -ffunction-sections -fdata-sections -Wall -fstack-usage -MMD -MP -MF"Drivers/STM32H7xx_HAL_Driver/Src/stm32h7xx_hal_i2c_ex.d" -MT"Drivers/STM32H7xx_HAL_Driver/Src/stm32h7xx_hal_i2c_ex.o" --specs=nano.specs -mfpu=fpv5-d16 -mfloat-abi=hard -mthumb -o "Drivers/STM32H7xx_HAL_Driver/Src/stm32h7xx_hal_i2c_ex.o"
arm-none-eabi-gcc "../Drivers/STM32H7xx_HAL_Driver/Src/stm32h7xx_hal_mdma.c" -mcpu=cortex-m7 -std=gnu11 -g3 -DDEBUG -DUSE_HAL_DRIVER -DSTM32H7A3xxQ -c -I../Core/Inc -I../Drivers/STM32H7xx_HAL_Driver/Inc -I../Drivers/STM32H7xx_HAL_Driver/Inc/Legacy -I../Drivers/CMSIS/Device/ST/STM32H7xx/Include -I../Drivers/CMSIS/Include -O0 -ffunction-sections -fdata-sections -Wall -fstack-usage -MMD -MP -MF"Drivers/STM32H7xx_HAL_Driver/Src/stm32h7xx_hal_mdma.d" -MT"Drivers/STM32H7xx_HAL_Driver/Src/stm32h7xx_hal_mdma.o" --specs=nano.specs -mfpu=fpv5-d16 -mfloat-abi=hard -mthumb -o "Drivers/STM32H7xx_HAL_Driver/Src/stm32h7xx_hal_mdma.o"
arm-none-eabi-gcc "../Drivers/STM32H7xx_HAL_Driver/Src/stm32h7xx_hal_pwr.c" -mcpu=cortex-m7 -std=gnu11 -g3 -DDEBUG -DUSE_HAL_DRIVER -DSTM32H7A3xxQ -c -I../Core/Inc -I../Drivers/STM32H7xx_HAL_Driver/Inc -I../Drivers/STM32H7xx_HAL_Driver/Inc/Legacy -I../Drivers/CMSIS/Device/ST/STM32H7xx/Include -I../Drivers/CMSIS/Include -O0 -ffunction-sections -fdata-sections -Wall -fstack-usage -MMD -MP -MF"Drivers/STM32H7xx_HAL_Driver/Src/stm32h7xx_hal_pwr.d" -MT"Drivers/STM32H7xx_HAL_Driver/Src/stm32h7xx_hal_pwr.o" --specs=nano.specs -mfpu=fpv5-d16 -mfloat-abi=hard -mthumb -o "Drivers/STM32H7xx_HAL_Driver/Src/stm32h7xx_hal_pwr.o"
arm-none-eabi-gcc "../Drivers/STM32H7xx_HAL_Driver/Src/stm32h7xx_hal_pwr_ex.c" -mcpu=cortex-m7 -std=gnu11 -g3 -DDEBUG -DUSE_HAL_DRIVER -DSTM32H7A3xxQ -c -I../Core/Inc -I../Drivers/STM32H7xx_HAL_Driver/Inc -I../Drivers/STM32H7xx_HAL_Driver/Inc/Legacy -I../Drivers/CMSIS/Device/ST/STM32H7xx/Include -I../Drivers/CMSIS/Include -O0 -ffunction-sections -fdata-sections -Wall -fstack-usage -MMD -MP -MF"Drivers/STM32H7xx_HAL_Driver/Src/stm32h7xx_hal_pwr_ex.d" -MT"Drivers/STM32H7xx_HAL_Driver/Src/stm32h7xx_hal_pwr_ex.o" --specs=nano.specs -mfpu=fpv5-d16 -mfloat-abi=hard -mthumb -o "Drivers/STM32H7xx_HAL_Driver/Src/stm32h7xx_hal_pwr_ex.o"
arm-none-eabi-gcc "../Drivers/STM32H7xx_HAL_Driver/Src/stm32h7xx_hal_rcc.c" -mcpu=cortex-m7 -std=gnu11 -g3 -DDEBUG -DUSE_HAL_DRIVER -DSTM32H7A3xxQ -c -I../Core/Inc -I../Drivers/STM32H7xx_HAL_Driver/Inc -I../Drivers/STM32H7xx_HAL_Driver/Inc/Legacy -I../Drivers/CMSIS/Device/ST/STM32H7xx/Include -I../Drivers/CMSIS/Include -O0 -ffunction-sections -fdata-sections -Wall -fstack-usage -MMD -MP -MF"Drivers/STM32H7xx_HAL_Driver/Src/stm32h7xx_hal_rcc.d" -MT"Drivers/STM32H7xx_HAL_Driver/Src/stm32h7xx_hal_rcc.o" --specs=nano.specs -mfpu=fpv5-d16 -mfloat-abi=hard -mthumb -o "Drivers/STM32H7xx_HAL_Driver/Src/stm32h7xx_hal_rcc.o"
arm-none-eabi-gcc "../Drivers/STM32H7xx_HAL_Driver/Src/stm32h7xx_hal_rcc_ex.c" -mcpu=cortex-m7 -std=gnu11 -g3 -DDEBUG -DUSE_HAL_DRIVER -DSTM32H7A3xxQ -c -I../Core/Inc -I../Drivers/STM32H7xx_HAL_Driver/Inc -I../Drivers/STM32H7xx_HAL_Driver/Inc/Legacy -I../Drivers/CMSIS/Device/ST/STM32H7xx/Include -I../Drivers/CMSIS/Include -O0 -ffunction-sections -fdata-sections -Wall -fstack-usage -MMD -MP -MF"Drivers/STM32H7xx_HAL_Driver/Src/stm32h7xx_hal_rcc_ex.d" -MT"Drivers/STM32H7xx_HAL_Driver/Src/stm32h7xx_hal_rcc_ex.o" --specs=nano.specs -mfpu=fpv5-d16 -mfloat-abi=hard -mthumb -o "Drivers/STM32H7xx_HAL_Driver/Src/stm32h7xx_hal_rcc_ex.o"
arm-none-eabi-gcc "../Drivers/STM32H7xx_HAL_Driver/Src/stm32h7xx_hal_tim.c" -mcpu=cortex-m7 -std=gnu11 -g3 -DDEBUG -DUSE_HAL_DRIVER -DSTM32H7A3xxQ -c -I../Core/Inc -I../Drivers/STM32H7xx_HAL_Driver/Inc -I../Drivers/STM32H7xx_HAL_Driver/Inc/Legacy -I../Drivers/CMSIS/Device/ST/STM32H7xx/Include -I../Drivers/CMSIS/Include -O0 -ffunction-sections -fdata-sections -Wall -fstack-usage -MMD -MP -MF"Drivers/STM32H7xx_HAL_Driver/Src/stm32h7xx_hal_tim.d" -MT"Drivers/STM32H7xx_HAL_Driver/Src/stm32h7xx_hal_tim.o" --specs=nano.specs -mfpu=fpv5-d16 -mfloat-abi=hard -mthumb -o "Drivers/STM32H7xx_HAL_Driver/Src/stm32h7xx_hal_tim.o"
arm-none-eabi-gcc "../Drivers/STM32H7xx_HAL_Driver/Src/stm32h7xx_hal_tim_ex.c" -mcpu=cortex-m7 -std=gnu11 -g3 -DDEBUG -DUSE_HAL_DRIVER -DSTM32H7A3xxQ -c -I../Core/Inc -I../Drivers/STM32H7xx_HAL_Driver/Inc -I../Drivers/STM32H7xx_HAL_Driver/Inc/Legacy -I../Drivers/CMSIS/Device/ST/STM32H7xx/Include -I../Drivers/CMSIS/Include -O0 -ffunction-sections -fdata-sections -Wall -fstack-usage -MMD -MP -MF"Drivers/STM32H7xx_HAL_Driver/Src/stm32h7xx_hal_tim_ex.d" -MT"Drivers/STM32H7xx_HAL_Driver/Src/stm32h7xx_hal_tim_ex.o" --specs=nano.specs -mfpu=fpv5-d16 -mfloat-abi=hard -mthumb -o "Drivers/STM32H7xx_HAL_Driver/Src/stm32h7xx_hal_tim_ex.o"
arm-none-eabi-gcc "../Drivers/STM32H7xx_HAL_Driver/Src/stm32h7xx_hal_uart.c" -mcpu=cortex-m7 -std=gnu11 -g3 -DDEBUG -DUSE_HAL_DRIVER -DSTM32H7A3xxQ -c -I../Core/Inc -I../Drivers/STM32H7xx_HAL_Driver/Inc -I../Drivers/STM32H7xx_HAL_Driver/Inc/Legacy -I../Drivers/CMSIS/Device/ST/STM32H7xx/Include -I../Drivers/CMSIS/Include -O0 -ffunction-sections -fdata-sections -Wall -fstack-usage -MMD -MP -MF"Drivers/STM32H7xx_HAL_Driver/Src/stm32h7xx_hal_uart.d" -MT"Drivers/STM32H7xx_HAL_Driver/Src/stm32h7xx_hal_uart.o" --specs=nano.specs -mfpu=fpv5-d16 -mfloat-abi=hard -mthumb -o "Drivers/STM32H7xx_HAL_Driver/Src/stm32h7xx_hal_uart.o"
arm-none-eabi-gcc "../Drivers/STM32H7xx_HAL_Driver/Src/stm32h7xx_hal_uart_ex.c" -mcpu=cortex-m7 -std=gnu11 -g3 -DDEBUG -DUSE_HAL_DRIVER -DSTM32H7A3xxQ -c -I../Core/Inc -I../Drivers/STM32H7xx_HAL_Driver/Inc -I../Drivers/STM32H7xx_HAL_Driver/Inc/Legacy -I../Drivers/CMSIS/Device/ST/STM32H7xx/Include -I../Drivers/CMSIS/Include -O0 -ffunction-sections -fdata-sections -Wall -fstack-usage -MMD -MP -MF"Drivers/STM32H7xx_HAL_Driver/Src/stm32h7xx_hal_uart_ex.d" -MT"Drivers/STM32H7xx_HAL_Driver/Src/stm32h7xx_hal_uart_ex.o" --specs=nano.specs -mfpu=fpv5-d16 -mfloat-abi=hard -mthumb -o "Drivers/STM32H7xx_HAL_Driver/Src/stm32h7xx_hal_uart_ex.o"
arm-none-eabi-gcc "../Core/Src/gpio.c" -mcpu=cortex-m7 -std=gnu11 -g3 -DDEBUG -DUSE_HAL_DRIVER -DSTM32H7A3xxQ -c -I../Core/Inc -I../Drivers/STM32H7xx_HAL_Driver/Inc -I../Drivers/STM32H7xx_HAL_Driver/Inc/Legacy -I../Drivers/CMSIS/Device/ST/STM32H7xx/Include -I../Drivers/CMSIS/Include -O0 -ffunction-sections -fdata-sections -Wall -fstack-usage -MMD -MP -MF"Core/Src/gpio.d" -MT"Core/Src/gpio.o" --specs=nano.specs -mfpu=fpv5-d16 -mfloat-abi=hard -mthumb -o "Core/Src/gpio.o"
arm-none-eabi-gcc "../Core/Src/i2c.c" -mcpu=cortex-m7 -std=gnu11 -g3 -DDEBUG -DUSE_HAL_DRIVER -DSTM32H7A3xxQ -c -I../Core/Inc -I../Drivers/STM32H7xx_HAL_Driver/Inc -I../Drivers/STM32H7xx_HAL_Driver/Inc/Legacy -I../Drivers/CMSIS/Device/ST/STM32H7xx/Include -I../Drivers/CMSIS/Include -O0 -ffunction-sections -fdata-sections -Wall -fstack-usage -MMD -MP -MF"Core/Src/i2c.d" -MT"Core/Src/i2c.o" --specs=nano.specs -mfpu=fpv5-d16 -mfloat-abi=hard -mthumb -o "Core/Src/i2c.o"
arm-none-eabi-gcc "../Core/Src/main.c" -mcpu=cortex-m7 -std=gnu11 -g3 -DDEBUG -DUSE_HAL_DRIVER -DSTM32H7A3xxQ -c -I../Core/Inc -I../Drivers/STM32H7xx_HAL_Driver/Inc -I../Drivers/STM32H7xx_HAL_Driver/Inc/Legacy -I../Drivers/CMSIS/Device/ST/STM32H7xx/Include -I../Drivers/CMSIS/Include -O0 -ffunction-sections -fdata-sections -Wall -fstack-usage -MMD -MP -MF"Core/Src/main.d" -MT"Core/Src/main.o" --specs=nano.specs -mfpu=fpv5-d16 -mfloat-abi=hard -mthumb -o "Core/Src/main.o"
arm-none-eabi-gcc "../Core/Src/oled.c" -mcpu=cortex-m7 -std=gnu11 -g3 -DDEBUG -DUSE_HAL_DRIVER -DSTM32H7A3xxQ -c -I../Core/Inc -I../Drivers/STM32H7xx_HAL_Driver/Inc -I../Drivers/STM32H7xx_HAL_Driver/Inc/Legacy -I../Drivers/CMSIS/Device/ST/STM32H7xx/Include -I../Drivers/CMSIS/Include -O0 -ffunction-sections -fdata-sections -Wall -fstack-usage -MMD -MP -MF"Core/Src/oled.d" -MT"Core/Src/oled.o" --specs=nano.specs -mfpu=fpv5-d16 -mfloat-abi=hard -mthumb -o "Core/Src/oled.o"
In file included from ../Core/Src/oled.c:3:
../Core/Inc/oledfont.h:10:1: warning: missing braces around initializer [-Wmissing-braces]
   10 | {
      | ^
   11 | 0x00, 0x00, 0x00, 0x00, 0x00, 0x00,// sp
      | {                                 }
   12 | 0x00, 0x00, 0x00, 0x2f, 0x00, 0x00,// !
      | {                                 }
   13 | 0x00, 0x00, 0x07, 0x00, 0x07, 0x00,// "
      | {                                 }
   14 | 0x00, 0x14, 0x7f, 0x14, 0x7f, 0x14,// #
      | {                                 }
   15 | 0x00, 0x24, 0x2a, 0x7f, 0x2a, 0x12,// $
      | {                                 }
   16 | 0x00, 0x62, 0x64, 0x08, 0x13, 0x23,// %
      | {                                 }
   17 | 0x00, 0x36, 0x49, 0x55, 0x22, 0x50,// &
      | {                                 }
   18 | 0x00, 0x00, 0x05, 0x03, 0x00, 0x00,// '
      | {                                 }
   19 | 0x00, 0x00, 0x1c, 0x22, 0x41, 0x00,// (
      | {                                 }
   20 | 0x00, 0x00, 0x41, 0x22, 0x1c, 0x00,// )
      | {                                 }
   21 | 0x00, 0x14, 0x08, 0x3E, 0x08, 0x14,// *
      | {                                 }
   22 | 0x00, 0x08, 0x08, 0x3E, 0x08, 0x08,// +
      | {                                 }
   23 | 0x00, 0x00, 0x00, 0xA0, 0x60, 0x00,// ,
      | {                                 }
   24 | 0x00, 0x08, 0x08, 0x08, 0x08, 0x08,// -
      | {                                 }
   25 | 0x00, 0x00, 0x60, 0x60, 0x00, 0x00,// .
      | {                                 }
   26 | 0x00, 0x20, 0x10, 0x08, 0x04, 0x02,// /
      | {                                 }
   27 | 0x00, 0x3E, 0x51, 0x49, 0x45, 0x3E,// 0
      | {                                 }
   28 | 0x00, 0x00, 0x42, 0x7F, 0x40, 0x00,// 1
      | {                                 }
   29 | 0x00, 0x42, 0x61, 0x51, 0x49, 0x46,// 2
      | {                                 }
   30 | 0x00, 0x21, 0x41, 0x45, 0x4B, 0x31,// 3
      | {                                 }
   31 | 0x00, 0x18, 0x14, 0x12, 0x7F, 0x10,// 4
      | {                                 }
   32 | 0x00, 0x27, 0x45, 0x45, 0x45, 0x39,// 5
      | {                                 }
   33 | 0x00, 0x3C, 0x4A, 0x49, 0x49, 0x30,// 6
      | {                                 }
   34 | 0x00, 0x01, 0x71, 0x09, 0x05, 0x03,// 7
      | {                                 }
   35 | 0x00, 0x36, 0x49, 0x49, 0x49, 0x36,// 8
      | {                                 }
   36 | 0x00, 0x06, 0x49, 0x49, 0x29, 0x1E,// 9
      | {                                 }
   37 | 0x00, 0x00, 0x36, 0x36, 0x00, 0x00,// :
      | {                                 }
   38 | 0x00, 0x00, 0x56, 0x36, 0x00, 0x00,// ;
      | {                                 }
   39 | 0x00, 0x08, 0x14, 0x22, 0x41, 0x00,// <
      | {                                 }
   40 | 0x00, 0x14, 0x14, 0x14, 0x14, 0x14,// =
      | {                                 }
   41 | 0x00, 0x00, 0x41, 0x22, 0x14, 0x08,// >
      | {                                 }
   42 | 0x00, 0x02, 0x01, 0x51, 0x09, 0x06,// ?
      | {                                 }
   43 | 0x00, 0x32, 0x49, 0x59, 0x51, 0x3E,// @
      | {                                 }
   44 | 0x00, 0x7C, 0x12, 0x11, 0x12, 0x7C,// A
      | {                                 }
   45 | 0x00, 0x7F, 0x49, 0x49, 0x49, 0x36,// B
      | {                                 }
   46 | 0x00, 0x3E, 0x41, 0x41, 0x41, 0x22,// C
      | {                                 }
   47 | 0x00, 0x7F, 0x41, 0x41, 0x22, 0x1C,// D
      | {                                 }
   48 | 0x00, 0x7F, 0x49, 0x49, 0x49, 0x41,// E
      | {                                 }
   49 | 0x00, 0x7F, 0x09, 0x09, 0x09, 0x01,// F
      | {                                 }
   50 | 0x00, 0x3E, 0x41, 0x49, 0x49, 0x7A,// G
      | {                                 }
   51 | 0x00, 0x7F, 0x08, 0x08, 0x08, 0x7F,// H
      | {                                 }
   52 | 0x00, 0x00, 0x41, 0x7F, 0x41, 0x00,// I
      | {                                 }
   53 | 0x00, 0x20, 0x40, 0x41, 0x3F, 0x01,// J
      | {                                 }
   54 | 0x00, 0x7F, 0x08, 0x14, 0x22, 0x41,// K
      | {                                 }
   55 | 0x00, 0x7F, 0x40, 0x40, 0x40, 0x40,// L
      | {                                 }
   56 | 0x00, 0x7F, 0x02, 0x0C, 0x02, 0x7F,// M
      | {                                 }
   57 | 0x00, 0x7F, 0x04, 0x08, 0x10, 0x7F,// N
      | {                                 }
   58 | 0x00, 0x3E, 0x41, 0x41, 0x41, 0x3E,// O
      | {                                 }
   59 | 0x00, 0x7F, 0x09, 0x09, 0x09, 0x06,// P
      | {                                 }
   60 | 0x00, 0x3E, 0x41, 0x51, 0x21, 0x5E,// Q
      | {                                 }
   61 | 0x00, 0x7F, 0x09, 0x19, 0x29, 0x46,// R
      | {                                 }
   62 | 0x00, 0x46, 0x49, 0x49, 0x49, 0x31,// S
      | {                                 }
   63 | 0x00, 0x01, 0x01, 0x7F, 0x01, 0x01,// T
      | {                                 }
   64 | 0x00, 0x3F, 0x40, 0x40, 0x40, 0x3F,// U
      | {                                 }
   65 | 0x00, 0x1F, 0x20, 0x40, 0x20, 0x1F,// V
      | {                                 }
   66 | 0x00, 0x3F, 0x40, 0x38, 0x40, 0x3F,// W
      | {                                 }
   67 | 0x00, 0x63, 0x14, 0x08, 0x14, 0x63,// X
      | {                                 }
   68 | 0x00, 0x07, 0x08, 0x70, 0x08, 0x07,// Y
      | {                                 }
   69 | 0x00, 0x61, 0x51, 0x49, 0x45, 0x43,// Z
      | {                                 }
   70 | 0x00, 0x00, 0x7F, 0x41, 0x41, 0x00,// [
      | {                                 }
   71 | 0x00, 0x55, 0x2A, 0x55, 0x2A, 0x55,// 55
      | {                                 }
   72 | 0x00, 0x00, 0x41, 0x41, 0x7F, 0x00,// ]
      | {                                 }
   73 | 0x00, 0x04, 0x02, 0x01, 0x02, 0x04,// ^
      | {                                 }
   74 | 0x00, 0x40, 0x40, 0x40, 0x40, 0x40,// _
arm-none-eabi-gcc "../Core/Src/stm32h7xx_hal_msp.c" -mcpu=cortex-m7 -std=gnu11 -g3 -DDEBUG -DUSE_HAL_DRIVER -DSTM32H7A3xxQ -c -I../Core/Inc -I../Drivers/STM32H7xx_HAL_Driver/Inc -I../Drivers/STM32H7xx_HAL_Driver/Inc/Legacy -I../Drivers/CMSIS/Device/ST/STM32H7xx/Include -I../Drivers/CMSIS/Include -O0 -ffunction-sections -fdata-sections -Wall -fstack-usage -MMD -MP -MF"Core/Src/stm32h7xx_hal_msp.d" -MT"Core/Src/stm32h7xx_hal_msp.o" --specs=nano.specs -mfpu=fpv5-d16 -mfloat-abi=hard -mthumb -o "Core/Src/stm32h7xx_hal_msp.o"
      | {                                 }
   75 | 0x00, 0x00, 0x01, 0x02, 0x04, 0x00,// '
      | {                                 }
   76 | 0x00, 0x20, 0x54, 0x54, 0x54, 0x78,// a
      | {                                 }
   77 | 0x00, 0x7F, 0x48, 0x44, 0x44, 0x38,// b
      | {                                 }
   78 | 0x00, 0x38, 0x44, 0x44, 0x44, 0x20,// c
      | {                                 }
   79 | 0x00, 0x38, 0x44, 0x44, 0x48, 0x7F,// d
      | {                                 }
   80 | 0x00, 0x38, 0x54, 0x54, 0x54, 0x18,// e
      | {                                 }
   81 | 0x00, 0x08, 0x7E, 0x09, 0x01, 0x02,// f
      | {                                 }
   82 | 0x00, 0x18, 0xA4, 0xA4, 0xA4, 0x7C,// g
      | {                                 }
   83 | 0x00, 0x7F, 0x08, 0x04, 0x04, 0x78,// h
      | {                                 }
   84 | 0x00, 0x00, 0x44, 0x7D, 0x40, 0x00,// i
      | {                                 }
   85 | 0x00, 0x40, 0x80, 0x84, 0x7D, 0x00,// j
      | {                                 }
   86 | 0x00, 0x7F, 0x10, 0x28, 0x44, 0x00,// k
      | {                                 }
   87 | 0x00, 0x00, 0x41, 0x7F, 0x40, 0x00,// l
      | {                                 }
   88 | 0x00, 0x7C, 0x04, 0x18, 0x04, 0x78,// m
      | {                                 }
   89 | 0x00, 0x7C, 0x08, 0x04, 0x04, 0x78,// n
      | {                                 }
   90 | 0x00, 0x38, 0x44, 0x44, 0x44, 0x38,// o
      | {                                 }
   91 | 0x00, 0xFC, 0x24, 0x24, 0x24, 0x18,// p
      | {                                 }
   92 | 0x00, 0x18, 0x24, 0x24, 0x18, 0xFC,// q
      | {                                 }
   93 | 0x00, 0x7C, 0x08, 0x04, 0x04, 0x08,// r
      | {                                 }
   94 | 0x00, 0x48, 0x54, 0x54, 0x54, 0x20,// s
      | {                                 }
   95 | 0x00, 0x04, 0x3F, 0x44, 0x40, 0x20,// t
arm-none-eabi-gcc "../Core/Src/stm32h7xx_it.c" -mcpu=cortex-m7 -std=gnu11 -g3 -DDEBUG -DUSE_HAL_DRIVER -DSTM32H7A3xxQ -c -I../Core/Inc -I../Drivers/STM32H7xx_HAL_Driver/Inc -I../Drivers/STM32H7xx_HAL_Driver/Inc/Legacy -I../Drivers/CMSIS/Device/ST/STM32H7xx/Include -I../Drivers/CMSIS/Include -O0 -ffunction-sections -fdata-sections -Wall -fstack-usage -MMD -MP -MF"Core/Src/stm32h7xx_it.d" -MT"Core/Src/stm32h7xx_it.o" --specs=nano.specs -mfpu=fpv5-d16 -mfloat-abi=hard -mthumb -o "Core/Src/stm32h7xx_it.o"
      | {                                 }
arm-none-eabi-gcc "../Core/Src/syscalls.c" -mcpu=cortex-m7 -std=gnu11 -g3 -DDEBUG -DUSE_HAL_DRIVER -DSTM32H7A3xxQ -c -I../Core/Inc -I../Drivers/STM32H7xx_HAL_Driver/Inc -I../Drivers/STM32H7xx_HAL_Driver/Inc/Legacy -I../Drivers/CMSIS/Device/ST/STM32H7xx/Include -I../Drivers/CMSIS/Include -O0 -ffunction-sections -fdata-sections -Wall -fstack-usage -MMD -MP -MF"Core/Src/syscalls.d" -MT"Core/Src/syscalls.o" --specs=nano.specs -mfpu=fpv5-d16 -mfloat-abi=hard -mthumb -o "Core/Src/syscalls.o"
   96 | 0x00, 0x3C, 0x40, 0x40, 0x20, 0x7C,// u
      | {                                 }
   97 | 0x00, 0x1C, 0x20, 0x40, 0x20, 0x1C,// v
      | {                                 }
   98 | 0x00, 0x3C, 0x40, 0x30, 0x40, 0x3C,// w
      | {                                 }
   99 | 0x00, 0x44, 0x28, 0x10, 0x28, 0x44,// x
      | {                                 }
  100 | 0x00, 0x1C, 0xA0, 0xA0, 0xA0, 0x7C,// y
      | {                                 }
  101 | 0x00, 0x44, 0x64, 0x54, 0x4C, 0x44,// z
      | {                                 }
  102 | 0x14, 0x14, 0x14, 0x14, 0x14, 0x14,// horiz lines
      | {
  103 | };
      | }
../Core/Src/oled.c: In function 'DrawBG':
../Core/Src/oled.c:306:25: warning: passing argument 5 of 'OLED_DrawBMP' discards 'const' qualifier from pointer target type [-Wdiscarded-qualifiers]
  306 |  OLED_DrawBMP(0,0,128,8,gImage_1);
      |                         ^~~~~~~~
../Core/Src/oled.c:250:103: note: expected 'unsigned char *' but argument is of type 'const unsigned char *'
  250 | void OLED_DrawBMP(unsigned char x0, unsigned char y0,unsigned char x1, unsigned char y1,unsigned char BMP[])
      |                                                                                         ~~~~~~~~~~~~~~^~~~~
../Core/Src/oled.c: In function 'DrawMouch':
../Core/Src/oled.c:309:30: warning: passing argument 5 of 'OLED_DrawBMP' discards 'const' qualifier from pointer target type [-Wdiscarded-qualifiers]
  309 |  OLED_DrawBMP(54,3,74,5,mouch[id]);
      |                         ~~~~~^~~~
../Core/Src/oled.c:250:103: note: expected 'unsigned char *' but argument is of type 'const unsigned char *'
  250 | void OLED_DrawBMP(unsigned char x0, unsigned char y0,unsigned char x1, unsigned char y1,unsigned char BMP[])
      |                                                                                         ~~~~~~~~~~~~~~^~~~~
arm-none-eabi-gcc "../Core/Src/sysmem.c" -mcpu=cortex-m7 -std=gnu11 -g3 -DDEBUG -DUSE_HAL_DRIVER -DSTM32H7A3xxQ -c -I../Core/Inc -I../Drivers/STM32H7xx_HAL_Driver/Inc -I../Drivers/STM32H7xx_HAL_Driver/Inc/Legacy -I../Drivers/CMSIS/Device/ST/STM32H7xx/Include -I../Drivers/CMSIS/Include -O0 -ffunction-sections -fdata-sections -Wall -fstack-usage -MMD -MP -MF"Core/Src/sysmem.d" -MT"Core/Src/sysmem.o" --specs=nano.specs -mfpu=fpv5-d16 -mfloat-abi=hard -mthumb -o "Core/Src/sysmem.o"
arm-none-eabi-gcc "../Core/Src/system_stm32h7xx.c" -mcpu=cortex-m7 -std=gnu11 -g3 -DDEBUG -DUSE_HAL_DRIVER -DSTM32H7A3xxQ -c -I../Core/Inc -I../Drivers/STM32H7xx_HAL_Driver/Inc -I../Drivers/STM32H7xx_HAL_Driver/Inc/Legacy -I../Drivers/CMSIS/Device/ST/STM32H7xx/Include -I../Drivers/CMSIS/Include -O0 -ffunction-sections -fdata-sections -Wall -fstack-usage -MMD -MP -MF"Core/Src/system_stm32h7xx.d" -MT"Core/Src/system_stm32h7xx.o" --specs=nano.specs -mfpu=fpv5-d16 -mfloat-abi=hard -mthumb -o "Core/Src/system_stm32h7xx.o"
arm-none-eabi-gcc "../Core/Src/tim.c" -mcpu=cortex-m7 -std=gnu11 -g3 -DDEBUG -DUSE_HAL_DRIVER -DSTM32H7A3xxQ -c -I../Core/Inc -I../Drivers/STM32H7xx_HAL_Driver/Inc -I../Drivers/STM32H7xx_HAL_Driver/Inc/Legacy -I../Drivers/CMSIS/Device/ST/STM32H7xx/Include -I../Drivers/CMSIS/Include -O0 -ffunction-sections -fdata-sections -Wall -fstack-usage -MMD -MP -MF"Core/Src/tim.d" -MT"Core/Src/tim.o" --specs=nano.specs -mfpu=fpv5-d16 -mfloat-abi=hard -mthumb -o "Core/Src/tim.o"
arm-none-eabi-gcc "../Core/Src/usart.c" -mcpu=cortex-m7 -std=gnu11 -g3 -DDEBUG -DUSE_HAL_DRIVER -DSTM32H7A3xxQ -c -I../Core/Inc -I../Drivers/STM32H7xx_HAL_Driver/Inc -I../Drivers/STM32H7xx_HAL_Driver/Inc/Legacy -I../Drivers/CMSIS/Device/ST/STM32H7xx/Include -I../Drivers/CMSIS/Include -O0 -ffunction-sections -fdata-sections -Wall -fstack-usage -MMD -MP -MF"Core/Src/usart.d" -MT"Core/Src/usart.o" --specs=nano.specs -mfpu=fpv5-d16 -mfloat-abi=hard -mthumb -o "Core/Src/usart.o"
arm-none-eabi-gcc "../Core/Src/usb_otg.c" -mcpu=cortex-m7 -std=gnu11 -g3 -DDEBUG -DUSE_HAL_DRIVER -DSTM32H7A3xxQ -c -I../Core/Inc -I../Drivers/STM32H7xx_HAL_Driver/Inc -I../Drivers/STM32H7xx_HAL_Driver/Inc/Legacy -I../Drivers/CMSIS/Device/ST/STM32H7xx/Include -I../Drivers/CMSIS/Include -O0 -ffunction-sections -fdata-sections -Wall -fstack-usage -MMD -MP -MF"Core/Src/usb_otg.d" -MT"Core/Src/usb_otg.o" --specs=nano.specs -mfpu=fpv5-d16 -mfloat-abi=hard -mthumb -o "Core/Src/usb_otg.o"
arm-none-eabi-gcc -o "oled1.elf" @"objects.list"   -mcpu=cortex-m7 -T"/Data/Workspace/smart_bookshelf/board/oled/oled1/STM32H7A3ZITXQ_FLASH.ld" --specs=nosys.specs -Wl,-Map="oled1.map" -Wl,--gc-sections -static --specs=nano.specs -mfpu=fpv5-d16 -mfloat-abi=hard -mthumb -Wl,--start-group -lc -lm -Wl,--end-group
Finished building target: oled1.elf
 
arm-none-eabi-size   oled1.elf 
arm-none-eabi-objdump -h -S  oled1.elf  > "oled1.list"
   text	   data	    bss	    dec	    hex	filename
  26432	     24	   1872	  28328	   6ea8	oled1.elf
Finished building: default.size.stdout
 
Finished building: oled1.list
 
17:02:26 **** Incremental Build of configuration Debug for project oled1 ****
make -j12 all 
arm-none-eabi-size   oled1.elf 
   text	   data	    bss	    dec	    hex	filename
  26432	     24	   1872	  28328	   6ea8	oled1.elf
Finished building: default.size.stdout
 
17:03:28 **** Incremental Build of configuration Debug for project oled1 ****
make -j12 all 
arm-none-eabi-gcc "../Core/Src/oled.c" -mcpu=cortex-m7 -std=gnu11 -g3 -DDEBUG -DUSE_HAL_DRIVER -DSTM32H7A3xxQ -c -I../Core/Inc -I../Drivers/STM32H7xx_HAL_Driver/Inc -I../Drivers/STM32H7xx_HAL_Driver/Inc/Legacy -I../Drivers/CMSIS/Device/ST/STM32H7xx/Include -I../Drivers/CMSIS/Include -O0 -ffunction-sections -fdata-sections -Wall -fstack-usage -MMD -MP -MF"Core/Src/oled.d" -MT"Core/Src/oled.o" --specs=nano.specs -mfpu=fpv5-d16 -mfloat-abi=hard -mthumb -o "Core/Src/oled.o"
In file included from ../Core/Src/oled.c:3:
../Core/Inc/oledfont.h:10:1: warning: missing braces around initializer [-Wmissing-braces]
   10 | {
      | ^
   11 | 0x00, 0x00, 0x00, 0x00, 0x00, 0x00,// sp
      | {                                 }
   12 | 0x00, 0x00, 0x00, 0x2f, 0x00, 0x00,// !
      | {                                 }
   13 | 0x00, 0x00, 0x07, 0x00, 0x07, 0x00,// "
      | {                                 }
   14 | 0x00, 0x14, 0x7f, 0x14, 0x7f, 0x14,// #
      | {                                 }
   15 | 0x00, 0x24, 0x2a, 0x7f, 0x2a, 0x12,// $
      | {                                 }
   16 | 0x00, 0x62, 0x64, 0x08, 0x13, 0x23,// %
      | {                                 }
   17 | 0x00, 0x36, 0x49, 0x55, 0x22, 0x50,// &
      | {                                 }
   18 | 0x00, 0x00, 0x05, 0x03, 0x00, 0x00,// '
      | {                                 }
   19 | 0x00, 0x00, 0x1c, 0x22, 0x41, 0x00,// (
      | {                                 }
   20 | 0x00, 0x00, 0x41, 0x22, 0x1c, 0x00,// )
      | {                                 }
   21 | 0x00, 0x14, 0x08, 0x3E, 0x08, 0x14,// *
      | {                                 }
   22 | 0x00, 0x08, 0x08, 0x3E, 0x08, 0x08,// +
      | {                                 }
   23 | 0x00, 0x00, 0x00, 0xA0, 0x60, 0x00,// ,
      | {                                 }
   24 | 0x00, 0x08, 0x08, 0x08, 0x08, 0x08,// -
      | {                                 }
   25 | 0x00, 0x00, 0x60, 0x60, 0x00, 0x00,// .
      | {                                 }
   26 | 0x00, 0x20, 0x10, 0x08, 0x04, 0x02,// /
      | {                                 }
   27 | 0x00, 0x3E, 0x51, 0x49, 0x45, 0x3E,// 0
      | {                                 }
   28 | 0x00, 0x00, 0x42, 0x7F, 0x40, 0x00,// 1
      | {                                 }
   29 | 0x00, 0x42, 0x61, 0x51, 0x49, 0x46,// 2
      | {                                 }
   30 | 0x00, 0x21, 0x41, 0x45, 0x4B, 0x31,// 3
      | {                                 }
   31 | 0x00, 0x18, 0x14, 0x12, 0x7F, 0x10,// 4
      | {                                 }
   32 | 0x00, 0x27, 0x45, 0x45, 0x45, 0x39,// 5
      | {                                 }
   33 | 0x00, 0x3C, 0x4A, 0x49, 0x49, 0x30,// 6
      | {                                 }
   34 | 0x00, 0x01, 0x71, 0x09, 0x05, 0x03,// 7
      | {                                 }
   35 | 0x00, 0x36, 0x49, 0x49, 0x49, 0x36,// 8
      | {                                 }
   36 | 0x00, 0x06, 0x49, 0x49, 0x29, 0x1E,// 9
      | {                                 }
   37 | 0x00, 0x00, 0x36, 0x36, 0x00, 0x00,// :
      | {                                 }
   38 | 0x00, 0x00, 0x56, 0x36, 0x00, 0x00,// ;
      | {                                 }
   39 | 0x00, 0x08, 0x14, 0x22, 0x41, 0x00,// <
      | {                                 }
   40 | 0x00, 0x14, 0x14, 0x14, 0x14, 0x14,// =
      | {                                 }
   41 | 0x00, 0x00, 0x41, 0x22, 0x14, 0x08,// >
      | {                                 }
   42 | 0x00, 0x02, 0x01, 0x51, 0x09, 0x06,// ?
      | {                                 }
   43 | 0x00, 0x32, 0x49, 0x59, 0x51, 0x3E,// @
      | {                                 }
   44 | 0x00, 0x7C, 0x12, 0x11, 0x12, 0x7C,// A
      | {                                 }
   45 | 0x00, 0x7F, 0x49, 0x49, 0x49, 0x36,// B
      | {                                 }
   46 | 0x00, 0x3E, 0x41, 0x41, 0x41, 0x22,// C
      | {                                 }
   47 | 0x00, 0x7F, 0x41, 0x41, 0x22, 0x1C,// D
      | {                                 }
   48 | 0x00, 0x7F, 0x49, 0x49, 0x49, 0x41,// E
      | {                                 }
   49 | 0x00, 0x7F, 0x09, 0x09, 0x09, 0x01,// F
      | {                                 }
   50 | 0x00, 0x3E, 0x41, 0x49, 0x49, 0x7A,// G
      | {                                 }
   51 | 0x00, 0x7F, 0x08, 0x08, 0x08, 0x7F,// H
      | {                                 }
   52 | 0x00, 0x00, 0x41, 0x7F, 0x41, 0x00,// I
      | {                                 }
   53 | 0x00, 0x20, 0x40, 0x41, 0x3F, 0x01,// J
      | {                                 }
   54 | 0x00, 0x7F, 0x08, 0x14, 0x22, 0x41,// K
      | {                                 }
   55 | 0x00, 0x7F, 0x40, 0x40, 0x40, 0x40,// L
      | {                                 }
   56 | 0x00, 0x7F, 0x02, 0x0C, 0x02, 0x7F,// M
      | {                                 }
   57 | 0x00, 0x7F, 0x04, 0x08, 0x10, 0x7F,// N
      | {                                 }
   58 | 0x00, 0x3E, 0x41, 0x41, 0x41, 0x3E,// O
      | {                                 }
   59 | 0x00, 0x7F, 0x09, 0x09, 0x09, 0x06,// P
      | {                                 }
   60 | 0x00, 0x3E, 0x41, 0x51, 0x21, 0x5E,// Q
      | {                                 }
   61 | 0x00, 0x7F, 0x09, 0x19, 0x29, 0x46,// R
      | {                                 }
   62 | 0x00, 0x46, 0x49, 0x49, 0x49, 0x31,// S
      | {                                 }
   63 | 0x00, 0x01, 0x01, 0x7F, 0x01, 0x01,// T
      | {                                 }
   64 | 0x00, 0x3F, 0x40, 0x40, 0x40, 0x3F,// U
      | {                                 }
   65 | 0x00, 0x1F, 0x20, 0x40, 0x20, 0x1F,// V
      | {                                 }
   66 | 0x00, 0x3F, 0x40, 0x38, 0x40, 0x3F,// W
      | {                                 }
   67 | 0x00, 0x63, 0x14, 0x08, 0x14, 0x63,// X
      | {                                 }
   68 | 0x00, 0x07, 0x08, 0x70, 0x08, 0x07,// Y
      | {                                 }
   69 | 0x00, 0x61, 0x51, 0x49, 0x45, 0x43,// Z
      | {                                 }
   70 | 0x00, 0x00, 0x7F, 0x41, 0x41, 0x00,// [
      | {                                 }
   71 | 0x00, 0x55, 0x2A, 0x55, 0x2A, 0x55,// 55
      | {                                 }
   72 | 0x00, 0x00, 0x41, 0x41, 0x7F, 0x00,// ]
      | {                                 }
   73 | 0x00, 0x04, 0x02, 0x01, 0x02, 0x04,// ^
      | {                                 }
   74 | 0x00, 0x40, 0x40, 0x40, 0x40, 0x40,// _
      | {                                 }
   75 | 0x00, 0x00, 0x01, 0x02, 0x04, 0x00,// '
      | {                                 }
   76 | 0x00, 0x20, 0x54, 0x54, 0x54, 0x78,// a
      | {                                 }
   77 | 0x00, 0x7F, 0x48, 0x44, 0x44, 0x38,// b
      | {                                 }
   78 | 0x00, 0x38, 0x44, 0x44, 0x44, 0x20,// c
      | {                                 }
   79 | 0x00, 0x38, 0x44, 0x44, 0x48, 0x7F,// d
      | {                                 }
   80 | 0x00, 0x38, 0x54, 0x54, 0x54, 0x18,// e
      | {                                 }
   81 | 0x00, 0x08, 0x7E, 0x09, 0x01, 0x02,// f
      | {                                 }
   82 | 0x00, 0x18, 0xA4, 0xA4, 0xA4, 0x7C,// g
      | {                                 }
   83 | 0x00, 0x7F, 0x08, 0x04, 0x04, 0x78,// h
      | {                                 }
   84 | 0x00, 0x00, 0x44, 0x7D, 0x40, 0x00,// i
      | {                                 }
   85 | 0x00, 0x40, 0x80, 0x84, 0x7D, 0x00,// j
      | {                                 }
   86 | 0x00, 0x7F, 0x10, 0x28, 0x44, 0x00,// k
      | {                                 }
   87 | 0x00, 0x00, 0x41, 0x7F, 0x40, 0x00,// l
      | {                                 }
   88 | 0x00, 0x7C, 0x04, 0x18, 0x04, 0x78,// m
      | {                                 }
   89 | 0x00, 0x7C, 0x08, 0x04, 0x04, 0x78,// n
      | {                                 }
   90 | 0x00, 0x38, 0x44, 0x44, 0x44, 0x38,// o
      | {                                 }
   91 | 0x00, 0xFC, 0x24, 0x24, 0x24, 0x18,// p
      | {                                 }
   92 | 0x00, 0x18, 0x24, 0x24, 0x18, 0xFC,// q
      | {                                 }
   93 | 0x00, 0x7C, 0x08, 0x04, 0x04, 0x08,// r
      | {                                 }
   94 | 0x00, 0x48, 0x54, 0x54, 0x54, 0x20,// s
      | {                                 }
   95 | 0x00, 0x04, 0x3F, 0x44, 0x40, 0x20,// t
      | {                                 }
   96 | 0x00, 0x3C, 0x40, 0x40, 0x20, 0x7C,// u
      | {                                 }
   97 | 0x00, 0x1C, 0x20, 0x40, 0x20, 0x1C,// v
      | {                                 }
   98 | 0x00, 0x3C, 0x40, 0x30, 0x40, 0x3C,// w
      | {                                 }
   99 | 0x00, 0x44, 0x28, 0x10, 0x28, 0x44,// x
      | {                                 }
  100 | 0x00, 0x1C, 0xA0, 0xA0, 0xA0, 0x7C,// y
      | {                                 }
  101 | 0x00, 0x44, 0x64, 0x54, 0x4C, 0x44,// z
      | {                                 }
  102 | 0x14, 0x14, 0x14, 0x14, 0x14, 0x14,// horiz lines
      | {
  103 | };
      | }
../Core/Src/oled.c: In function 'DrawBG':
../Core/Src/oled.c:306:25: warning: passing argument 5 of 'OLED_DrawBMP' discards 'const' qualifier from pointer target type [-Wdiscarded-qualifiers]
  306 |  OLED_DrawBMP(0,0,128,8,gImage_1);
      |                         ^~~~~~~~
../Core/Src/oled.c:250:103: note: expected 'unsigned char *' but argument is of type 'const unsigned char *'
  250 | void OLED_DrawBMP(unsigned char x0, unsigned char y0,unsigned char x1, unsigned char y1,unsigned char BMP[])
      |                                                                                         ~~~~~~~~~~~~~~^~~~~
../Core/Src/oled.c: In function 'DrawMouch':
../Core/Src/oled.c:310:30: warning: passing argument 5 of 'OLED_DrawBMP' discards 'const' qualifier from pointer target type [-Wdiscarded-qualifiers]
  310 |  OLED_DrawBMP(54,3,74,5,mouch[id]);
      |                         ~~~~~^~~~
../Core/Src/oled.c:250:103: note: expected 'unsigned char *' but argument is of type 'const unsigned char *'
  250 | void OLED_DrawBMP(unsigned char x0, unsigned char y0,unsigned char x1, unsigned char y1,unsigned char BMP[])
      |                                                                                         ~~~~~~~~~~~~~~^~~~~
arm-none-eabi-gcc -o "oled1.elf" @"objects.list"   -mcpu=cortex-m7 -T"/Data/Workspace/smart_bookshelf/board/oled/oled1/STM32H7A3ZITXQ_FLASH.ld" --specs=nosys.specs -Wl,-Map="oled1.map" -Wl,--gc-sections -static --specs=nano.specs -mfpu=fpv5-d16 -mfloat-abi=hard -mthumb -Wl,--start-group -lc -lm -Wl,--end-group
Finished building target: oled1.elf
 
arm-none-eabi-size   oled1.elf 
arm-none-eabi-objdump -h -S  oled1.elf  > "oled1.list"
   text	   data	    bss	    dec	    hex	filename
  26436	     24	   1872	  28332	   6eac	oled1.elf
Finished building: default.size.stdout
 
Finished building: oled1.list
 
17:03:43 **** Incremental Build of configuration Debug for project oled1 ****
make -j12 all 
arm-none-eabi-gcc "../Core/Src/oled.c" -mcpu=cortex-m7 -std=gnu11 -g3 -DDEBUG -DUSE_HAL_DRIVER -DSTM32H7A3xxQ -c -I../Core/Inc -I../Drivers/STM32H7xx_HAL_Driver/Inc -I../Drivers/STM32H7xx_HAL_Driver/Inc/Legacy -I../Drivers/CMSIS/Device/ST/STM32H7xx/Include -I../Drivers/CMSIS/Include -O0 -ffunction-sections -fdata-sections -Wall -fstack-usage -MMD -MP -MF"Core/Src/oled.d" -MT"Core/Src/oled.o" --specs=nano.specs -mfpu=fpv5-d16 -mfloat-abi=hard -mthumb -o "Core/Src/oled.o"
In file included from ../Core/Src/oled.c:3:
../Core/Inc/oledfont.h:10:1: warning: missing braces around initializer [-Wmissing-braces]
   10 | {
      | ^
   11 | 0x00, 0x00, 0x00, 0x00, 0x00, 0x00,// sp
      | {                                 }
   12 | 0x00, 0x00, 0x00, 0x2f, 0x00, 0x00,// !
      | {                                 }
   13 | 0x00, 0x00, 0x07, 0x00, 0x07, 0x00,// "
      | {                                 }
   14 | 0x00, 0x14, 0x7f, 0x14, 0x7f, 0x14,// #
      | {                                 }
   15 | 0x00, 0x24, 0x2a, 0x7f, 0x2a, 0x12,// $
      | {                                 }
   16 | 0x00, 0x62, 0x64, 0x08, 0x13, 0x23,// %
      | {                                 }
   17 | 0x00, 0x36, 0x49, 0x55, 0x22, 0x50,// &
      | {                                 }
   18 | 0x00, 0x00, 0x05, 0x03, 0x00, 0x00,// '
      | {                                 }
   19 | 0x00, 0x00, 0x1c, 0x22, 0x41, 0x00,// (
      | {                                 }
   20 | 0x00, 0x00, 0x41, 0x22, 0x1c, 0x00,// )
      | {                                 }
   21 | 0x00, 0x14, 0x08, 0x3E, 0x08, 0x14,// *
      | {                                 }
   22 | 0x00, 0x08, 0x08, 0x3E, 0x08, 0x08,// +
      | {                                 }
   23 | 0x00, 0x00, 0x00, 0xA0, 0x60, 0x00,// ,
      | {                                 }
   24 | 0x00, 0x08, 0x08, 0x08, 0x08, 0x08,// -
      | {                                 }
   25 | 0x00, 0x00, 0x60, 0x60, 0x00, 0x00,// .
      | {                                 }
   26 | 0x00, 0x20, 0x10, 0x08, 0x04, 0x02,// /
      | {                                 }
   27 | 0x00, 0x3E, 0x51, 0x49, 0x45, 0x3E,// 0
      | {                                 }
   28 | 0x00, 0x00, 0x42, 0x7F, 0x40, 0x00,// 1
      | {                                 }
   29 | 0x00, 0x42, 0x61, 0x51, 0x49, 0x46,// 2
      | {                                 }
   30 | 0x00, 0x21, 0x41, 0x45, 0x4B, 0x31,// 3
      | {                                 }
   31 | 0x00, 0x18, 0x14, 0x12, 0x7F, 0x10,// 4
      | {                                 }
   32 | 0x00, 0x27, 0x45, 0x45, 0x45, 0x39,// 5
      | {                                 }
   33 | 0x00, 0x3C, 0x4A, 0x49, 0x49, 0x30,// 6
      | {                                 }
   34 | 0x00, 0x01, 0x71, 0x09, 0x05, 0x03,// 7
      | {                                 }
   35 | 0x00, 0x36, 0x49, 0x49, 0x49, 0x36,// 8
      | {                                 }
   36 | 0x00, 0x06, 0x49, 0x49, 0x29, 0x1E,// 9
      | {                                 }
   37 | 0x00, 0x00, 0x36, 0x36, 0x00, 0x00,// :
      | {                                 }
   38 | 0x00, 0x00, 0x56, 0x36, 0x00, 0x00,// ;
      | {                                 }
   39 | 0x00, 0x08, 0x14, 0x22, 0x41, 0x00,// <
      | {                                 }
   40 | 0x00, 0x14, 0x14, 0x14, 0x14, 0x14,// =
      | {                                 }
   41 | 0x00, 0x00, 0x41, 0x22, 0x14, 0x08,// >
      | {                                 }
   42 | 0x00, 0x02, 0x01, 0x51, 0x09, 0x06,// ?
      | {                                 }
   43 | 0x00, 0x32, 0x49, 0x59, 0x51, 0x3E,// @
      | {                                 }
   44 | 0x00, 0x7C, 0x12, 0x11, 0x12, 0x7C,// A
      | {                                 }
   45 | 0x00, 0x7F, 0x49, 0x49, 0x49, 0x36,// B
      | {                                 }
   46 | 0x00, 0x3E, 0x41, 0x41, 0x41, 0x22,// C
      | {                                 }
   47 | 0x00, 0x7F, 0x41, 0x41, 0x22, 0x1C,// D
      | {                                 }
   48 | 0x00, 0x7F, 0x49, 0x49, 0x49, 0x41,// E
      | {                                 }
   49 | 0x00, 0x7F, 0x09, 0x09, 0x09, 0x01,// F
      | {                                 }
   50 | 0x00, 0x3E, 0x41, 0x49, 0x49, 0x7A,// G
      | {                                 }
   51 | 0x00, 0x7F, 0x08, 0x08, 0x08, 0x7F,// H
      | {                                 }
   52 | 0x00, 0x00, 0x41, 0x7F, 0x41, 0x00,// I
      | {                                 }
   53 | 0x00, 0x20, 0x40, 0x41, 0x3F, 0x01,// J
      | {                                 }
   54 | 0x00, 0x7F, 0x08, 0x14, 0x22, 0x41,// K
      | {                                 }
   55 | 0x00, 0x7F, 0x40, 0x40, 0x40, 0x40,// L
      | {                                 }
   56 | 0x00, 0x7F, 0x02, 0x0C, 0x02, 0x7F,// M
      | {                                 }
   57 | 0x00, 0x7F, 0x04, 0x08, 0x10, 0x7F,// N
      | {                                 }
   58 | 0x00, 0x3E, 0x41, 0x41, 0x41, 0x3E,// O
      | {                                 }
   59 | 0x00, 0x7F, 0x09, 0x09, 0x09, 0x06,// P
      | {                                 }
   60 | 0x00, 0x3E, 0x41, 0x51, 0x21, 0x5E,// Q
      | {                                 }
   61 | 0x00, 0x7F, 0x09, 0x19, 0x29, 0x46,// R
      | {                                 }
   62 | 0x00, 0x46, 0x49, 0x49, 0x49, 0x31,// S
      | {                                 }
   63 | 0x00, 0x01, 0x01, 0x7F, 0x01, 0x01,// T
      | {                                 }
   64 | 0x00, 0x3F, 0x40, 0x40, 0x40, 0x3F,// U
      | {                                 }
   65 | 0x00, 0x1F, 0x20, 0x40, 0x20, 0x1F,// V
      | {                                 }
   66 | 0x00, 0x3F, 0x40, 0x38, 0x40, 0x3F,// W
      | {                                 }
   67 | 0x00, 0x63, 0x14, 0x08, 0x14, 0x63,// X
      | {                                 }
   68 | 0x00, 0x07, 0x08, 0x70, 0x08, 0x07,// Y
      | {                                 }
   69 | 0x00, 0x61, 0x51, 0x49, 0x45, 0x43,// Z
      | {                                 }
   70 | 0x00, 0x00, 0x7F, 0x41, 0x41, 0x00,// [
      | {                                 }
   71 | 0x00, 0x55, 0x2A, 0x55, 0x2A, 0x55,// 55
      | {                                 }
   72 | 0x00, 0x00, 0x41, 0x41, 0x7F, 0x00,// ]
      | {                                 }
   73 | 0x00, 0x04, 0x02, 0x01, 0x02, 0x04,// ^
      | {                                 }
   74 | 0x00, 0x40, 0x40, 0x40, 0x40, 0x40,// _
      | {                                 }
   75 | 0x00, 0x00, 0x01, 0x02, 0x04, 0x00,// '
      | {                                 }
   76 | 0x00, 0x20, 0x54, 0x54, 0x54, 0x78,// a
      | {                                 }
   77 | 0x00, 0x7F, 0x48, 0x44, 0x44, 0x38,// b
      | {                                 }
   78 | 0x00, 0x38, 0x44, 0x44, 0x44, 0x20,// c
      | {                                 }
   79 | 0x00, 0x38, 0x44, 0x44, 0x48, 0x7F,// d
      | {                                 }
   80 | 0x00, 0x38, 0x54, 0x54, 0x54, 0x18,// e
      | {                                 }
   81 | 0x00, 0x08, 0x7E, 0x09, 0x01, 0x02,// f
      | {                                 }
   82 | 0x00, 0x18, 0xA4, 0xA4, 0xA4, 0x7C,// g
      | {                                 }
   83 | 0x00, 0x7F, 0x08, 0x04, 0x04, 0x78,// h
      | {                                 }
   84 | 0x00, 0x00, 0x44, 0x7D, 0x40, 0x00,// i
      | {                                 }
   85 | 0x00, 0x40, 0x80, 0x84, 0x7D, 0x00,// j
      | {                                 }
   86 | 0x00, 0x7F, 0x10, 0x28, 0x44, 0x00,// k
      | {                                 }
   87 | 0x00, 0x00, 0x41, 0x7F, 0x40, 0x00,// l
      | {                                 }
   88 | 0x00, 0x7C, 0x04, 0x18, 0x04, 0x78,// m
      | {                                 }
   89 | 0x00, 0x7C, 0x08, 0x04, 0x04, 0x78,// n
      | {                                 }
   90 | 0x00, 0x38, 0x44, 0x44, 0x44, 0x38,// o
      | {                                 }
   91 | 0x00, 0xFC, 0x24, 0x24, 0x24, 0x18,// p
      | {                                 }
   92 | 0x00, 0x18, 0x24, 0x24, 0x18, 0xFC,// q
      | {                                 }
   93 | 0x00, 0x7C, 0x08, 0x04, 0x04, 0x08,// r
      | {                                 }
   94 | 0x00, 0x48, 0x54, 0x54, 0x54, 0x20,// s
      | {                                 }
   95 | 0x00, 0x04, 0x3F, 0x44, 0x40, 0x20,// t
      | {                                 }
   96 | 0x00, 0x3C, 0x40, 0x40, 0x20, 0x7C,// u
      | {                                 }
   97 | 0x00, 0x1C, 0x20, 0x40, 0x20, 0x1C,// v
      | {                                 }
   98 | 0x00, 0x3C, 0x40, 0x30, 0x40, 0x3C,// w
      | {                                 }
   99 | 0x00, 0x44, 0x28, 0x10, 0x28, 0x44,// x
      | {                                 }
  100 | 0x00, 0x1C, 0xA0, 0xA0, 0xA0, 0x7C,// y
      | {                                 }
  101 | 0x00, 0x44, 0x64, 0x54, 0x4C, 0x44,// z
      | {                                 }
  102 | 0x14, 0x14, 0x14, 0x14, 0x14, 0x14,// horiz lines
      | {
  103 | };
      | }
../Core/Src/oled.c: In function 'DrawBG':
../Core/Src/oled.c:306:25: warning: passing argument 5 of 'OLED_DrawBMP' discards 'const' qualifier from pointer target type [-Wdiscarded-qualifiers]
  306 |  OLED_DrawBMP(0,0,128,8,gImage_1);
      |                         ^~~~~~~~
../Core/Src/oled.c:250:103: note: expected 'unsigned char *' but argument is of type 'const unsigned char *'
  250 | void OLED_DrawBMP(unsigned char x0, unsigned char y0,unsigned char x1, unsigned char y1,unsigned char BMP[])
      |                                                                                         ~~~~~~~~~~~~~~^~~~~
../Core/Src/oled.c: In function 'DrawMouch':
../Core/Src/oled.c:310:30: warning: passing argument 5 of 'OLED_DrawBMP' discards 'const' qualifier from pointer target type [-Wdiscarded-qualifiers]
  310 |  OLED_DrawBMP(54,3,74,5,mouch[id]);
      |                         ~~~~~^~~~
../Core/Src/oled.c:250:103: note: expected 'unsigned char *' but argument is of type 'const unsigned char *'
  250 | void OLED_DrawBMP(unsigned char x0, unsigned char y0,unsigned char x1, unsigned char y1,unsigned char BMP[])
      |                                                                                         ~~~~~~~~~~~~~~^~~~~
arm-none-eabi-gcc -o "oled1.elf" @"objects.list"   -mcpu=cortex-m7 -T"/Data/Workspace/smart_bookshelf/board/oled/oled1/STM32H7A3ZITXQ_FLASH.ld" --specs=nosys.specs -Wl,-Map="oled1.map" -Wl,--gc-sections -static --specs=nano.specs -mfpu=fpv5-d16 -mfloat-abi=hard -mthumb -Wl,--start-group -lc -lm -Wl,--end-group
Finished building target: oled1.elf
 
arm-none-eabi-size   oled1.elf 
arm-none-eabi-objdump -h -S  oled1.elf  > "oled1.list"
   text	   data	    bss	    dec	    hex	filename
  26432	     24	   1872	  28328	   6ea8	oled1.elf
Finished building: default.size.stdout
 
Finished building: oled1.list
 
17:13:41 **** Incremental Build of configuration Debug for project oled1 ****
make -j12 all 
arm-none-eabi-gcc "../Core/Src/main.c" -mcpu=cortex-m7 -std=gnu11 -g3 -DDEBUG -DUSE_HAL_DRIVER -DSTM32H7A3xxQ -c -I../Core/Inc -I../Drivers/STM32H7xx_HAL_Driver/Inc -I../Drivers/STM32H7xx_HAL_Driver/Inc/Legacy -I../Drivers/CMSIS/Device/ST/STM32H7xx/Include -I../Drivers/CMSIS/Include -O0 -ffunction-sections -fdata-sections -Wall -fstack-usage -MMD -MP -MF"Core/Src/main.d" -MT"Core/Src/main.o" --specs=nano.specs -mfpu=fpv5-d16 -mfloat-abi=hard -mthumb -o "Core/Src/main.o"
arm-none-eabi-gcc "../Core/Src/oled.c" -mcpu=cortex-m7 -std=gnu11 -g3 -DDEBUG -DUSE_HAL_DRIVER -DSTM32H7A3xxQ -c -I../Core/Inc -I../Drivers/STM32H7xx_HAL_Driver/Inc -I../Drivers/STM32H7xx_HAL_Driver/Inc/Legacy -I../Drivers/CMSIS/Device/ST/STM32H7xx/Include -I../Drivers/CMSIS/Include -O0 -ffunction-sections -fdata-sections -Wall -fstack-usage -MMD -MP -MF"Core/Src/oled.d" -MT"Core/Src/oled.o" --specs=nano.specs -mfpu=fpv5-d16 -mfloat-abi=hard -mthumb -o "Core/Src/oled.o"
arm-none-eabi-gcc "../Core/Src/stm32h7xx_it.c" -mcpu=cortex-m7 -std=gnu11 -g3 -DDEBUG -DUSE_HAL_DRIVER -DSTM32H7A3xxQ -c -I../Core/Inc -I../Drivers/STM32H7xx_HAL_Driver/Inc -I../Drivers/STM32H7xx_HAL_Driver/Inc/Legacy -I../Drivers/CMSIS/Device/ST/STM32H7xx/Include -I../Drivers/CMSIS/Include -O0 -ffunction-sections -fdata-sections -Wall -fstack-usage -MMD -MP -MF"Core/Src/stm32h7xx_it.d" -MT"Core/Src/stm32h7xx_it.o" --specs=nano.specs -mfpu=fpv5-d16 -mfloat-abi=hard -mthumb -o "Core/Src/stm32h7xx_it.o"
In file included from ../Core/Src/oled.c:3:
../Core/Inc/oledfont.h:10:1: warning: missing braces around initializer [-Wmissing-braces]
   10 | {
      | ^
   11 | 0x00, 0x00, 0x00, 0x00, 0x00, 0x00,// sp
      | {                                 }
   12 | 0x00, 0x00, 0x00, 0x2f, 0x00, 0x00,// !
      | {                                 }
   13 | 0x00, 0x00, 0x07, 0x00, 0x07, 0x00,// "
      | {                                 }
   14 | 0x00, 0x14, 0x7f, 0x14, 0x7f, 0x14,// #
      | {                                 }
   15 | 0x00, 0x24, 0x2a, 0x7f, 0x2a, 0x12,// $
      | {                                 }
   16 | 0x00, 0x62, 0x64, 0x08, 0x13, 0x23,// %
      | {                                 }
   17 | 0x00, 0x36, 0x49, 0x55, 0x22, 0x50,// &
      | {                                 }
   18 | 0x00, 0x00, 0x05, 0x03, 0x00, 0x00,// '
      | {                                 }
   19 | 0x00, 0x00, 0x1c, 0x22, 0x41, 0x00,// (
      | {                                 }
   20 | 0x00, 0x00, 0x41, 0x22, 0x1c, 0x00,// )
      | {                                 }
   21 | 0x00, 0x14, 0x08, 0x3E, 0x08, 0x14,// *
      | {                                 }
   22 | 0x00, 0x08, 0x08, 0x3E, 0x08, 0x08,// +
      | {                                 }
   23 | 0x00, 0x00, 0x00, 0xA0, 0x60, 0x00,// ,
      | {                                 }
   24 | 0x00, 0x08, 0x08, 0x08, 0x08, 0x08,// -
      | {                                 }
   25 | 0x00, 0x00, 0x60, 0x60, 0x00, 0x00,// .
      | {                                 }
   26 | 0x00, 0x20, 0x10, 0x08, 0x04, 0x02,// /
      | {                                 }
   27 | 0x00, 0x3E, 0x51, 0x49, 0x45, 0x3E,// 0
      | {                                 }
   28 | 0x00, 0x00, 0x42, 0x7F, 0x40, 0x00,// 1
      | {                                 }
   29 | 0x00, 0x42, 0x61, 0x51, 0x49, 0x46,// 2
      | {                                 }
   30 | 0x00, 0x21, 0x41, 0x45, 0x4B, 0x31,// 3
      | {                                 }
   31 | 0x00, 0x18, 0x14, 0x12, 0x7F, 0x10,// 4
      | {                                 }
   32 | 0x00, 0x27, 0x45, 0x45, 0x45, 0x39,// 5
      | {                                 }
   33 | 0x00, 0x3C, 0x4A, 0x49, 0x49, 0x30,// 6
      | {                                 }
   34 | 0x00, 0x01, 0x71, 0x09, 0x05, 0x03,// 7
      | {                                 }
   35 | 0x00, 0x36, 0x49, 0x49, 0x49, 0x36,// 8
      | {                                 }
   36 | 0x00, 0x06, 0x49, 0x49, 0x29, 0x1E,// 9
      | {                                 }
   37 | 0x00, 0x00, 0x36, 0x36, 0x00, 0x00,// :
      | {                                 }
   38 | 0x00, 0x00, 0x56, 0x36, 0x00, 0x00,// ;
      | {                                 }
   39 | 0x00, 0x08, 0x14, 0x22, 0x41, 0x00,// <
      | {                                 }
   40 | 0x00, 0x14, 0x14, 0x14, 0x14, 0x14,// =
      | {                                 }
   41 | 0x00, 0x00, 0x41, 0x22, 0x14, 0x08,// >
      | {                                 }
   42 | 0x00, 0x02, 0x01, 0x51, 0x09, 0x06,// ?
      | {                                 }
   43 | 0x00, 0x32, 0x49, 0x59, 0x51, 0x3E,// @
      | {                                 }
   44 | 0x00, 0x7C, 0x12, 0x11, 0x12, 0x7C,// A
      | {                                 }
   45 | 0x00, 0x7F, 0x49, 0x49, 0x49, 0x36,// B
      | {                                 }
   46 | 0x00, 0x3E, 0x41, 0x41, 0x41, 0x22,// C
      | {                                 }
   47 | 0x00, 0x7F, 0x41, 0x41, 0x22, 0x1C,// D
      | {                                 }
   48 | 0x00, 0x7F, 0x49, 0x49, 0x49, 0x41,// E
      | {                                 }
   49 | 0x00, 0x7F, 0x09, 0x09, 0x09, 0x01,// F
      | {                                 }
   50 | 0x00, 0x3E, 0x41, 0x49, 0x49, 0x7A,// G
      | {                                 }
   51 | 0x00, 0x7F, 0x08, 0x08, 0x08, 0x7F,// H
      | {                                 }
   52 | 0x00, 0x00, 0x41, 0x7F, 0x41, 0x00,// I
      | {                                 }
   53 | 0x00, 0x20, 0x40, 0x41, 0x3F, 0x01,// J
      | {                                 }
   54 | 0x00, 0x7F, 0x08, 0x14, 0x22, 0x41,// K
      | {                                 }
   55 | 0x00, 0x7F, 0x40, 0x40, 0x40, 0x40,// L
      | {                                 }
   56 | 0x00, 0x7F, 0x02, 0x0C, 0x02, 0x7F,// M
      | {                                 }
   57 | 0x00, 0x7F, 0x04, 0x08, 0x10, 0x7F,// N
      | {                                 }
   58 | 0x00, 0x3E, 0x41, 0x41, 0x41, 0x3E,// O
      | {                                 }
   59 | 0x00, 0x7F, 0x09, 0x09, 0x09, 0x06,// P
      | {                                 }
   60 | 0x00, 0x3E, 0x41, 0x51, 0x21, 0x5E,// Q
      | {                                 }
   61 | 0x00, 0x7F, 0x09, 0x19, 0x29, 0x46,// R
      | {                                 }
   62 | 0x00, 0x46, 0x49, 0x49, 0x49, 0x31,// S
      | {                                 }
   63 | 0x00, 0x01, 0x01, 0x7F, 0x01, 0x01,// T
      | {                                 }
   64 | 0x00, 0x3F, 0x40, 0x40, 0x40, 0x3F,// U
      | {                                 }
   65 | 0x00, 0x1F, 0x20, 0x40, 0x20, 0x1F,// V
      | {                                 }
   66 | 0x00, 0x3F, 0x40, 0x38, 0x40, 0x3F,// W
      | {                                 }
   67 | 0x00, 0x63, 0x14, 0x08, 0x14, 0x63,// X
      | {                                 }
   68 | 0x00, 0x07, 0x08, 0x70, 0x08, 0x07,// Y
      | {                                 }
   69 | 0x00, 0x61, 0x51, 0x49, 0x45, 0x43,// Z
      | {                                 }
   70 | 0x00, 0x00, 0x7F, 0x41, 0x41, 0x00,// [
      | {                                 }
   71 | 0x00, 0x55, 0x2A, 0x55, 0x2A, 0x55,// 55
      | {                                 }
   72 | 0x00, 0x00, 0x41, 0x41, 0x7F, 0x00,// ]
      | {                                 }
   73 | 0x00, 0x04, 0x02, 0x01, 0x02, 0x04,// ^
      | {                                 }
   74 | 0x00, 0x40, 0x40, 0x40, 0x40, 0x40,// _
      | {                                 }
   75 | 0x00, 0x00, 0x01, 0x02, 0x04, 0x00,// '
      | {                                 }
   76 | 0x00, 0x20, 0x54, 0x54, 0x54, 0x78,// a
      | {                                 }
   77 | 0x00, 0x7F, 0x48, 0x44, 0x44, 0x38,// b
      | {                                 }
   78 | 0x00, 0x38, 0x44, 0x44, 0x44, 0x20,// c
      | {                                 }
   79 | 0x00, 0x38, 0x44, 0x44, 0x48, 0x7F,// d
      | {                                 }
   80 | 0x00, 0x38, 0x54, 0x54, 0x54, 0x18,// e
      | {                                 }
   81 | 0x00, 0x08, 0x7E, 0x09, 0x01, 0x02,// f
      | {                                 }
   82 | 0x00, 0x18, 0xA4, 0xA4, 0xA4, 0x7C,// g
      | {                                 }
   83 | 0x00, 0x7F, 0x08, 0x04, 0x04, 0x78,// h
      | {                                 }
   84 | 0x00, 0x00, 0x44, 0x7D, 0x40, 0x00,// i
      | {                                 }
   85 | 0x00, 0x40, 0x80, 0x84, 0x7D, 0x00,// j
      | {                                 }
   86 | 0x00, 0x7F, 0x10, 0x28, 0x44, 0x00,// k
      | {                                 }
   87 | 0x00, 0x00, 0x41, 0x7F, 0x40, 0x00,// l
      | {                                 }
   88 | 0x00, 0x7C, 0x04, 0x18, 0x04, 0x78,// m
      | {                                 }
   89 | 0x00, 0x7C, 0x08, 0x04, 0x04, 0x78,// n
      | {                                 }
   90 | 0x00, 0x38, 0x44, 0x44, 0x44, 0x38,// o
      | {                                 }
   91 | 0x00, 0xFC, 0x24, 0x24, 0x24, 0x18,// p
      | {                                 }
   92 | 0x00, 0x18, 0x24, 0x24, 0x18, 0xFC,// q
      | {                                 }
   93 | 0x00, 0x7C, 0x08, 0x04, 0x04, 0x08,// r
      | {                                 }
   94 | 0x00, 0x48, 0x54, 0x54, 0x54, 0x20,// s
      | {                                 }
   95 | 0x00, 0x04, 0x3F, 0x44, 0x40, 0x20,// t
      | {                                 }
   96 | 0x00, 0x3C, 0x40, 0x40, 0x20, 0x7C,// u
      | {                                 }
   97 | 0x00, 0x1C, 0x20, 0x40, 0x20, 0x1C,// v
      | {                                 }
   98 | 0x00, 0x3C, 0x40, 0x30, 0x40, 0x3C,// w
      | {                                 }
   99 | 0x00, 0x44, 0x28, 0x10, 0x28, 0x44,// x
      | {                                 }
  100 | 0x00, 0x1C, 0xA0, 0xA0, 0xA0, 0x7C,// y
      | {                                 }
  101 | 0x00, 0x44, 0x64, 0x54, 0x4C, 0x44,// z
      | {                                 }
  102 | 0x14, 0x14, 0x14, 0x14, 0x14, 0x14,// horiz lines
      | {
  103 | };
      | }
../Core/Src/oled.c: In function 'DrawBG':
../Core/Src/oled.c:306:25: warning: passing argument 5 of 'OLED_DrawBMP' discards 'const' qualifier from pointer target type [-Wdiscarded-qualifiers]
  306 |  OLED_DrawBMP(0,0,128,8,gImage_1);
      |                         ^~~~~~~~
../Core/Src/oled.c:250:103: note: expected 'unsigned char *' but argument is of type 'const unsigned char *'
  250 | void OLED_DrawBMP(unsigned char x0, unsigned char y0,unsigned char x1, unsigned char y1,unsigned char BMP[])
      |                                                                                         ~~~~~~~~~~~~~~^~~~~
../Core/Src/oled.c: In function 'DrawMouch':
../Core/Src/oled.c:310:30: warning: passing argument 5 of 'OLED_DrawBMP' discards 'const' qualifier from pointer target type [-Wdiscarded-qualifiers]
  310 |  OLED_DrawBMP(54,3,74,5,mouch[id]);
      |                         ~~~~~^~~~
../Core/Src/oled.c:250:103: note: expected 'unsigned char *' but argument is of type 'const unsigned char *'
  250 | void OLED_DrawBMP(unsigned char x0, unsigned char y0,unsigned char x1, unsigned char y1,unsigned char BMP[])
      |                                                                                         ~~~~~~~~~~~~~~^~~~~
arm-none-eabi-gcc -o "oled1.elf" @"objects.list"   -mcpu=cortex-m7 -T"/Data/Workspace/smart_bookshelf/board/oled/oled1/STM32H7A3ZITXQ_FLASH.ld" --specs=nosys.specs -Wl,-Map="oled1.map" -Wl,--gc-sections -static --specs=nano.specs -mfpu=fpv5-d16 -mfloat-abi=hard -mthumb -Wl,--start-group -lc -lm -Wl,--end-group
Finished building target: oled1.elf
 
arm-none-eabi-size   oled1.elf 
arm-none-eabi-objdump -h -S  oled1.elf  > "oled1.list"
   text	   data	    bss	    dec	    hex	filename
  29080	     24	   1872	  30976	   7900	oled1.elf
Finished building: default.size.stdout
 
Finished building: oled1.list
 
17:14:34 **** Incremental Build of configuration Debug for project oled1 ****
make -j12 all 
arm-none-eabi-gcc "../Core/Src/main.c" -mcpu=cortex-m7 -std=gnu11 -g3 -DDEBUG -DUSE_HAL_DRIVER -DSTM32H7A3xxQ -c -I../Core/Inc -I../Drivers/STM32H7xx_HAL_Driver/Inc -I../Drivers/STM32H7xx_HAL_Driver/Inc/Legacy -I../Drivers/CMSIS/Device/ST/STM32H7xx/Include -I../Drivers/CMSIS/Include -O0 -ffunction-sections -fdata-sections -Wall -fstack-usage -MMD -MP -MF"Core/Src/main.d" -MT"Core/Src/main.o" --specs=nano.specs -mfpu=fpv5-d16 -mfloat-abi=hard -mthumb -o "Core/Src/main.o"
arm-none-eabi-gcc -o "oled1.elf" @"objects.list"   -mcpu=cortex-m7 -T"/Data/Workspace/smart_bookshelf/board/oled/oled1/STM32H7A3ZITXQ_FLASH.ld" --specs=nosys.specs -Wl,-Map="oled1.map" -Wl,--gc-sections -static --specs=nano.specs -mfpu=fpv5-d16 -mfloat-abi=hard -mthumb -Wl,--start-group -lc -lm -Wl,--end-group
Finished building target: oled1.elf
 
arm-none-eabi-size   oled1.elf 
arm-none-eabi-objdump -h -S  oled1.elf  > "oled1.list"
   text	   data	    bss	    dec	    hex	filename
  29080	     24	   1872	  30976	   7900	oled1.elf
Finished building: default.size.stdout
 
Finished building: oled1.list
 
17:15:01 **** Incremental Build of configuration Debug for project oled1 ****
make -j12 all 
arm-none-eabi-gcc "../Core/Src/oled.c" -mcpu=cortex-m7 -std=gnu11 -g3 -DDEBUG -DUSE_HAL_DRIVER -DSTM32H7A3xxQ -c -I../Core/Inc -I../Drivers/STM32H7xx_HAL_Driver/Inc -I../Drivers/STM32H7xx_HAL_Driver/Inc/Legacy -I../Drivers/CMSIS/Device/ST/STM32H7xx/Include -I../Drivers/CMSIS/Include -O0 -ffunction-sections -fdata-sections -Wall -fstack-usage -MMD -MP -MF"Core/Src/oled.d" -MT"Core/Src/oled.o" --specs=nano.specs -mfpu=fpv5-d16 -mfloat-abi=hard -mthumb -o "Core/Src/oled.o"
In file included from ../Core/Src/oled.c:3:
../Core/Inc/oledfont.h:10:1: warning: missing braces around initializer [-Wmissing-braces]
   10 | {
      | ^
   11 | 0x00, 0x00, 0x00, 0x00, 0x00, 0x00,// sp
      | {                                 }
   12 | 0x00, 0x00, 0x00, 0x2f, 0x00, 0x00,// !
      | {                                 }
   13 | 0x00, 0x00, 0x07, 0x00, 0x07, 0x00,// "
      | {                                 }
   14 | 0x00, 0x14, 0x7f, 0x14, 0x7f, 0x14,// #
      | {                                 }
   15 | 0x00, 0x24, 0x2a, 0x7f, 0x2a, 0x12,// $
      | {                                 }
   16 | 0x00, 0x62, 0x64, 0x08, 0x13, 0x23,// %
      | {                                 }
   17 | 0x00, 0x36, 0x49, 0x55, 0x22, 0x50,// &
      | {                                 }
   18 | 0x00, 0x00, 0x05, 0x03, 0x00, 0x00,// '
      | {                                 }
   19 | 0x00, 0x00, 0x1c, 0x22, 0x41, 0x00,// (
      | {                                 }
   20 | 0x00, 0x00, 0x41, 0x22, 0x1c, 0x00,// )
      | {                                 }
   21 | 0x00, 0x14, 0x08, 0x3E, 0x08, 0x14,// *
      | {                                 }
   22 | 0x00, 0x08, 0x08, 0x3E, 0x08, 0x08,// +
      | {                                 }
   23 | 0x00, 0x00, 0x00, 0xA0, 0x60, 0x00,// ,
      | {                                 }
   24 | 0x00, 0x08, 0x08, 0x08, 0x08, 0x08,// -
      | {                                 }
   25 | 0x00, 0x00, 0x60, 0x60, 0x00, 0x00,// .
      | {                                 }
   26 | 0x00, 0x20, 0x10, 0x08, 0x04, 0x02,// /
      | {                                 }
   27 | 0x00, 0x3E, 0x51, 0x49, 0x45, 0x3E,// 0
      | {                                 }
   28 | 0x00, 0x00, 0x42, 0x7F, 0x40, 0x00,// 1
      | {                                 }
   29 | 0x00, 0x42, 0x61, 0x51, 0x49, 0x46,// 2
      | {                                 }
   30 | 0x00, 0x21, 0x41, 0x45, 0x4B, 0x31,// 3
      | {                                 }
   31 | 0x00, 0x18, 0x14, 0x12, 0x7F, 0x10,// 4
      | {                                 }
   32 | 0x00, 0x27, 0x45, 0x45, 0x45, 0x39,// 5
      | {                                 }
   33 | 0x00, 0x3C, 0x4A, 0x49, 0x49, 0x30,// 6
      | {                                 }
   34 | 0x00, 0x01, 0x71, 0x09, 0x05, 0x03,// 7
      | {                                 }
   35 | 0x00, 0x36, 0x49, 0x49, 0x49, 0x36,// 8
      | {                                 }
   36 | 0x00, 0x06, 0x49, 0x49, 0x29, 0x1E,// 9
      | {                                 }
   37 | 0x00, 0x00, 0x36, 0x36, 0x00, 0x00,// :
      | {                                 }
   38 | 0x00, 0x00, 0x56, 0x36, 0x00, 0x00,// ;
      | {                                 }
   39 | 0x00, 0x08, 0x14, 0x22, 0x41, 0x00,// <
      | {                                 }
   40 | 0x00, 0x14, 0x14, 0x14, 0x14, 0x14,// =
      | {                                 }
   41 | 0x00, 0x00, 0x41, 0x22, 0x14, 0x08,// >
      | {                                 }
   42 | 0x00, 0x02, 0x01, 0x51, 0x09, 0x06,// ?
      | {                                 }
   43 | 0x00, 0x32, 0x49, 0x59, 0x51, 0x3E,// @
      | {                                 }
   44 | 0x00, 0x7C, 0x12, 0x11, 0x12, 0x7C,// A
      | {                                 }
   45 | 0x00, 0x7F, 0x49, 0x49, 0x49, 0x36,// B
      | {                                 }
   46 | 0x00, 0x3E, 0x41, 0x41, 0x41, 0x22,// C
      | {                                 }
   47 | 0x00, 0x7F, 0x41, 0x41, 0x22, 0x1C,// D
      | {                                 }
   48 | 0x00, 0x7F, 0x49, 0x49, 0x49, 0x41,// E
      | {                                 }
   49 | 0x00, 0x7F, 0x09, 0x09, 0x09, 0x01,// F
      | {                                 }
   50 | 0x00, 0x3E, 0x41, 0x49, 0x49, 0x7A,// G
      | {                                 }
   51 | 0x00, 0x7F, 0x08, 0x08, 0x08, 0x7F,// H
      | {                                 }
   52 | 0x00, 0x00, 0x41, 0x7F, 0x41, 0x00,// I
      | {                                 }
   53 | 0x00, 0x20, 0x40, 0x41, 0x3F, 0x01,// J
      | {                                 }
   54 | 0x00, 0x7F, 0x08, 0x14, 0x22, 0x41,// K
      | {                                 }
   55 | 0x00, 0x7F, 0x40, 0x40, 0x40, 0x40,// L
      | {                                 }
   56 | 0x00, 0x7F, 0x02, 0x0C, 0x02, 0x7F,// M
      | {                                 }
   57 | 0x00, 0x7F, 0x04, 0x08, 0x10, 0x7F,// N
      | {                                 }
   58 | 0x00, 0x3E, 0x41, 0x41, 0x41, 0x3E,// O
      | {                                 }
   59 | 0x00, 0x7F, 0x09, 0x09, 0x09, 0x06,// P
      | {                                 }
   60 | 0x00, 0x3E, 0x41, 0x51, 0x21, 0x5E,// Q
      | {                                 }
   61 | 0x00, 0x7F, 0x09, 0x19, 0x29, 0x46,// R
      | {                                 }
   62 | 0x00, 0x46, 0x49, 0x49, 0x49, 0x31,// S
      | {                                 }
   63 | 0x00, 0x01, 0x01, 0x7F, 0x01, 0x01,// T
      | {                                 }
   64 | 0x00, 0x3F, 0x40, 0x40, 0x40, 0x3F,// U
      | {                                 }
   65 | 0x00, 0x1F, 0x20, 0x40, 0x20, 0x1F,// V
      | {                                 }
   66 | 0x00, 0x3F, 0x40, 0x38, 0x40, 0x3F,// W
      | {                                 }
   67 | 0x00, 0x63, 0x14, 0x08, 0x14, 0x63,// X
      | {                                 }
   68 | 0x00, 0x07, 0x08, 0x70, 0x08, 0x07,// Y
      | {                                 }
   69 | 0x00, 0x61, 0x51, 0x49, 0x45, 0x43,// Z
      | {                                 }
   70 | 0x00, 0x00, 0x7F, 0x41, 0x41, 0x00,// [
      | {                                 }
   71 | 0x00, 0x55, 0x2A, 0x55, 0x2A, 0x55,// 55
      | {                                 }
   72 | 0x00, 0x00, 0x41, 0x41, 0x7F, 0x00,// ]
      | {                                 }
   73 | 0x00, 0x04, 0x02, 0x01, 0x02, 0x04,// ^
      | {                                 }
   74 | 0x00, 0x40, 0x40, 0x40, 0x40, 0x40,// _
      | {                                 }
   75 | 0x00, 0x00, 0x01, 0x02, 0x04, 0x00,// '
      | {                                 }
   76 | 0x00, 0x20, 0x54, 0x54, 0x54, 0x78,// a
      | {                                 }
   77 | 0x00, 0x7F, 0x48, 0x44, 0x44, 0x38,// b
      | {                                 }
   78 | 0x00, 0x38, 0x44, 0x44, 0x44, 0x20,// c
      | {                                 }
   79 | 0x00, 0x38, 0x44, 0x44, 0x48, 0x7F,// d
      | {                                 }
   80 | 0x00, 0x38, 0x54, 0x54, 0x54, 0x18,// e
      | {                                 }
   81 | 0x00, 0x08, 0x7E, 0x09, 0x01, 0x02,// f
      | {                                 }
   82 | 0x00, 0x18, 0xA4, 0xA4, 0xA4, 0x7C,// g
      | {                                 }
   83 | 0x00, 0x7F, 0x08, 0x04, 0x04, 0x78,// h
      | {                                 }
   84 | 0x00, 0x00, 0x44, 0x7D, 0x40, 0x00,// i
      | {                                 }
   85 | 0x00, 0x40, 0x80, 0x84, 0x7D, 0x00,// j
      | {                                 }
   86 | 0x00, 0x7F, 0x10, 0x28, 0x44, 0x00,// k
      | {                                 }
   87 | 0x00, 0x00, 0x41, 0x7F, 0x40, 0x00,// l
      | {                                 }
   88 | 0x00, 0x7C, 0x04, 0x18, 0x04, 0x78,// m
      | {                                 }
   89 | 0x00, 0x7C, 0x08, 0x04, 0x04, 0x78,// n
      | {                                 }
   90 | 0x00, 0x38, 0x44, 0x44, 0x44, 0x38,// o
      | {                                 }
   91 | 0x00, 0xFC, 0x24, 0x24, 0x24, 0x18,// p
      | {                                 }
   92 | 0x00, 0x18, 0x24, 0x24, 0x18, 0xFC,// q
      | {                                 }
   93 | 0x00, 0x7C, 0x08, 0x04, 0x04, 0x08,// r
      | {                                 }
   94 | 0x00, 0x48, 0x54, 0x54, 0x54, 0x20,// s
      | {                                 }
   95 | 0x00, 0x04, 0x3F, 0x44, 0x40, 0x20,// t
      | {                                 }
   96 | 0x00, 0x3C, 0x40, 0x40, 0x20, 0x7C,// u
      | {                                 }
   97 | 0x00, 0x1C, 0x20, 0x40, 0x20, 0x1C,// v
      | {                                 }
   98 | 0x00, 0x3C, 0x40, 0x30, 0x40, 0x3C,// w
      | {                                 }
   99 | 0x00, 0x44, 0x28, 0x10, 0x28, 0x44,// x
      | {                                 }
  100 | 0x00, 0x1C, 0xA0, 0xA0, 0xA0, 0x7C,// y
      | {                                 }
  101 | 0x00, 0x44, 0x64, 0x54, 0x4C, 0x44,// z
      | {                                 }
  102 | 0x14, 0x14, 0x14, 0x14, 0x14, 0x14,// horiz lines
      | {
  103 | };
      | }
../Core/Src/oled.c: In function 'DrawBG':
../Core/Src/oled.c:306:25: warning: passing argument 5 of 'OLED_DrawBMP' discards 'const' qualifier from pointer target type [-Wdiscarded-qualifiers]
  306 |  OLED_DrawBMP(0,0,128,8,gImage_1);
      |                         ^~~~~~~~
../Core/Src/oled.c:250:103: note: expected 'unsigned char *' but argument is of type 'const unsigned char *'
  250 | void OLED_DrawBMP(unsigned char x0, unsigned char y0,unsigned char x1, unsigned char y1,unsigned char BMP[])
      |                                                                                         ~~~~~~~~~~~~~~^~~~~
../Core/Src/oled.c: In function 'DrawMouch':
../Core/Src/oled.c:310:30: warning: passing argument 5 of 'OLED_DrawBMP' discards 'const' qualifier from pointer target type [-Wdiscarded-qualifiers]
  310 |  OLED_DrawBMP(54,3,74,5,mouch[id]);
      |                         ~~~~~^~~~
../Core/Src/oled.c:250:103: note: expected 'unsigned char *' but argument is of type 'const unsigned char *'
  250 | void OLED_DrawBMP(unsigned char x0, unsigned char y0,unsigned char x1, unsigned char y1,unsigned char BMP[])
      |                                                                                         ~~~~~~~~~~~~~~^~~~~
arm-none-eabi-gcc -o "oled1.elf" @"objects.list"   -mcpu=cortex-m7 -T"/Data/Workspace/smart_bookshelf/board/oled/oled1/STM32H7A3ZITXQ_FLASH.ld" --specs=nosys.specs -Wl,-Map="oled1.map" -Wl,--gc-sections -static --specs=nano.specs -mfpu=fpv5-d16 -mfloat-abi=hard -mthumb -Wl,--start-group -lc -lm -Wl,--end-group
Finished building target: oled1.elf
 
arm-none-eabi-size   oled1.elf 
arm-none-eabi-objdump -h -S  oled1.elf  > "oled1.list"
   text	   data	    bss	    dec	    hex	filename
  29080	     24	   1872	  30976	   7900	oled1.elf
Finished building: default.size.stdout
 
Finished building: oled1.list
 
17:15:14 **** Incremental Build of configuration Debug for project oled1 ****
make -j12 all 
arm-none-eabi-gcc "../Core/Src/oled.c" -mcpu=cortex-m7 -std=gnu11 -g3 -DDEBUG -DUSE_HAL_DRIVER -DSTM32H7A3xxQ -c -I../Core/Inc -I../Drivers/STM32H7xx_HAL_Driver/Inc -I../Drivers/STM32H7xx_HAL_Driver/Inc/Legacy -I../Drivers/CMSIS/Device/ST/STM32H7xx/Include -I../Drivers/CMSIS/Include -O0 -ffunction-sections -fdata-sections -Wall -fstack-usage -MMD -MP -MF"Core/Src/oled.d" -MT"Core/Src/oled.o" --specs=nano.specs -mfpu=fpv5-d16 -mfloat-abi=hard -mthumb -o "Core/Src/oled.o"
In file included from ../Core/Src/oled.c:3:
../Core/Inc/oledfont.h:10:1: warning: missing braces around initializer [-Wmissing-braces]
   10 | {
      | ^
   11 | 0x00, 0x00, 0x00, 0x00, 0x00, 0x00,// sp
      | {                                 }
   12 | 0x00, 0x00, 0x00, 0x2f, 0x00, 0x00,// !
      | {                                 }
   13 | 0x00, 0x00, 0x07, 0x00, 0x07, 0x00,// "
      | {                                 }
   14 | 0x00, 0x14, 0x7f, 0x14, 0x7f, 0x14,// #
      | {                                 }
   15 | 0x00, 0x24, 0x2a, 0x7f, 0x2a, 0x12,// $
      | {                                 }
   16 | 0x00, 0x62, 0x64, 0x08, 0x13, 0x23,// %
      | {                                 }
   17 | 0x00, 0x36, 0x49, 0x55, 0x22, 0x50,// &
      | {                                 }
   18 | 0x00, 0x00, 0x05, 0x03, 0x00, 0x00,// '
      | {                                 }
   19 | 0x00, 0x00, 0x1c, 0x22, 0x41, 0x00,// (
      | {                                 }
   20 | 0x00, 0x00, 0x41, 0x22, 0x1c, 0x00,// )
      | {                                 }
   21 | 0x00, 0x14, 0x08, 0x3E, 0x08, 0x14,// *
      | {                                 }
   22 | 0x00, 0x08, 0x08, 0x3E, 0x08, 0x08,// +
      | {                                 }
   23 | 0x00, 0x00, 0x00, 0xA0, 0x60, 0x00,// ,
      | {                                 }
   24 | 0x00, 0x08, 0x08, 0x08, 0x08, 0x08,// -
      | {                                 }
   25 | 0x00, 0x00, 0x60, 0x60, 0x00, 0x00,// .
      | {                                 }
   26 | 0x00, 0x20, 0x10, 0x08, 0x04, 0x02,// /
      | {                                 }
   27 | 0x00, 0x3E, 0x51, 0x49, 0x45, 0x3E,// 0
      | {                                 }
   28 | 0x00, 0x00, 0x42, 0x7F, 0x40, 0x00,// 1
      | {                                 }
   29 | 0x00, 0x42, 0x61, 0x51, 0x49, 0x46,// 2
      | {                                 }
   30 | 0x00, 0x21, 0x41, 0x45, 0x4B, 0x31,// 3
      | {                                 }
   31 | 0x00, 0x18, 0x14, 0x12, 0x7F, 0x10,// 4
      | {                                 }
   32 | 0x00, 0x27, 0x45, 0x45, 0x45, 0x39,// 5
      | {                                 }
   33 | 0x00, 0x3C, 0x4A, 0x49, 0x49, 0x30,// 6
      | {                                 }
   34 | 0x00, 0x01, 0x71, 0x09, 0x05, 0x03,// 7
      | {                                 }
   35 | 0x00, 0x36, 0x49, 0x49, 0x49, 0x36,// 8
      | {                                 }
   36 | 0x00, 0x06, 0x49, 0x49, 0x29, 0x1E,// 9
      | {                                 }
   37 | 0x00, 0x00, 0x36, 0x36, 0x00, 0x00,// :
      | {                                 }
   38 | 0x00, 0x00, 0x56, 0x36, 0x00, 0x00,// ;
      | {                                 }
   39 | 0x00, 0x08, 0x14, 0x22, 0x41, 0x00,// <
      | {                                 }
   40 | 0x00, 0x14, 0x14, 0x14, 0x14, 0x14,// =
      | {                                 }
   41 | 0x00, 0x00, 0x41, 0x22, 0x14, 0x08,// >
      | {                                 }
   42 | 0x00, 0x02, 0x01, 0x51, 0x09, 0x06,// ?
      | {                                 }
   43 | 0x00, 0x32, 0x49, 0x59, 0x51, 0x3E,// @
      | {                                 }
   44 | 0x00, 0x7C, 0x12, 0x11, 0x12, 0x7C,// A
      | {                                 }
   45 | 0x00, 0x7F, 0x49, 0x49, 0x49, 0x36,// B
      | {                                 }
   46 | 0x00, 0x3E, 0x41, 0x41, 0x41, 0x22,// C
      | {                                 }
   47 | 0x00, 0x7F, 0x41, 0x41, 0x22, 0x1C,// D
      | {                                 }
   48 | 0x00, 0x7F, 0x49, 0x49, 0x49, 0x41,// E
      | {                                 }
   49 | 0x00, 0x7F, 0x09, 0x09, 0x09, 0x01,// F
      | {                                 }
   50 | 0x00, 0x3E, 0x41, 0x49, 0x49, 0x7A,// G
      | {                                 }
[...]
      | {                                 }
   39 | 0x00, 0x08, 0x14, 0x22, 0x41, 0x00,// <
      | {                                 }
   40 | 0x00, 0x14, 0x14, 0x14, 0x14, 0x14,// =
      | {                                 }
   41 | 0x00, 0x00, 0x41, 0x22, 0x14, 0x08,// >
      | {                                 }
   42 | 0x00, 0x02, 0x01, 0x51, 0x09, 0x06,// ?
      | {                                 }
   43 | 0x00, 0x32, 0x49, 0x59, 0x51, 0x3E,// @
      | {                                 }
   44 | 0x00, 0x7C, 0x12, 0x11, 0x12, 0x7C,// A
      | {                                 }
   45 | 0x00, 0x7F, 0x49, 0x49, 0x49, 0x36,// B
      | {                                 }
   46 | 0x00, 0x3E, 0x41, 0x41, 0x41, 0x22,// C
      | {                                 }
   47 | 0x00, 0x7F, 0x41, 0x41, 0x22, 0x1C,// D
      | {                                 }
   48 | 0x00, 0x7F, 0x49, 0x49, 0x49, 0x41,// E
      | {                                 }
   49 | 0x00, 0x7F, 0x09, 0x09, 0x09, 0x01,// F
      | {                                 }
   50 | 0x00, 0x3E, 0x41, 0x49, 0x49, 0x7A,// G
      | {                                 }
   51 | 0x00, 0x7F, 0x08, 0x08, 0x08, 0x7F,// H
      | {                                 }
   52 | 0x00, 0x00, 0x41, 0x7F, 0x41, 0x00,// I
      | {                                 }
   53 | 0x00, 0x20, 0x40, 0x41, 0x3F, 0x01,// J
      | {                                 }
   54 | 0x00, 0x7F, 0x08, 0x14, 0x22, 0x41,// K
      | {                                 }
   55 | 0x00, 0x7F, 0x40, 0x40, 0x40, 0x40,// L
      | {                                 }
   56 | 0x00, 0x7F, 0x02, 0x0C, 0x02, 0x7F,// M
      | {                                 }
   57 | 0x00, 0x7F, 0x04, 0x08, 0x10, 0x7F,// N
      | {                                 }
   58 | 0x00, 0x3E, 0x41, 0x41, 0x41, 0x3E,// O
      | {                                 }
   59 | 0x00, 0x7F, 0x09, 0x09, 0x09, 0x06,// P
      | {                                 }
   60 | 0x00, 0x3E, 0x41, 0x51, 0x21, 0x5E,// Q
      | {                                 }
   61 | 0x00, 0x7F, 0x09, 0x19, 0x29, 0x46,// R
      | {                                 }
   62 | 0x00, 0x46, 0x49, 0x49, 0x49, 0x31,// S
      | {                                 }
   63 | 0x00, 0x01, 0x01, 0x7F, 0x01, 0x01,// T
      | {                                 }
   64 | 0x00, 0x3F, 0x40, 0x40, 0x40, 0x3F,// U
      | {                                 }
   65 | 0x00, 0x1F, 0x20, 0x40, 0x20, 0x1F,// V
      | {                                 }
   66 | 0x00, 0x3F, 0x40, 0x38, 0x40, 0x3F,// W
      | {                                 }
   67 | 0x00, 0x63, 0x14, 0x08, 0x14, 0x63,// X
      | {                                 }
   68 | 0x00, 0x07, 0x08, 0x70, 0x08, 0x07,// Y
      | {                                 }
   69 | 0x00, 0x61, 0x51, 0x49, 0x45, 0x43,// Z
      | {                                 }
   70 | 0x00, 0x00, 0x7F, 0x41, 0x41, 0x00,// [
      | {                                 }
   71 | 0x00, 0x55, 0x2A, 0x55, 0x2A, 0x55,// 55
      | {                                 }
   72 | 0x00, 0x00, 0x41, 0x41, 0x7F, 0x00,// ]
      | {                                 }
   73 | 0x00, 0x04, 0x02, 0x01, 0x02, 0x04,// ^
      | {                                 }
   74 | 0x00, 0x40, 0x40, 0x40, 0x40, 0x40,// _
      | {                                 }
   75 | 0x00, 0x00, 0x01, 0x02, 0x04, 0x00,// '
      | {                                 }
   76 | 0x00, 0x20, 0x54, 0x54, 0x54, 0x78,// a
      | {                                 }
   77 | 0x00, 0x7F, 0x48, 0x44, 0x44, 0x38,// b
      | {                                 }
   78 | 0x00, 0x38, 0x44, 0x44, 0x44, 0x20,// c
      | {                                 }
   79 | 0x00, 0x38, 0x44, 0x44, 0x48, 0x7F,// d
      | {                                 }
   80 | 0x00, 0x38, 0x54, 0x54, 0x54, 0x18,// e
      | {                                 }
   81 | 0x00, 0x08, 0x7E, 0x09, 0x01, 0x02,// f
      | {                                 }
   82 | 0x00, 0x18, 0xA4, 0xA4, 0xA4, 0x7C,// g
      | {                                 }
   83 | 0x00, 0x7F, 0x08, 0x04, 0x04, 0x78,// h
      | {                                 }
   84 | 0x00, 0x00, 0x44, 0x7D, 0x40, 0x00,// i
      | {                                 }
   85 | 0x00, 0x40, 0x80, 0x84, 0x7D, 0x00,// j
      | {                                 }
   86 | 0x00, 0x7F, 0x10, 0x28, 0x44, 0x00,// k
      | {                                 }
   87 | 0x00, 0x00, 0x41, 0x7F, 0x40, 0x00,// l
      | {                                 }
   88 | 0x00, 0x7C, 0x04, 0x18, 0x04, 0x78,// m
      | {                                 }
   89 | 0x00, 0x7C, 0x08, 0x04, 0x04, 0x78,// n
      | {                                 }
   90 | 0x00, 0x38, 0x44, 0x44, 0x44, 0x38,// o
      | {                                 }
   91 | 0x00, 0xFC, 0x24, 0x24, 0x24, 0x18,// p
      | {                                 }
   92 | 0x00, 0x18, 0x24, 0x24, 0x18, 0xFC,// q
      | {                                 }
   93 | 0x00, 0x7C, 0x08, 0x04, 0x04, 0x08,// r
      | {                                 }
   94 | 0x00, 0x48, 0x54, 0x54, 0x54, 0x20,// s
      | {                                 }
   95 | 0x00, 0x04, 0x3F, 0x44, 0x40, 0x20,// t
      | {                                 }
   96 | 0x00, 0x3C, 0x40, 0x40, 0x20, 0x7C,// u
      | {                                 }
   97 | 0x00, 0x1C, 0x20, 0x40, 0x20, 0x1C,// v
      | {                                 }
   98 | 0x00, 0x3C, 0x40, 0x30, 0x40, 0x3C,// w
      | {                                 }
   99 | 0x00, 0x44, 0x28, 0x10, 0x28, 0x44,// x
      | {                                 }
  100 | 0x00, 0x1C, 0xA0, 0xA0, 0xA0, 0x7C,// y
      | {                                 }
  101 | 0x00, 0x44, 0x64, 0x54, 0x4C, 0x44,// z
      | {                                 }
  102 | 0x14, 0x14, 0x14, 0x14, 0x14, 0x14,// horiz lines
      | {
  103 | };
      | }
../Core/Src/oled.c: In function 'DrawBG':
../Core/Src/oled.c:306:25: warning: passing argument 5 of 'OLED_DrawBMP' discards 'const' qualifier from pointer target type [-Wdiscarded-qualifiers]
  306 |  OLED_DrawBMP(0,0,128,8,gImage_1);
      |                         ^~~~~~~~
../Core/Src/oled.c:250:103: note: expected 'unsigned char *' but argument is of type 'const unsigned char *'
  250 | void OLED_DrawBMP(unsigned char x0, unsigned char y0,unsigned char x1, unsigned char y1,unsigned char BMP[])
      |                                                                                         ~~~~~~~~~~~~~~^~~~~
../Core/Src/oled.c: In function 'DrawMouch':
../Core/Src/oled.c:310:30: warning: passing argument 5 of 'OLED_DrawBMP' discards 'const' qualifier from pointer target type [-Wdiscarded-qualifiers]
  310 |  OLED_DrawBMP(54,3,74,5,mouch[id]);
      |                         ~~~~~^~~~
../Core/Src/oled.c:250:103: note: expected 'unsigned char *' but argument is of type 'const unsigned char *'
  250 | void OLED_DrawBMP(unsigned char x0, unsigned char y0,unsigned char x1, unsigned char y1,unsigned char BMP[])
      |                                                                                         ~~~~~~~~~~~~~~^~~~~
arm-none-eabi-gcc -o "oled1.elf" @"objects.list"   -mcpu=cortex-m7 -T"/Data/Workspace/smart_bookshelf/board/oled/oled1/STM32H7A3ZITXQ_FLASH.ld" --specs=nosys.specs -Wl,-Map="oled1.map" -Wl,--gc-sections -static --specs=nano.specs -mfpu=fpv5-d16 -mfloat-abi=hard -mthumb -Wl,--start-group -lc -lm -Wl,--end-group
Finished building target: oled1.elf
 
arm-none-eabi-size   oled1.elf 
arm-none-eabi-objdump -h -S  oled1.elf  > "oled1.list"
   text	   data	    bss	    dec	    hex	filename
  29080	     24	   1872	  30976	   7900	oled1.elf
Finished building: default.size.stdout
 
Finished building: oled1.list
 
17:18:25 **** Incremental Build of configuration Debug for project oled1 ****
make -j12 all 
arm-none-eabi-gcc "../Core/Src/oled.c" -mcpu=cortex-m7 -std=gnu11 -g3 -DDEBUG -DUSE_HAL_DRIVER -DSTM32H7A3xxQ -c -I../Core/Inc -I../Drivers/STM32H7xx_HAL_Driver/Inc -I../Drivers/STM32H7xx_HAL_Driver/Inc/Legacy -I../Drivers/CMSIS/Device/ST/STM32H7xx/Include -I../Drivers/CMSIS/Include -O0 -ffunction-sections -fdata-sections -Wall -fstack-usage -MMD -MP -MF"Core/Src/oled.d" -MT"Core/Src/oled.o" --specs=nano.specs -mfpu=fpv5-d16 -mfloat-abi=hard -mthumb -o "Core/Src/oled.o"
In file included from ../Core/Src/oled.c:3:
../Core/Inc/oledfont.h:10:1: warning: missing braces around initializer [-Wmissing-braces]
   10 | {
      | ^
   11 | 0x00, 0x00, 0x00, 0x00, 0x00, 0x00,// sp
      | {                                 }
   12 | 0x00, 0x00, 0x00, 0x2f, 0x00, 0x00,// !
      | {                                 }
   13 | 0x00, 0x00, 0x07, 0x00, 0x07, 0x00,// "
      | {                                 }
   14 | 0x00, 0x14, 0x7f, 0x14, 0x7f, 0x14,// #
      | {                                 }
   15 | 0x00, 0x24, 0x2a, 0x7f, 0x2a, 0x12,// $
      | {                                 }
   16 | 0x00, 0x62, 0x64, 0x08, 0x13, 0x23,// %
      | {                                 }
   17 | 0x00, 0x36, 0x49, 0x55, 0x22, 0x50,// &
      | {                                 }
   18 | 0x00, 0x00, 0x05, 0x03, 0x00, 0x00,// '
      | {                                 }
   19 | 0x00, 0x00, 0x1c, 0x22, 0x41, 0x00,// (
      | {                                 }
   20 | 0x00, 0x00, 0x41, 0x22, 0x1c, 0x00,// )
      | {                                 }
   21 | 0x00, 0x14, 0x08, 0x3E, 0x08, 0x14,// *
      | {                                 }
   22 | 0x00, 0x08, 0x08, 0x3E, 0x08, 0x08,// +
      | {                                 }
   23 | 0x00, 0x00, 0x00, 0xA0, 0x60, 0x00,// ,
      | {                                 }
   24 | 0x00, 0x08, 0x08, 0x08, 0x08, 0x08,// -
      | {                                 }
   25 | 0x00, 0x00, 0x60, 0x60, 0x00, 0x00,// .
      | {                                 }
   26 | 0x00, 0x20, 0x10, 0x08, 0x04, 0x02,// /
      | {                                 }
   27 | 0x00, 0x3E, 0x51, 0x49, 0x45, 0x3E,// 0
      | {                                 }
   28 | 0x00, 0x00, 0x42, 0x7F, 0x40, 0x00,// 1
      | {                                 }
   29 | 0x00, 0x42, 0x61, 0x51, 0x49, 0x46,// 2
      | {                                 }
   30 | 0x00, 0x21, 0x41, 0x45, 0x4B, 0x31,// 3
      | {                                 }
   31 | 0x00, 0x18, 0x14, 0x12, 0x7F, 0x10,// 4
      | {                                 }
   32 | 0x00, 0x27, 0x45, 0x45, 0x45, 0x39,// 5
      | {                                 }
   33 | 0x00, 0x3C, 0x4A, 0x49, 0x49, 0x30,// 6
      | {                                 }
   34 | 0x00, 0x01, 0x71, 0x09, 0x05, 0x03,// 7
      | {                                 }
   35 | 0x00, 0x36, 0x49, 0x49, 0x49, 0x36,// 8
      | {                                 }
   36 | 0x00, 0x06, 0x49, 0x49, 0x29, 0x1E,// 9
      | {                                 }
   37 | 0x00, 0x00, 0x36, 0x36, 0x00, 0x00,// :
      | {                                 }
   38 | 0x00, 0x00, 0x56, 0x36, 0x00, 0x00,// ;
      | {                                 }
   39 | 0x00, 0x08, 0x14, 0x22, 0x41, 0x00,// <
      | {                                 }
   40 | 0x00, 0x14, 0x14, 0x14, 0x14, 0x14,// =
      | {                                 }
   41 | 0x00, 0x00, 0x41, 0x22, 0x14, 0x08,// >
      | {                                 }
   42 | 0x00, 0x02, 0x01, 0x51, 0x09, 0x06,// ?
      | {                                 }
   43 | 0x00, 0x32, 0x49, 0x59, 0x51, 0x3E,// @
      | {                                 }
   44 | 0x00, 0x7C, 0x12, 0x11, 0x12, 0x7C,// A
      | {                                 }
   45 | 0x00, 0x7F, 0x49, 0x49, 0x49, 0x36,// B
      | {                                 }
   46 | 0x00, 0x3E, 0x41, 0x41, 0x41, 0x22,// C
      | {                                 }
   47 | 0x00, 0x7F, 0x41, 0x41, 0x22, 0x1C,// D
      | {                                 }
   48 | 0x00, 0x7F, 0x49, 0x49, 0x49, 0x41,// E
      | {                                 }
   49 | 0x00, 0x7F, 0x09, 0x09, 0x09, 0x01,// F
      | {                                 }
   50 | 0x00, 0x3E, 0x41, 0x49, 0x49, 0x7A,// G
      | {                                 }
   51 | 0x00, 0x7F, 0x08, 0x08, 0x08, 0x7F,// H
      | {                                 }
   52 | 0x00, 0x00, 0x41, 0x7F, 0x41, 0x00,// I
      | {                                 }
   53 | 0x00, 0x20, 0x40, 0x41, 0x3F, 0x01,// J
      | {                                 }
   54 | 0x00, 0x7F, 0x08, 0x14, 0x22, 0x41,// K
      | {                                 }
   55 | 0x00, 0x7F, 0x40, 0x40, 0x40, 0x40,// L
      | {                                 }
   56 | 0x00, 0x7F, 0x02, 0x0C, 0x02, 0x7F,// M
      | {                                 }
   57 | 0x00, 0x7F, 0x04, 0x08, 0x10, 0x7F,// N
      | {                                 }
   58 | 0x00, 0x3E, 0x41, 0x41, 0x41, 0x3E,// O
      | {                                 }
   59 | 0x00, 0x7F, 0x09, 0x09, 0x09, 0x06,// P
      | {                                 }
   60 | 0x00, 0x3E, 0x41, 0x51, 0x21, 0x5E,// Q
      | {                                 }
   61 | 0x00, 0x7F, 0x09, 0x19, 0x29, 0x46,// R
      | {                                 }
   62 | 0x00, 0x46, 0x49, 0x49, 0x49, 0x31,// S
      | {                                 }
   63 | 0x00, 0x01, 0x01, 0x7F, 0x01, 0x01,// T
      | {                                 }
   64 | 0x00, 0x3F, 0x40, 0x40, 0x40, 0x3F,// U
      | {                                 }
   65 | 0x00, 0x1F, 0x20, 0x40, 0x20, 0x1F,// V
      | {                                 }
   66 | 0x00, 0x3F, 0x40, 0x38, 0x40, 0x3F,// W
      | {                                 }
   67 | 0x00, 0x63, 0x14, 0x08, 0x14, 0x63,// X
      | {                                 }
   68 | 0x00, 0x07, 0x08, 0x70, 0x08, 0x07,// Y
      | {                                 }
   69 | 0x00, 0x61, 0x51, 0x49, 0x45, 0x43,// Z
      | {                                 }
   70 | 0x00, 0x00, 0x7F, 0x41, 0x41, 0x00,// [
      | {                                 }
   71 | 0x00, 0x55, 0x2A, 0x55, 0x2A, 0x55,// 55
      | {                                 }
   72 | 0x00, 0x00, 0x41, 0x41, 0x7F, 0x00,// ]
      | {                                 }
   73 | 0x00, 0x04, 0x02, 0x01, 0x02, 0x04,// ^
      | {                                 }
   74 | 0x00, 0x40, 0x40, 0x40, 0x40, 0x40,// _
      | {                                 }
   75 | 0x00, 0x00, 0x01, 0x02, 0x04, 0x00,// '
      | {                                 }
   76 | 0x00, 0x20, 0x54, 0x54, 0x54, 0x78,// a
      | {                                 }
   77 | 0x00, 0x7F, 0x48, 0x44, 0x44, 0x38,// b
      | {                                 }
   78 | 0x00, 0x38, 0x44, 0x44, 0x44, 0x20,// c
      | {                                 }
   79 | 0x00, 0x38, 0x44, 0x44, 0x48, 0x7F,// d
      | {                                 }
   80 | 0x00, 0x38, 0x54, 0x54, 0x54, 0x18,// e
      | {                                 }
   81 | 0x00, 0x08, 0x7E, 0x09, 0x01, 0x02,// f
      | {                                 }
   82 | 0x00, 0x18, 0xA4, 0xA4, 0xA4, 0x7C,// g
      | {                                 }
   83 | 0x00, 0x7F, 0x08, 0x04, 0x04, 0x78,// h
      | {                                 }
   84 | 0x00, 0x00, 0x44, 0x7D, 0x40, 0x00,// i
      | {                                 }
   85 | 0x00, 0x40, 0x80, 0x84, 0x7D, 0x00,// j
      | {                                 }
   86 | 0x00, 0x7F, 0x10, 0x28, 0x44, 0x00,// k
      | {                                 }
   87 | 0x00, 0x00, 0x41, 0x7F, 0x40, 0x00,// l
      | {                                 }
   88 | 0x00, 0x7C, 0x04, 0x18, 0x04, 0x78,// m
      | {                                 }
   89 | 0x00, 0x7C, 0x08, 0x04, 0x04, 0x78,// n
      | {                                 }
   90 | 0x00, 0x38, 0x44, 0x44, 0x44, 0x38,// o
      | {                                 }
   91 | 0x00, 0xFC, 0x24, 0x24, 0x24, 0x18,// p
      | {                                 }
   92 | 0x00, 0x18, 0x24, 0x24, 0x18, 0xFC,// q
      | {                                 }
   93 | 0x00, 0x7C, 0x08, 0x04, 0x04, 0x08,// r
      | {                                 }
   94 | 0x00, 0x48, 0x54, 0x54, 0x54, 0x20,// s
      | {                                 }
   95 | 0x00, 0x04, 0x3F, 0x44, 0x40, 0x20,// t
      | {                                 }
   96 | 0x00, 0x3C, 0x40, 0x40, 0x20, 0x7C,// u
      | {                                 }
   97 | 0x00, 0x1C, 0x20, 0x40, 0x20, 0x1C,// v
      | {                                 }
   98 | 0x00, 0x3C, 0x40, 0x30, 0x40, 0x3C,// w
      | {                                 }
   99 | 0x00, 0x44, 0x28, 0x10, 0x28, 0x44,// x
      | {                                 }
  100 | 0x00, 0x1C, 0xA0, 0xA0, 0xA0, 0x7C,// y
      | {                                 }
  101 | 0x00, 0x44, 0x64, 0x54, 0x4C, 0x44,// z
      | {                                 }
  102 | 0x14, 0x14, 0x14, 0x14, 0x14, 0x14,// horiz lines
      | {
  103 | };
      | }
../Core/Src/oled.c: In function 'DrawBG':
../Core/Src/oled.c:306:25: warning: passing argument 5 of 'OLED_DrawBMP' discards 'const' qualifier from pointer target type [-Wdiscarded-qualifiers]
  306 |  OLED_DrawBMP(0,0,128,8,gImage_1);
      |                         ^~~~~~~~
../Core/Src/oled.c:250:103: note: expected 'unsigned char *' but argument is of type 'const unsigned char *'
  250 | void OLED_DrawBMP(unsigned char x0, unsigned char y0,unsigned char x1, unsigned char y1,unsigned char BMP[])
      |                                                                                         ~~~~~~~~~~~~~~^~~~~
../Core/Src/oled.c: In function 'DrawMouch':
../Core/Src/oled.c:310:30: warning: passing argument 5 of 'OLED_DrawBMP' discards 'const' qualifier from pointer target type [-Wdiscarded-qualifiers]
  310 |  OLED_DrawBMP(54,3,74,5,mouch[id]);
      |                         ~~~~~^~~~
../Core/Src/oled.c:250:103: note: expected 'unsigned char *' but argument is of type 'const unsigned char *'
  250 | void OLED_DrawBMP(unsigned char x0, unsigned char y0,unsigned char x1, unsigned char y1,unsigned char BMP[])
      |                                                                                         ~~~~~~~~~~~~~~^~~~~
arm-none-eabi-gcc -o "oled1.elf" @"objects.list"   -mcpu=cortex-m7 -T"/Data/Workspace/smart_bookshelf/board/oled/oled1/STM32H7A3ZITXQ_FLASH.ld" --specs=nosys.specs -Wl,-Map="oled1.map" -Wl,--gc-sections -static --specs=nano.specs -mfpu=fpv5-d16 -mfloat-abi=hard -mthumb -Wl,--start-group -lc -lm -Wl,--end-group
Finished building target: oled1.elf
 
arm-none-eabi-size   oled1.elf 
arm-none-eabi-objdump -h -S  oled1.elf  > "oled1.list"
   text	   data	    bss	    dec	    hex	filename
  29080	     24	   1872	  30976	   7900	oled1.elf
Finished building: default.size.stdout
 
Finished building: oled1.list
 
17:18:49 **** Incremental Build of configuration Debug for project oled1 ****
make -j12 all 
arm-none-eabi-gcc "../Core/Src/main.c" -mcpu=cortex-m7 -std=gnu11 -g3 -DDEBUG -DUSE_HAL_DRIVER -DSTM32H7A3xxQ -c -I../Core/Inc -I../Drivers/STM32H7xx_HAL_Driver/Inc -I../Drivers/STM32H7xx_HAL_Driver/Inc/Legacy -I../Drivers/CMSIS/Device/ST/STM32H7xx/Include -I../Drivers/CMSIS/Include -O0 -ffunction-sections -fdata-sections -Wall -fstack-usage -MMD -MP -MF"Core/Src/main.d" -MT"Core/Src/main.o" --specs=nano.specs -mfpu=fpv5-d16 -mfloat-abi=hard -mthumb -o "Core/Src/main.o"
arm-none-eabi-gcc -o "oled1.elf" @"objects.list"   -mcpu=cortex-m7 -T"/Data/Workspace/smart_bookshelf/board/oled/oled1/STM32H7A3ZITXQ_FLASH.ld" --specs=nosys.specs -Wl,-Map="oled1.map" -Wl,--gc-sections -static --specs=nano.specs -mfpu=fpv5-d16 -mfloat-abi=hard -mthumb -Wl,--start-group -lc -lm -Wl,--end-group
Finished building target: oled1.elf
 
arm-none-eabi-size   oled1.elf 
arm-none-eabi-objdump -h -S  oled1.elf  > "oled1.list"
   text	   data	    bss	    dec	    hex	filename
  29080	     24	   1872	  30976	   7900	oled1.elf
Finished building: default.size.stdout
 
Finished building: oled1.list
 
