Archive member included to satisfy reference by file (symbol)

e:/stm32cubeide_1.12.0/stm32cubeide/plugins/com.st.stm32cube.ide.mcu.externaltools.gnu-tools-for-stm32.10.3-2021.10.win32_1.0.200.202301161003/tools/bin/../lib/gcc/arm-none-eabi/10.3.1/../../../../arm-none-eabi/lib/thumb/v7e-m+dp/hard\libc_nano.a(lib_a-errno.o)
                              ./Core/Src/syscalls.o (__errno)
e:/stm32cubeide_1.12.0/stm32cubeide/plugins/com.st.stm32cube.ide.mcu.externaltools.gnu-tools-for-stm32.10.3-2021.10.win32_1.0.200.202301161003/tools/bin/../lib/gcc/arm-none-eabi/10.3.1/../../../../arm-none-eabi/lib/thumb/v7e-m+dp/hard\libc_nano.a(lib_a-exit.o)
                              e:/stm32cubeide_1.12.0/stm32cubeide/plugins/com.st.stm32cube.ide.mcu.externaltools.gnu-tools-for-stm32.10.3-2021.10.win32_1.0.200.202301161003/tools/bin/../lib/gcc/arm-none-eabi/10.3.1/../../../../arm-none-eabi/lib/thumb/v7e-m+dp/hard/crt0.o (exit)
e:/stm32cubeide_1.12.0/stm32cubeide/plugins/com.st.stm32cube.ide.mcu.externaltools.gnu-tools-for-stm32.10.3-2021.10.win32_1.0.200.202301161003/tools/bin/../lib/gcc/arm-none-eabi/10.3.1/../../../../arm-none-eabi/lib/thumb/v7e-m+dp/hard\libc_nano.a(lib_a-impure.o)
                              e:/stm32cubeide_1.12.0/stm32cubeide/plugins/com.st.stm32cube.ide.mcu.externaltools.gnu-tools-for-stm32.10.3-2021.10.win32_1.0.200.202301161003/tools/bin/../lib/gcc/arm-none-eabi/10.3.1/../../../../arm-none-eabi/lib/thumb/v7e-m+dp/hard\libc_nano.a(lib_a-exit.o) (_global_impure_ptr)
e:/stm32cubeide_1.12.0/stm32cubeide/plugins/com.st.stm32cube.ide.mcu.externaltools.gnu-tools-for-stm32.10.3-2021.10.win32_1.0.200.202301161003/tools/bin/../lib/gcc/arm-none-eabi/10.3.1/../../../../arm-none-eabi/lib/thumb/v7e-m+dp/hard\libc_nano.a(lib_a-init.o)
                              e:/stm32cubeide_1.12.0/stm32cubeide/plugins/com.st.stm32cube.ide.mcu.externaltools.gnu-tools-for-stm32.10.3-2021.10.win32_1.0.200.202301161003/tools/bin/../lib/gcc/arm-none-eabi/10.3.1/../../../../arm-none-eabi/lib/thumb/v7e-m+dp/hard/crt0.o (__libc_init_array)
e:/stm32cubeide_1.12.0/stm32cubeide/plugins/com.st.stm32cube.ide.mcu.externaltools.gnu-tools-for-stm32.10.3-2021.10.win32_1.0.200.202301161003/tools/bin/../lib/gcc/arm-none-eabi/10.3.1/../../../../arm-none-eabi/lib/thumb/v7e-m+dp/hard\libc_nano.a(lib_a-memcpy-stub.o)
                              ./Core/Src/main.o (memcpy)
e:/stm32cubeide_1.12.0/stm32cubeide/plugins/com.st.stm32cube.ide.mcu.externaltools.gnu-tools-for-stm32.10.3-2021.10.win32_1.0.200.202301161003/tools/bin/../lib/gcc/arm-none-eabi/10.3.1/../../../../arm-none-eabi/lib/thumb/v7e-m+dp/hard\libc_nano.a(lib_a-memset.o)
                              e:/stm32cubeide_1.12.0/stm32cubeide/plugins/com.st.stm32cube.ide.mcu.externaltools.gnu-tools-for-stm32.10.3-2021.10.win32_1.0.200.202301161003/tools/bin/../lib/gcc/arm-none-eabi/10.3.1/../../../../arm-none-eabi/lib/thumb/v7e-m+dp/hard/crt0.o (memset)
e:/stm32cubeide_1.12.0/stm32cubeide/plugins/com.st.stm32cube.ide.mcu.externaltools.gnu-tools-for-stm32.10.3-2021.10.win32_1.0.200.202301161003/tools/bin/../lib/gcc/arm-none-eabi/10.3.1/../../../../arm-none-eabi/lib/thumb/v7e-m+dp/hard\libc_nano.a(lib_a-strlen.o)
                              ./Core/Src/main.o (strlen)
e:/stm32cubeide_1.12.0/stm32cubeide/plugins/com.st.stm32cube.ide.mcu.externaltools.gnu-tools-for-stm32.10.3-2021.10.win32_1.0.200.202301161003/tools/bin/../lib/gcc/arm-none-eabi/10.3.1/thumb/v7e-m+dp/hard\libgcc.a(_aeabi_uldivmod.o)
                              ./Drivers/STM32H7xx_HAL_Driver/Src/stm32h7xx_hal_uart.o (__aeabi_uldivmod)
e:/stm32cubeide_1.12.0/stm32cubeide/plugins/com.st.stm32cube.ide.mcu.externaltools.gnu-tools-for-stm32.10.3-2021.10.win32_1.0.200.202301161003/tools/bin/../lib/gcc/arm-none-eabi/10.3.1/thumb/v7e-m+dp/hard\libgcc.a(_udivmoddi4.o)
                              e:/stm32cubeide_1.12.0/stm32cubeide/plugins/com.st.stm32cube.ide.mcu.externaltools.gnu-tools-for-stm32.10.3-2021.10.win32_1.0.200.202301161003/tools/bin/../lib/gcc/arm-none-eabi/10.3.1/thumb/v7e-m+dp/hard\libgcc.a(_aeabi_uldivmod.o) (__udivmoddi4)
e:/stm32cubeide_1.12.0/stm32cubeide/plugins/com.st.stm32cube.ide.mcu.externaltools.gnu-tools-for-stm32.10.3-2021.10.win32_1.0.200.202301161003/tools/bin/../lib/gcc/arm-none-eabi/10.3.1/thumb/v7e-m+dp/hard\libgcc.a(_dvmd_tls.o)
                              e:/stm32cubeide_1.12.0/stm32cubeide/plugins/com.st.stm32cube.ide.mcu.externaltools.gnu-tools-for-stm32.10.3-2021.10.win32_1.0.200.202301161003/tools/bin/../lib/gcc/arm-none-eabi/10.3.1/thumb/v7e-m+dp/hard\libgcc.a(_aeabi_uldivmod.o) (__aeabi_ldiv0)

Discarded input sections

 .text          0x0000000000000000        0x0 e:/stm32cubeide_1.12.0/stm32cubeide/plugins/com.st.stm32cube.ide.mcu.externaltools.gnu-tools-for-stm32.10.3-2021.10.win32_1.0.200.202301161003/tools/bin/../lib/gcc/arm-none-eabi/10.3.1/thumb/v7e-m+dp/hard/crti.o
[...]
Memory Configuration

Name             Origin             Length             Attributes
ITCMRAM          0x0000000000000000 0x0000000000010000 xrw
FLASH            0x0000000008000000 0x0000000000200000 xr
DTCMRAM1         0x0000000020000000 0x0000000000010000 xrw
DTCMRAM2         0x0000000020010000 0x0000000000010000 xrw
RAM              0x0000000024000000 0x0000000000100000 xrw
RAM_CD           0x0000000030000000 0x0000000000020000 xrw
RAM_SRD          0x0000000038000000 0x0000000000008000 xrw
*default*        0x0000000000000000 0xffffffffffffffff

Linker script and memory map

LOAD e:/stm32cubeide_1.12.0/stm32cubeide/plugins/com.st.stm32cube.ide.mcu.externaltools.gnu-tools-for-stm32.10.3-2021.10.win32_1.0.200.202301161003/tools/bin/../lib/gcc/arm-none-eabi/10.3.1/thumb/v7e-m+dp/hard/crti.o
LOAD e:/stm32cubeide_1.12.0/stm32cubeide/plugins/com.st.stm32cube.ide.mcu.externaltools.gnu-tools-for-stm32.10.3-2021.10.win32_1.0.200.202301161003/tools/bin/../lib/gcc/arm-none-eabi/10.3.1/thumb/v7e-m+dp/hard/crtbegin.o
LOAD e:/stm32cubeide_1.12.0/stm32cubeide/plugins/com.st.stm32cube.ide.mcu.externaltools.gnu-tools-for-stm32.10.3-2021.10.win32_1.0.200.202301161003/tools/bin/../lib/gcc/arm-none-eabi/10.3.1/../../../../arm-none-eabi/lib/thumb/v7e-m+dp/hard/crt0.o
LOAD ./Core/Src/Ethernet/socket.o
LOAD ./Core/Src/Ethernet/w5500.o
LOAD ./Core/Src/Ethernet/wizchip_conf.o
LOAD ./Core/Src/gpio.o
LOAD ./Core/Src/main.o
LOAD ./Core/Src/spi.o
LOAD ./Core/Src/stm32h7xx_hal_msp.o
LOAD ./Core/Src/stm32h7xx_it.o
LOAD ./Core/Src/syscalls.o
LOAD ./Core/Src/sysmem.o
LOAD ./Core/Src/system_stm32h7xx.o
LOAD ./Core/Src/tim.o
LOAD ./Core/Src/usart.o
LOAD ./Core/Startup/startup_stm32h7a3zitxq.o
LOAD ./Drivers/STM32H7xx_HAL_Driver/Src/stm32h7xx_hal.o
LOAD ./Drivers/STM32H7xx_HAL_Driver/Src/stm32h7xx_hal_cortex.o
LOAD ./Drivers/STM32H7xx_HAL_Driver/Src/stm32h7xx_hal_dma.o
LOAD ./Drivers/STM32H7xx_HAL_Driver/Src/stm32h7xx_hal_dma_ex.o
LOAD ./Drivers/STM32H7xx_HAL_Driver/Src/stm32h7xx_hal_exti.o
LOAD ./Drivers/STM32H7xx_HAL_Driver/Src/stm32h7xx_hal_flash.o
LOAD ./Drivers/STM32H7xx_HAL_Driver/Src/stm32h7xx_hal_flash_ex.o
LOAD ./Drivers/STM32H7xx_HAL_Driver/Src/stm32h7xx_hal_gpio.o
LOAD ./Drivers/STM32H7xx_HAL_Driver/Src/stm32h7xx_hal_hsem.o
LOAD ./Drivers/STM32H7xx_HAL_Driver/Src/stm32h7xx_hal_i2c.o
LOAD ./Drivers/STM32H7xx_HAL_Driver/Src/stm32h7xx_hal_i2c_ex.o
LOAD ./Drivers/STM32H7xx_HAL_Driver/Src/stm32h7xx_hal_mdma.o
LOAD ./Drivers/STM32H7xx_HAL_Driver/Src/stm32h7xx_hal_pwr.o
LOAD ./Drivers/STM32H7xx_HAL_Driver/Src/stm32h7xx_hal_pwr_ex.o
LOAD ./Drivers/STM32H7xx_HAL_Driver/Src/stm32h7xx_hal_rcc.o
LOAD ./Drivers/STM32H7xx_HAL_Driver/Src/stm32h7xx_hal_rcc_ex.o
LOAD ./Drivers/STM32H7xx_HAL_Driver/Src/stm32h7xx_hal_spi.o
LOAD ./Drivers/STM32H7xx_HAL_Driver/Src/stm32h7xx_hal_spi_ex.o
LOAD ./Drivers/STM32H7xx_HAL_Driver/Src/stm32h7xx_hal_tim.o
LOAD ./Drivers/STM32H7xx_HAL_Driver/Src/stm32h7xx_hal_tim_ex.o
LOAD ./Drivers/STM32H7xx_HAL_Driver/Src/stm32h7xx_hal_uart.o
LOAD ./Drivers/STM32H7xx_HAL_Driver/Src/stm32h7xx_hal_uart_ex.o
START GROUP
LOAD e:/stm32cubeide_1.12.0/stm32cubeide/plugins/com.st.stm32cube.ide.mcu.externaltools.gnu-tools-for-stm32.10.3-2021.10.win32_1.0.200.202301161003/tools/bin/../lib/gcc/arm-none-eabi/10.3.1/../../../../arm-none-eabi/lib/thumb/v7e-m+dp/hard\libc_nano.a
LOAD e:/stm32cubeide_1.12.0/stm32cubeide/plugins/com.st.stm32cube.ide.mcu.externaltools.gnu-tools-for-stm32.10.3-2021.10.win32_1.0.200.202301161003/tools/bin/../lib/gcc/arm-none-eabi/10.3.1/../../../../arm-none-eabi/lib/thumb/v7e-m+dp/hard\libm.a
END GROUP
START GROUP
LOAD e:/stm32cubeide_1.12.0/stm32cubeide/plugins/com.st.stm32cube.ide.mcu.externaltools.gnu-tools-for-stm32.10.3-2021.10.win32_1.0.200.202301161003/tools/bin/../lib/gcc/arm-none-eabi/10.3.1/thumb/v7e-m+dp/hard\libgcc.a
LOAD e:/stm32cubeide_1.12.0/stm32cubeide/plugins/com.st.stm32cube.ide.mcu.externaltools.gnu-tools-for-stm32.10.3-2021.10.win32_1.0.200.202301161003/tools/bin/../lib/gcc/arm-none-eabi/10.3.1/../../../../arm-none-eabi/lib/thumb/v7e-m+dp/hard\libc_nano.a
END GROUP
START GROUP
LOAD e:/stm32cubeide_1.12.0/stm32cubeide/plugins/com.st.stm32cube.ide.mcu.externaltools.gnu-tools-for-stm32.10.3-2021.10.win32_1.0.200.202301161003/tools/bin/../lib/gcc/arm-none-eabi/10.3.1/thumb/v7e-m+dp/hard\libgcc.a
LOAD e:/stm32cubeide_1.12.0/stm32cubeide/plugins/com.st.stm32cube.ide.mcu.externaltools.gnu-tools-for-stm32.10.3-2021.10.win32_1.0.200.202301161003/tools/bin/../lib/gcc/arm-none-eabi/10.3.1/../../../../arm-none-eabi/lib/thumb/v7e-m+dp/hard\libc_nano.a
LOAD e:/stm32cubeide_1.12.0/stm32cubeide/plugins/com.st.stm32cube.ide.mcu.externaltools.gnu-tools-for-stm32.10.3-2021.10.win32_1.0.200.202301161003/tools/bin/../lib/gcc/arm-none-eabi/10.3.1/../../../../arm-none-eabi/lib/thumb/v7e-m+dp/hard\libnosys.a
END GROUP
START GROUP
LOAD e:/stm32cubeide_1.12.0/stm32cubeide/plugins/com.st.stm32cube.ide.mcu.externaltools.gnu-tools-for-stm32.10.3-2021.10.win32_1.0.200.202301161003/tools/bin/../lib/gcc/arm-none-eabi/10.3.1/thumb/v7e-m+dp/hard\libgcc.a
LOAD e:/stm32cubeide_1.12.0/stm32cubeide/plugins/com.st.stm32cube.ide.mcu.externaltools.gnu-tools-for-stm32.10.3-2021.10.win32_1.0.200.202301161003/tools/bin/../lib/gcc/arm-none-eabi/10.3.1/../../../../arm-none-eabi/lib/thumb/v7e-m+dp/hard\libc_nano.a
LOAD e:/stm32cubeide_1.12.0/stm32cubeide/plugins/com.st.stm32cube.ide.mcu.externaltools.gnu-tools-for-stm32.10.3-2021.10.win32_1.0.200.202301161003/tools/bin/../lib/gcc/arm-none-eabi/10.3.1/../../../../arm-none-eabi/lib/thumb/v7e-m+dp/hard\libnosys.a
END GROUP
LOAD e:/stm32cubeide_1.12.0/stm32cubeide/plugins/com.st.stm32cube.ide.mcu.externaltools.gnu-tools-for-stm32.10.3-2021.10.win32_1.0.200.202301161003/tools/bin/../lib/gcc/arm-none-eabi/10.3.1/thumb/v7e-m+dp/hard/crtend.o
LOAD e:/stm32cubeide_1.12.0/stm32cubeide/plugins/com.st.stm32cube.ide.mcu.externaltools.gnu-tools-for-stm32.10.3-2021.10.win32_1.0.200.202301161003/tools/bin/../lib/gcc/arm-none-eabi/10.3.1/thumb/v7e-m+dp/hard/crtn.o
                0x0000000024100000                _estack = (ORIGIN (RAM) + LENGTH (RAM))
                0x0000000000000200                _Min_Heap_Size = 0x200
                0x0000000000000400                _Min_Stack_Size = 0x400

.isr_vector     0x0000000008000000      0x2ac
                0x0000000008000000                . = ALIGN (0x4)
 *(.isr_vector)
 .isr_vector    0x0000000008000000      0x2ac ./Core/Startup/startup_stm32h7a3zitxq.o
                0x0000000008000000                g_pfnVectors
                0x00000000080002ac                . = ALIGN (0x4)

.text           0x00000000080002ac     0x7a84
                0x00000000080002ac                . = ALIGN (0x4)
 *(.text)
 .text          0x00000000080002ac       0x40 e:/stm32cubeide_1.12.0/stm32cubeide/plugins/com.st.stm32cube.ide.mcu.externaltools.gnu-tools-for-stm32.10.3-2021.10.win32_1.0.200.202301161003/tools/bin/../lib/gcc/arm-none-eabi/10.3.1/thumb/v7e-m+dp/hard/crtbegin.o
 .text          0x00000000080002ec       0x10 e:/stm32cubeide_1.12.0/stm32cubeide/plugins/com.st.stm32cube.ide.mcu.externaltools.gnu-tools-for-stm32.10.3-2021.10.win32_1.0.200.202301161003/tools/bin/../lib/gcc/arm-none-eabi/10.3.1/../../../../arm-none-eabi/lib/thumb/v7e-m+dp/hard\libc_nano.a(lib_a-strlen.o)
                0x00000000080002ec                strlen
 .text          0x00000000080002fc       0x30 e:/stm32cubeide_1.12.0/stm32cubeide/plugins/com.st.stm32cube.ide.mcu.externaltools.gnu-tools-for-stm32.10.3-2021.10.win32_1.0.200.202301161003/tools/bin/../lib/gcc/arm-none-eabi/10.3.1/thumb/v7e-m+dp/hard\libgcc.a(_aeabi_uldivmod.o)
                0x00000000080002fc                __aeabi_uldivmod
 .text          0x000000000800032c      0x2d0 e:/stm32cubeide_1.12.0/stm32cubeide/plugins/com.st.stm32cube.ide.mcu.externaltools.gnu-tools-for-stm32.10.3-2021.10.win32_1.0.200.202301161003/tools/bin/../lib/gcc/arm-none-eabi/10.3.1/thumb/v7e-m+dp/hard\libgcc.a(_udivmoddi4.o)
                0x000000000800032c                __udivmoddi4
 .text          0x00000000080005fc        0x4 e:/stm32cubeide_1.12.0/stm32cubeide/plugins/com.st.stm32cube.ide.mcu.externaltools.gnu-tools-for-stm32.10.3-2021.10.win32_1.0.200.202301161003/tools/bin/../lib/gcc/arm-none-eabi/10.3.1/thumb/v7e-m+dp/hard\libgcc.a(_dvmd_tls.o)
                0x00000000080005fc                __aeabi_idiv0
                0x00000000080005fc                __aeabi_ldiv0
 *(.text*)
 .text.socket   0x0000000008000600      0x22c ./Core/Src/Ethernet/socket.o
                0x0000000008000600                socket
 .text.close    0x000000000800082c       0xdc ./Core/Src/Ethernet/socket.o
                0x000000000800082c                close
 .text.sendto   0x0000000008000908      0x26c ./Core/Src/Ethernet/socket.o
                0x0000000008000908                sendto
 .text.recvfrom
                0x0000000008000b74      0x3dc ./Core/Src/Ethernet/socket.o
                0x0000000008000b74                recvfrom
 .text.WIZCHIP_READ
                0x0000000008000f50       0x98 ./Core/Src/Ethernet/w5500.o
                0x0000000008000f50                WIZCHIP_READ
 .text.WIZCHIP_WRITE
                0x0000000008000fe8       0x9c ./Core/Src/Ethernet/w5500.o
                0x0000000008000fe8                WIZCHIP_WRITE
 .text.WIZCHIP_READ_BUF
                0x0000000008001084       0xc0 ./Core/Src/Ethernet/w5500.o
                0x0000000008001084                WIZCHIP_READ_BUF
 .text.WIZCHIP_WRITE_BUF
                0x0000000008001144       0xc0 ./Core/Src/Ethernet/w5500.o
                0x0000000008001144                WIZCHIP_WRITE_BUF
 .text.getSn_TX_FSR
                0x0000000008001204       0x96 ./Core/Src/Ethernet/w5500.o
                0x0000000008001204                getSn_TX_FSR
 .text.getSn_RX_RSR
                0x000000000800129a       0x96 ./Core/Src/Ethernet/w5500.o
                0x000000000800129a                getSn_RX_RSR
 .text.wiz_send_data
                0x0000000008001330       0xb8 ./Core/Src/Ethernet/w5500.o
                0x0000000008001330                wiz_send_data
 .text.wiz_recv_data
                0x00000000080013e8       0xb8 ./Core/Src/Ethernet/w5500.o
                0x00000000080013e8                wiz_recv_data
 .text.wiz_recv_ignore
                0x00000000080014a0       0x90 ./Core/Src/Ethernet/w5500.o
                0x00000000080014a0                wiz_recv_ignore
 .text.wizchip_cris_enter
                0x0000000008001530       0x1e ./Core/Src/Ethernet/wizchip_conf.o
                0x0000000008001530                wizchip_cris_enter
 .text.wizchip_cris_exit
                0x000000000800154e       0x1e ./Core/Src/Ethernet/wizchip_conf.o
                0x000000000800154e                wizchip_cris_exit
 .text.wizchip_cs_select
                0x000000000800156c       0x18 ./Core/Src/Ethernet/wizchip_conf.o
                0x000000000800156c                wizchip_cs_select
 .text.wizchip_cs_deselect
                0x0000000008001584       0x18 ./Core/Src/Ethernet/wizchip_conf.o
                0x0000000008001584                wizchip_cs_deselect
 .text.wizchip_bus_readdata
                0x000000000800159c       0x1a ./Core/Src/Ethernet/wizchip_conf.o
                0x000000000800159c                wizchip_bus_readdata
 .text.wizchip_bus_writedata
                0x00000000080015b6       0x1e ./Core/Src/Ethernet/wizchip_conf.o
                0x00000000080015b6                wizchip_bus_writedata
 .text.wizchip_spi_readbyte
                0x00000000080015d4       0x2c ./Core/Src/Ethernet/wizchip_conf.o
                0x00000000080015d4                wizchip_spi_readbyte
 .text.wizchip_spi_writebyte
                0x0000000008001600       0x24 ./Core/Src/Ethernet/wizchip_conf.o
                0x0000000008001600                wizchip_spi_writebyte
 .text.wizchip_spi_readburst
                0x0000000008001624       0x30 ./Core/Src/Ethernet/wizchip_conf.o
                0x0000000008001624                wizchip_spi_readburst
 .text.wizchip_spi_writeburst
                0x0000000008001654       0x30 ./Core/Src/Ethernet/wizchip_conf.o
                0x0000000008001654                wizchip_spi_writeburst
 .text.w5500_regFunc
                0x0000000008001684       0x48 ./Core/Src/Ethernet/wizchip_conf.o
                0x0000000008001684                w5500_regFunc
 .text.reg_wizchip_cris_cbfunc
                0x00000000080016cc       0x4c ./Core/Src/Ethernet/wizchip_conf.o
                0x00000000080016cc                reg_wizchip_cris_cbfunc
 .text.reg_wizchip_cs_cbfunc
                0x0000000008001718       0x4c ./Core/Src/Ethernet/wizchip_conf.o
                0x0000000008001718                reg_wizchip_cs_cbfunc
 .text.reg_wizchip_spi_cbfunc
                0x0000000008001764       0x58 ./Core/Src/Ethernet/wizchip_conf.o
                0x0000000008001764                reg_wizchip_spi_cbfunc
 .text.reg_wizchip_spiburst_cbfunc
                0x00000000080017bc       0x58 ./Core/Src/Ethernet/wizchip_conf.o
                0x00000000080017bc                reg_wizchip_spiburst_cbfunc
 .text.wizchip_sw_reset
                0x0000000008001814       0x98 ./Core/Src/Ethernet/wizchip_conf.o
                0x0000000008001814                wizchip_sw_reset
 .text.wizchip_init
                0x00000000080018ac      0x118 ./Core/Src/Ethernet/wizchip_conf.o
                0x00000000080018ac                wizchip_init
 .text.wizphy_reset
                0x00000000080019c4       0x4e ./Core/Src/Ethernet/wizchip_conf.o
                0x00000000080019c4                wizphy_reset
 .text.wizphy_setphyconf
                0x0000000008001a12       0x84 ./Core/Src/Ethernet/wizchip_conf.o
                0x0000000008001a12                wizphy_setphyconf
 *fill*         0x0000000008001a96        0x2 
 .text.wizchip_setnetinfo
                0x0000000008001a98       0x80 ./Core/Src/Ethernet/wizchip_conf.o
                0x0000000008001a98                wizchip_setnetinfo
 .text.wizchip_getnetinfo
                0x0000000008001b18       0x80 ./Core/Src/Ethernet/wizchip_conf.o
                0x0000000008001b18                wizchip_getnetinfo
 .text.MX_GPIO_Init
                0x0000000008001b98      0x104 ./Core/Src/gpio.o
                0x0000000008001b98                MX_GPIO_Init
 .text.w5500_hard_rst
                0x0000000008001c9c       0x30 ./Core/Src/main.o
 .text.w5500_chip_init
                0x0000000008001ccc       0x2c ./Core/Src/main.o
 .text.w5500_phy_init
                0x0000000008001cf8       0x26 ./Core/Src/main.o
 *fill*         0x0000000008001d1e        0x2 
 .text.w5500_network_init
                0x0000000008001d20       0x78 ./Core/Src/main.o
 .text.w5500_init
                0x0000000008001d98       0x32 ./Core/Src/main.o
                0x0000000008001d98                w5500_init
 *fill*         0x0000000008001dca        0x2 
 .text.uart_printf
                0x0000000008001dcc       0x2c ./Core/Src/main.o
                0x0000000008001dcc                uart_printf
 .text.main     0x0000000008001df8      0x1e8 ./Core/Src/main.o
                0x0000000008001df8                main
 .text.SystemClock_Config
                0x0000000008001fe0       0xec ./Core/Src/main.o
                0x0000000008001fe0                SystemClock_Config
 .text.Error_Handler
                0x00000000080020cc        0xa ./Core/Src/main.o
                0x00000000080020cc                Error_Handler
 *fill*         0x00000000080020d6        0x2 
 .text.MX_SPI1_Init
                0x00000000080020d8       0xac ./Core/Src/spi.o
                0x00000000080020d8                MX_SPI1_Init
 .text.HAL_SPI_MspInit
                0x0000000008002184       0xd0 ./Core/Src/spi.o
                0x0000000008002184                HAL_SPI_MspInit
 .text.HAL_MspInit
                0x0000000008002254       0x34 ./Core/Src/stm32h7xx_hal_msp.o
                0x0000000008002254                HAL_MspInit
 .text.NMI_Handler
                0x0000000008002288        0x6 ./Core/Src/stm32h7xx_it.o
                0x0000000008002288                NMI_Handler
 .text.HardFault_Handler
                0x000000000800228e        0x6 ./Core/Src/stm32h7xx_it.o
                0x000000000800228e                HardFault_Handler
 .text.MemManage_Handler
                0x0000000008002294        0x6 ./Core/Src/stm32h7xx_it.o
                0x0000000008002294                MemManage_Handler
 .text.BusFault_Handler
                0x000000000800229a        0x6 ./Core/Src/stm32h7xx_it.o
                0x000000000800229a                BusFault_Handler
 .text.UsageFault_Handler
                0x00000000080022a0        0x6 ./Core/Src/stm32h7xx_it.o
                0x00000000080022a0                UsageFault_Handler
 .text.SVC_Handler
                0x00000000080022a6        0xe ./Core/Src/stm32h7xx_it.o
                0x00000000080022a6                SVC_Handler
 .text.DebugMon_Handler
                0x00000000080022b4        0xe ./Core/Src/stm32h7xx_it.o
                0x00000000080022b4                DebugMon_Handler
 .text.PendSV_Handler
                0x00000000080022c2        0xe ./Core/Src/stm32h7xx_it.o
                0x00000000080022c2                PendSV_Handler
 .text.SysTick_Handler
                0x00000000080022d0        0xc ./Core/Src/stm32h7xx_it.o
                0x00000000080022d0                SysTick_Handler
 .text.EXTI9_5_IRQHandler
                0x00000000080022dc       0x10 ./Core/Src/stm32h7xx_it.o
                0x00000000080022dc                EXTI9_5_IRQHandler
 .text.SystemInit
                0x00000000080022ec       0xf0 ./Core/Src/system_stm32h7xx.o
                0x00000000080022ec                SystemInit
 .text.MX_TIM7_Init
                0x00000000080023dc       0x6c ./Core/Src/tim.o
                0x00000000080023dc                MX_TIM7_Init
 .text.HAL_TIM_Base_MspInit
                0x0000000008002448       0x44 ./Core/Src/tim.o
                0x0000000008002448                HAL_TIM_Base_MspInit
 .text.MX_USART3_UART_Init
                0x000000000800248c       0x98 ./Core/Src/usart.o
                0x000000000800248c                MX_USART3_UART_Init
 .text.HAL_UART_MspInit
                0x0000000008002524       0xd4 ./Core/Src/usart.o
                0x0000000008002524                HAL_UART_MspInit
 .text.Reset_Handler
                0x00000000080025f8       0x50 ./Core/Startup/startup_stm32h7a3zitxq.o
                0x00000000080025f8                Reset_Handler
 .text.Default_Handler
                0x0000000008002648        0x2 ./Core/Startup/startup_stm32h7a3zitxq.o
                0x0000000008002648                RTC_Alarm_IRQHandler
                0x0000000008002648                EXTI2_IRQHandler
                0x0000000008002648                TIM8_CC_IRQHandler
                0x0000000008002648                UART8_IRQHandler
                0x0000000008002648                BDMA2_Channel1_IRQHandler
                0x0000000008002648                SPI4_IRQHandler
                0x0000000008002648                BDMA2_Channel0_IRQHandler
                0x0000000008002648                TIM1_CC_IRQHandler
                0x0000000008002648                DMA2_Stream5_IRQHandler
                0x0000000008002648                JPEG_IRQHandler
                0x0000000008002648                DMA1_Stream5_IRQHandler
                0x0000000008002648                EXTI3_IRQHandler
                0x0000000008002648                LPTIM4_IRQHandler
                0x0000000008002648                TIM8_TRG_COM_TIM14_IRQHandler
                0x0000000008002648                LPTIM2_IRQHandler
                0x0000000008002648                DFSDM1_FLT1_IRQHandler
                0x0000000008002648                DMAMUX2_OVR_IRQHandler
                0x0000000008002648                GFXMMU_IRQHandler
                0x0000000008002648                TIM8_UP_TIM13_IRQHandler
                0x0000000008002648                I2C3_ER_IRQHandler
                0x0000000008002648                DFSDM1_FLT2_IRQHandler
                0x0000000008002648                USART10_IRQHandler
                0x0000000008002648                MDMA_IRQHandler
                0x0000000008002648                LPTIM3_IRQHandler
                0x0000000008002648                BDMA2_Channel3_IRQHandler
                0x0000000008002648                HSEM1_IRQHandler
                0x0000000008002648                EXTI0_IRQHandler
                0x0000000008002648                I2C2_EV_IRQHandler
                0x0000000008002648                DAC2_IRQHandler
                0x0000000008002648                DMA1_Stream2_IRQHandler
                0x0000000008002648                FPU_IRQHandler
                0x0000000008002648                OTG_HS_WKUP_IRQHandler
                0x0000000008002648                FDCAN1_IT1_IRQHandler
                0x0000000008002648                LTDC_ER_IRQHandler
                0x0000000008002648                DMA2_Stream2_IRQHandler
                0x0000000008002648                SPI1_IRQHandler
                0x0000000008002648                OCTOSPI1_IRQHandler
                0x0000000008002648                TIM6_DAC_IRQHandler
                0x0000000008002648                BDMA2_Channel6_IRQHandler
                0x0000000008002648                DMA2_Stream3_IRQHandler
                0x0000000008002648                OCTOSPI2_IRQHandler
                0x0000000008002648                SAI2_IRQHandler
                0x0000000008002648                BDMA1_IRQHandler
                0x0000000008002648                DFSDM1_FLT3_IRQHandler
                0x0000000008002648                USART6_IRQHandler
                0x0000000008002648                TIM17_IRQHandler
                0x0000000008002648                USART3_IRQHandler
                0x0000000008002648                LPTIM5_IRQHandler
                0x0000000008002648                UART5_IRQHandler
                0x0000000008002648                DMA2_Stream0_IRQHandler
                0x0000000008002648                TIM4_IRQHandler
                0x0000000008002648                I2C1_EV_IRQHandler
                0x0000000008002648                DMA1_Stream6_IRQHandler
                0x0000000008002648                DMAMUX1_OVR_IRQHandler
                0x0000000008002648                DMA1_Stream1_IRQHandler
                0x0000000008002648                TIM16_IRQHandler
                0x0000000008002648                UART4_IRQHandler
                0x0000000008002648                TIM3_IRQHandler
                0x0000000008002648                RCC_IRQHandler
                0x0000000008002648                UART9_IRQHandler
                0x0000000008002648                TIM8_BRK_TIM12_IRQHandler
                0x0000000008002648                TIM1_TRG_COM_IRQHandler
                0x0000000008002648                Default_Handler
                0x0000000008002648                ECC_IRQHandler
                0x0000000008002648                BDMA2_Channel2_IRQHandler
                0x0000000008002648                CEC_IRQHandler
                0x0000000008002648                EXTI15_10_IRQHandler
                0x0000000008002648                DFSDM1_FLT4_IRQHandler
                0x0000000008002648                ADC_IRQHandler
                0x0000000008002648                DMA1_Stream7_IRQHandler
                0x0000000008002648                SPI5_IRQHandler
                0x0000000008002648                TIM7_IRQHandler
                0x0000000008002648                SDMMC1_IRQHandler
                0x0000000008002648                TIM5_IRQHandler
                0x0000000008002648                DMA2_Stream7_IRQHandler
                0x0000000008002648                TIM15_IRQHandler
                0x0000000008002648                I2C3_EV_IRQHandler
                0x0000000008002648                DFSDM2_IRQHandler
                0x0000000008002648                RTC_WKUP_IRQHandler
                0x0000000008002648                LTDC_IRQHandler
                0x0000000008002648                SPDIF_RX_IRQHandler
                0x0000000008002648                PVD_PVM_IRQHandler
                0x0000000008002648                SPI2_IRQHandler
                0x0000000008002648                OTG_HS_EP1_IN_IRQHandler
                0x0000000008002648                DFSDM1_FLT5_IRQHandler
                0x0000000008002648                DMA1_Stream0_IRQHandler
                0x0000000008002648                CRS_IRQHandler
                0x0000000008002648                EXTI4_IRQHandler
                0x0000000008002648                DFSDM1_FLT6_IRQHandler
                0x0000000008002648                RNG_IRQHandler
                0x0000000008002648                FDCAN2_IT1_IRQHandler
                0x0000000008002648                COMP_IRQHandler
                0x0000000008002648                TIM1_UP_IRQHandler
                0x0000000008002648                OTG_HS_EP1_OUT_IRQHandler
                0x0000000008002648                WWDG_IRQHandler
                0x0000000008002648                SPI6_IRQHandler
                0x0000000008002648                MDIOS_IRQHandler
                0x0000000008002648                I2C4_EV_IRQHandler
                0x0000000008002648                FDCAN2_IT0_IRQHandler
                0x0000000008002648                LPUART1_IRQHandler
                0x0000000008002648                FDCAN1_IT0_IRQHandler
                0x0000000008002648                TIM2_IRQHandler
                0x0000000008002648                BDMA2_Channel5_IRQHandler
                0x0000000008002648                OTG_HS_IRQHandler
                0x0000000008002648                DMA2D_IRQHandler
                0x0000000008002648                TIM1_BRK_IRQHandler
                0x0000000008002648                EXTI1_IRQHandler
                0x0000000008002648                SDMMC2_IRQHandler
                0x0000000008002648                DTS_IRQHandler
                0x0000000008002648                UART7_IRQHandler
                0x0000000008002648                MDIOS_WKUP_IRQHandler
                0x0000000008002648                USART2_IRQHandler
                0x0000000008002648                DFSDM1_FLT0_IRQHandler
                0x0000000008002648                I2C2_ER_IRQHandler
                0x0000000008002648                DMA2_Stream1_IRQHandler
                0x0000000008002648                DFSDM1_FLT7_IRQHandler
                0x0000000008002648                FLASH_IRQHandler
                0x0000000008002648                DMA2_Stream4_IRQHandler
                0x0000000008002648                USART1_IRQHandler
                0x0000000008002648                SPI3_IRQHandler
                0x0000000008002648                WAKEUP_PIN_IRQHandler
                0x0000000008002648                DMA1_Stream4_IRQHandler
                0x0000000008002648                I2C1_ER_IRQHandler
                0x0000000008002648                FMC_IRQHandler
                0x0000000008002648                BDMA2_Channel7_IRQHandler
                0x0000000008002648                FDCAN_CAL_IRQHandler
                0x0000000008002648                SWPMI1_IRQHandler
                0x0000000008002648                LPTIM1_IRQHandler
                0x0000000008002648                DCMI_PSSI_IRQHandler
                0x0000000008002648                I2C4_ER_IRQHandler
                0x0000000008002648                DMA2_Stream6_IRQHandler
                0x0000000008002648                SAI1_IRQHandler
                0x0000000008002648                DMA1_Stream3_IRQHandler
                0x0000000008002648                RTC_TAMP_STAMP_CSS_LSE_IRQHandler
                0x0000000008002648                BDMA2_Channel4_IRQHandler
 *fill*         0x000000000800264a        0x2 
 .text.HAL_Init
                0x000000000800264c       0x78 ./Drivers/STM32H7xx_HAL_Driver/Src/stm32h7xx_hal.o
                0x000000000800264c                HAL_Init
 .text.HAL_InitTick
                0x00000000080026c4       0x6c ./Drivers/STM32H7xx_HAL_Driver/Src/stm32h7xx_hal.o
                0x00000000080026c4                HAL_InitTick
 .text.HAL_IncTick
                0x0000000008002730       0x28 ./Drivers/STM32H7xx_HAL_Driver/Src/stm32h7xx_hal.o
                0x0000000008002730                HAL_IncTick
 .text.HAL_GetTick
                0x0000000008002758       0x18 ./Drivers/STM32H7xx_HAL_Driver/Src/stm32h7xx_hal.o
                0x0000000008002758                HAL_GetTick
 .text.HAL_Delay
                0x0000000008002770       0x48 ./Drivers/STM32H7xx_HAL_Driver/Src/stm32h7xx_hal.o
                0x0000000008002770                HAL_Delay
 .text.__NVIC_SetPriorityGrouping
                0x00000000080027b8       0x48 ./Drivers/STM32H7xx_HAL_Driver/Src/stm32h7xx_hal_cortex.o
 .text.__NVIC_GetPriorityGrouping
                0x0000000008002800       0x1c ./Drivers/STM32H7xx_HAL_Driver/Src/stm32h7xx_hal_cortex.o
 .text.__NVIC_EnableIRQ
                0x000000000800281c       0x3c ./Drivers/STM32H7xx_HAL_Driver/Src/stm32h7xx_hal_cortex.o
 .text.__NVIC_SetPriority
                0x0000000008002858       0x54 ./Drivers/STM32H7xx_HAL_Driver/Src/stm32h7xx_hal_cortex.o
 .text.NVIC_EncodePriority
                0x00000000080028ac       0x66 ./Drivers/STM32H7xx_HAL_Driver/Src/stm32h7xx_hal_cortex.o
 *fill*         0x0000000008002912        0x2 
 .text.SysTick_Config
                0x0000000008002914       0x44 ./Drivers/STM32H7xx_HAL_Driver/Src/stm32h7xx_hal_cortex.o
 .text.HAL_NVIC_SetPriorityGrouping
                0x0000000008002958       0x16 ./Drivers/STM32H7xx_HAL_Driver/Src/stm32h7xx_hal_cortex.o
                0x0000000008002958                HAL_NVIC_SetPriorityGrouping
 .text.HAL_NVIC_SetPriority
                0x000000000800296e       0x34 ./Drivers/STM32H7xx_HAL_Driver/Src/stm32h7xx_hal_cortex.o
                0x000000000800296e                HAL_NVIC_SetPriority
 .text.HAL_NVIC_EnableIRQ
                0x00000000080029a2       0x1c ./Drivers/STM32H7xx_HAL_Driver/Src/stm32h7xx_hal_cortex.o
                0x00000000080029a2                HAL_NVIC_EnableIRQ
 .text.HAL_SYSTICK_Config
                0x00000000080029be       0x18 ./Drivers/STM32H7xx_HAL_Driver/Src/stm32h7xx_hal_cortex.o
                0x00000000080029be                HAL_SYSTICK_Config
 *fill*         0x00000000080029d6        0x2 
 .text.HAL_GPIO_Init
                0x00000000080029d8      0x360 ./Drivers/STM32H7xx_HAL_Driver/Src/stm32h7xx_hal_gpio.o
                0x00000000080029d8                HAL_GPIO_Init
 .text.HAL_GPIO_WritePin
                0x0000000008002d38       0x32 ./Drivers/STM32H7xx_HAL_Driver/Src/stm32h7xx_hal_gpio.o
                0x0000000008002d38                HAL_GPIO_WritePin
 .text.HAL_GPIO_EXTI_IRQHandler
                0x0000000008002d6a       0x34 ./Drivers/STM32H7xx_HAL_Driver/Src/stm32h7xx_hal_gpio.o
                0x0000000008002d6a                HAL_GPIO_EXTI_IRQHandler
 .text.HAL_GPIO_EXTI_Callback
                0x0000000008002d9e       0x16 ./Drivers/STM32H7xx_HAL_Driver/Src/stm32h7xx_hal_gpio.o
                0x0000000008002d9e                HAL_GPIO_EXTI_Callback
 .text.HAL_PWREx_ConfigSupply
                0x0000000008002db4       0xb4 ./Drivers/STM32H7xx_HAL_Driver/Src/stm32h7xx_hal_pwr_ex.o
                0x0000000008002db4                HAL_PWREx_ConfigSupply
 .text.HAL_RCC_OscConfig
                0x0000000008002e68      0x864 ./Drivers/STM32H7xx_HAL_Driver/Src/stm32h7xx_hal_rcc.o
                0x0000000008002e68                HAL_RCC_OscConfig
 .text.HAL_RCC_ClockConfig
                0x00000000080036cc      0x36c ./Drivers/STM32H7xx_HAL_Driver/Src/stm32h7xx_hal_rcc.o
                0x00000000080036cc                HAL_RCC_ClockConfig
 .text.HAL_RCC_GetSysClockFreq
                0x0000000008003a38      0x2f4 ./Drivers/STM32H7xx_HAL_Driver/Src/stm32h7xx_hal_rcc.o
                0x0000000008003a38                HAL_RCC_GetSysClockFreq
 .text.HAL_RCC_GetHCLKFreq
                0x0000000008003d2c       0x60 ./Drivers/STM32H7xx_HAL_Driver/Src/stm32h7xx_hal_rcc.o
                0x0000000008003d2c                HAL_RCC_GetHCLKFreq
 .text.HAL_RCC_GetPCLK1Freq
                0x0000000008003d8c       0x2c ./Drivers/STM32H7xx_HAL_Driver/Src/stm32h7xx_hal_rcc.o
                0x0000000008003d8c                HAL_RCC_GetPCLK1Freq
 .text.HAL_RCC_GetPCLK2Freq
                0x0000000008003db8       0x2c ./Drivers/STM32H7xx_HAL_Driver/Src/stm32h7xx_hal_rcc.o
                0x0000000008003db8                HAL_RCC_GetPCLK2Freq
 .text.HAL_RCCEx_PeriphCLKConfig
                0x0000000008003de4     0x137c ./Drivers/STM32H7xx_HAL_Driver/Src/stm32h7xx_hal_rcc_ex.o
                0x0000000008003de4                HAL_RCCEx_PeriphCLKConfig
 .text.HAL_RCCEx_GetD3PCLK1Freq
                0x0000000008005160       0x2c ./Drivers/STM32H7xx_HAL_Driver/Src/stm32h7xx_hal_rcc_ex.o
                0x0000000008005160                HAL_RCCEx_GetD3PCLK1Freq
 .text.HAL_RCCEx_GetPLL2ClockFreq
                0x000000000800518c      0x2a8 ./Drivers/STM32H7xx_HAL_Driver/Src/stm32h7xx_hal_rcc_ex.o
                0x000000000800518c                HAL_RCCEx_GetPLL2ClockFreq
 .text.HAL_RCCEx_GetPLL3ClockFreq
                0x0000000008005434      0x2a8 ./Drivers/STM32H7xx_HAL_Driver/Src/stm32h7xx_hal_rcc_ex.o
                0x0000000008005434                HAL_RCCEx_GetPLL3ClockFreq
 .text.RCCEx_PLL2_Config
                0x00000000080056dc      0x164 ./Drivers/STM32H7xx_HAL_Driver/Src/stm32h7xx_hal_rcc_ex.o
 .text.RCCEx_PLL3_Config
                0x0000000008005840      0x164 ./Drivers/STM32H7xx_HAL_Driver/Src/stm32h7xx_hal_rcc_ex.o
 .text.HAL_SPI_Init
                0x00000000080059a4      0x248 ./Drivers/STM32H7xx_HAL_Driver/Src/stm32h7xx_hal_spi.o
                0x00000000080059a4                HAL_SPI_Init
 .text.HAL_SPI_Transmit
                0x0000000008005bec      0x3f8 ./Drivers/STM32H7xx_HAL_Driver/Src/stm32h7xx_hal_spi.o
                0x0000000008005bec                HAL_SPI_Transmit
 .text.HAL_SPI_Receive
                0x0000000008005fe4      0x320 ./Drivers/STM32H7xx_HAL_Driver/Src/stm32h7xx_hal_spi.o
                0x0000000008005fe4                HAL_SPI_Receive
 .text.SPI_CloseTransfer
                0x0000000008006304      0x140 ./Drivers/STM32H7xx_HAL_Driver/Src/stm32h7xx_hal_spi.o
 .text.SPI_WaitOnFlagUntilTimeout
                0x0000000008006444       0x5c ./Drivers/STM32H7xx_HAL_Driver/Src/stm32h7xx_hal_spi.o
 .text.SPI_GetPacketSize
                0x00000000080064a0       0x36 ./Drivers/STM32H7xx_HAL_Driver/Src/stm32h7xx_hal_spi.o
 .text.HAL_TIM_Base_Init
                0x00000000080064d6       0xae ./Drivers/STM32H7xx_HAL_Driver/Src/stm32h7xx_hal_tim.o
                0x00000000080064d6                HAL_TIM_Base_Init
 .text.TIM_Base_SetConfig
                0x0000000008006584      0x134 ./Drivers/STM32H7xx_HAL_Driver/Src/stm32h7xx_hal_tim.o
                0x0000000008006584                TIM_Base_SetConfig
 .text.HAL_TIMEx_MasterConfigSynchronization
                0x00000000080066b8      0x11c ./Drivers/STM32H7xx_HAL_Driver/Src/stm32h7xx_hal_tim_ex.o
                0x00000000080066b8                HAL_TIMEx_MasterConfigSynchronization
 .text.HAL_UART_Init
                0x00000000080067d4       0xa0 ./Drivers/STM32H7xx_HAL_Driver/Src/stm32h7xx_hal_uart.o
                0x00000000080067d4                HAL_UART_Init
 .text.HAL_UART_Transmit
                0x0000000008006874      0x11c ./Drivers/STM32H7xx_HAL_Driver/Src/stm32h7xx_hal_uart.o
                0x0000000008006874                HAL_UART_Transmit
 .text.UART_SetConfig
                0x0000000008006990      0xcd8 ./Drivers/STM32H7xx_HAL_Driver/Src/stm32h7xx_hal_uart.o
                0x0000000008006990                UART_SetConfig
 .text.UART_AdvFeatureConfig
                0x0000000008007668      0x144 ./Drivers/STM32H7xx_HAL_Driver/Src/stm32h7xx_hal_uart.o
                0x0000000008007668                UART_AdvFeatureConfig
 .text.UART_CheckIdleState
                0x00000000080077ac      0x154 ./Drivers/STM32H7xx_HAL_Driver/Src/stm32h7xx_hal_uart.o
                0x00000000080077ac                UART_CheckIdleState
 .text.UART_WaitOnFlagUntilTimeout
                0x0000000008007900       0xce ./Drivers/STM32H7xx_HAL_Driver/Src/stm32h7xx_hal_uart.o
                0x0000000008007900                UART_WaitOnFlagUntilTimeout
 *fill*         0x00000000080079ce        0x2 
 .text.UART_EndRxTransfer
                0x00000000080079d0       0xcc ./Drivers/STM32H7xx_HAL_Driver/Src/stm32h7xx_hal_uart.o
 .text.HAL_UARTEx_DisableFifoMode
                0x0000000008007a9c       0x72 ./Drivers/STM32H7xx_HAL_Driver/Src/stm32h7xx_hal_uart_ex.o
                0x0000000008007a9c                HAL_UARTEx_DisableFifoMode
 .text.HAL_UARTEx_SetTxFifoThreshold
                0x0000000008007b0e       0x7c ./Drivers/STM32H7xx_HAL_Driver/Src/stm32h7xx_hal_uart_ex.o
                0x0000000008007b0e                HAL_UARTEx_SetTxFifoThreshold
 .text.HAL_UARTEx_SetRxFifoThreshold
                0x0000000008007b8a       0x7c ./Drivers/STM32H7xx_HAL_Driver/Src/stm32h7xx_hal_uart_ex.o
                0x0000000008007b8a                HAL_UARTEx_SetRxFifoThreshold
 *fill*         0x0000000008007c06        0x2 
 .text.UARTEx_SetNbDataToProcess
                0x0000000008007c08       0x9c ./Drivers/STM32H7xx_HAL_Driver/Src/stm32h7xx_hal_uart_ex.o
 .text.__libc_init_array
                0x0000000008007ca4       0x48 e:/stm32cubeide_1.12.0/stm32cubeide/plugins/com.st.stm32cube.ide.mcu.externaltools.gnu-tools-for-stm32.10.3-2021.10.win32_1.0.200.202301161003/tools/bin/../lib/gcc/arm-none-eabi/10.3.1/../../../../arm-none-eabi/lib/thumb/v7e-m+dp/hard\libc_nano.a(lib_a-init.o)
                0x0000000008007ca4                __libc_init_array
 .text.memcpy   0x0000000008007cec       0x1c e:/stm32cubeide_1.12.0/stm32cubeide/plugins/com.st.stm32cube.ide.mcu.externaltools.gnu-tools-for-stm32.10.3-2021.10.win32_1.0.200.202301161003/tools/bin/../lib/gcc/arm-none-eabi/10.3.1/../../../../arm-none-eabi/lib/thumb/v7e-m+dp/hard\libc_nano.a(lib_a-memcpy-stub.o)
                0x0000000008007cec                memcpy
 .text.memset   0x0000000008007d08       0x10 e:/stm32cubeide_1.12.0/stm32cubeide/plugins/com.st.stm32cube.ide.mcu.externaltools.gnu-tools-for-stm32.10.3-2021.10.win32_1.0.200.202301161003/tools/bin/../lib/gcc/arm-none-eabi/10.3.1/../../../../arm-none-eabi/lib/thumb/v7e-m+dp/hard\libc_nano.a(lib_a-memset.o)
                0x0000000008007d08                memset
 *(.glue_7)
 .glue_7        0x0000000008007d18        0x0 linker stubs
 *(.glue_7t)
 .glue_7t       0x0000000008007d18        0x0 linker stubs
 *(.eh_frame)
 .eh_frame      0x0000000008007d18        0x0 e:/stm32cubeide_1.12.0/stm32cubeide/plugins/com.st.stm32cube.ide.mcu.externaltools.gnu-tools-for-stm32.10.3-2021.10.win32_1.0.200.202301161003/tools/bin/../lib/gcc/arm-none-eabi/10.3.1/thumb/v7e-m+dp/hard/crtbegin.o
 *(.init)
 .init          0x0000000008007d18        0x4 e:/stm32cubeide_1.12.0/stm32cubeide/plugins/com.st.stm32cube.ide.mcu.externaltools.gnu-tools-for-stm32.10.3-2021.10.win32_1.0.200.202301161003/tools/bin/../lib/gcc/arm-none-eabi/10.3.1/thumb/v7e-m+dp/hard/crti.o
                0x0000000008007d18                _init
 .init          0x0000000008007d1c        0x8 e:/stm32cubeide_1.12.0/stm32cubeide/plugins/com.st.stm32cube.ide.mcu.externaltools.gnu-tools-for-stm32.10.3-2021.10.win32_1.0.200.202301161003/tools/bin/../lib/gcc/arm-none-eabi/10.3.1/thumb/v7e-m+dp/hard/crtn.o
 *(.fini)
 .fini          0x0000000008007d24        0x4 e:/stm32cubeide_1.12.0/stm32cubeide/plugins/com.st.stm32cube.ide.mcu.externaltools.gnu-tools-for-stm32.10.3-2021.10.win32_1.0.200.202301161003/tools/bin/../lib/gcc/arm-none-eabi/10.3.1/thumb/v7e-m+dp/hard/crti.o
                0x0000000008007d24                _fini
 .fini          0x0000000008007d28        0x8 e:/stm32cubeide_1.12.0/stm32cubeide/plugins/com.st.stm32cube.ide.mcu.externaltools.gnu-tools-for-stm32.10.3-2021.10.win32_1.0.200.202301161003/tools/bin/../lib/gcc/arm-none-eabi/10.3.1/thumb/v7e-m+dp/hard/crtn.o
                0x0000000008007d30                . = ALIGN (0x4)
                0x0000000008007d30                _etext = .

.vfp11_veneer   0x0000000008007d30        0x0
 .vfp11_veneer  0x0000000008007d30        0x0 linker stubs

.v4_bx          0x0000000008007d30        0x0
 .v4_bx         0x0000000008007d30        0x0 linker stubs

.iplt           0x0000000008007d30        0x0
 .iplt          0x0000000008007d30        0x0 e:/stm32cubeide_1.12.0/stm32cubeide/plugins/com.st.stm32cube.ide.mcu.externaltools.gnu-tools-for-stm32.10.3-2021.10.win32_1.0.200.202301161003/tools/bin/../lib/gcc/arm-none-eabi/10.3.1/thumb/v7e-m+dp/hard/crtbegin.o

.rodata         0x0000000008007d30       0x64
                0x0000000008007d30                . = ALIGN (0x4)
 *(.rodata)
 .rodata        0x0000000008007d30       0x2c ./Core/Src/main.o
 *(.rodata*)
 .rodata.D1CorePrescTable
                0x0000000008007d5c       0x10 ./Core/Src/system_stm32h7xx.o
                0x0000000008007d5c                D1CorePrescTable
 .rodata.UARTPrescTable
                0x0000000008007d6c       0x18 ./Drivers/STM32H7xx_HAL_Driver/Src/stm32h7xx_hal_uart.o
                0x0000000008007d6c                UARTPrescTable
 .rodata.numerator.1
                0x0000000008007d84        0x8 ./Drivers/STM32H7xx_HAL_Driver/Src/stm32h7xx_hal_uart_ex.o
 .rodata.denominator.0
                0x0000000008007d8c        0x8 ./Drivers/STM32H7xx_HAL_Driver/Src/stm32h7xx_hal_uart_ex.o
                0x0000000008007d94                . = ALIGN (0x4)

.ARM.extab
 *(.ARM.extab* .gnu.linkonce.armextab.*)

.ARM            0x0000000008007d94        0x8
                0x0000000008007d94                __exidx_start = .
 *(.ARM.exidx*)
 .ARM.exidx     0x0000000008007d94        0x8 e:/stm32cubeide_1.12.0/stm32cubeide/plugins/com.st.stm32cube.ide.mcu.externaltools.gnu-tools-for-stm32.10.3-2021.10.win32_1.0.200.202301161003/tools/bin/../lib/gcc/arm-none-eabi/10.3.1/thumb/v7e-m+dp/hard\libgcc.a(_udivmoddi4.o)
                0x0000000008007d9c                __exidx_end = .

.rel.dyn        0x0000000008007d9c        0x0
 .rel.iplt      0x0000000008007d9c        0x0 e:/stm32cubeide_1.12.0/stm32cubeide/plugins/com.st.stm32cube.ide.mcu.externaltools.gnu-tools-for-stm32.10.3-2021.10.win32_1.0.200.202301161003/tools/bin/../lib/gcc/arm-none-eabi/10.3.1/thumb/v7e-m+dp/hard/crtbegin.o

.preinit_array  0x0000000008007d9c        0x0
                0x0000000008007d9c                PROVIDE (__preinit_array_start = .)
 *(.preinit_array*)
                0x0000000008007d9c                PROVIDE (__preinit_array_end = .)

.init_array     0x0000000008007d9c        0x4
                0x0000000008007d9c                PROVIDE (__init_array_start = .)
 *(SORT_BY_NAME(.init_array.*))
 *(.init_array*)
 .init_array    0x0000000008007d9c        0x4 e:/stm32cubeide_1.12.0/stm32cubeide/plugins/com.st.stm32cube.ide.mcu.externaltools.gnu-tools-for-stm32.10.3-2021.10.win32_1.0.200.202301161003/tools/bin/../lib/gcc/arm-none-eabi/10.3.1/thumb/v7e-m+dp/hard/crtbegin.o
                0x0000000008007da0                PROVIDE (__init_array_end = .)

.fini_array     0x0000000008007da0        0x4
                [!provide]                        PROVIDE (__fini_array_start = .)
 *(SORT_BY_NAME(.fini_array.*))
 *(.fini_array*)
 .fini_array    0x0000000008007da0        0x4 e:/stm32cubeide_1.12.0/stm32cubeide/plugins/com.st.stm32cube.ide.mcu.externaltools.gnu-tools-for-stm32.10.3-2021.10.win32_1.0.200.202301161003/tools/bin/../lib/gcc/arm-none-eabi/10.3.1/thumb/v7e-m+dp/hard/crtbegin.o
                [!provide]                        PROVIDE (__fini_array_end = .)
                0x0000000008007da4                _sidata = LOADADDR (.data)

.data           0x0000000024000000       0x40 load address 0x0000000008007da4
                0x0000000024000000                . = ALIGN (0x4)
                0x0000000024000000                _sdata = .
 *(.data)
 *(.data*)
 .data.sock_any_port
                0x0000000024000000        0x2 ./Core/Src/Ethernet/socket.o
 *fill*         0x0000000024000002        0x2 
 .data.WIZCHIP  0x0000000024000004       0x2c ./Core/Src/Ethernet/wizchip_conf.o
                0x0000000024000004                WIZCHIP
 .data.SystemCoreClock
                0x0000000024000030        0x4 ./Core/Src/system_stm32h7xx.o
                0x0000000024000030                SystemCoreClock
 .data.SystemD2Clock
                0x0000000024000034        0x4 ./Core/Src/system_stm32h7xx.o
                0x0000000024000034                SystemD2Clock
 .data.uwTickPrio
                0x0000000024000038        0x4 ./Drivers/STM32H7xx_HAL_Driver/Src/stm32h7xx_hal.o
                0x0000000024000038                uwTickPrio
 .data.uwTickFreq
                0x000000002400003c        0x1 ./Drivers/STM32H7xx_HAL_Driver/Src/stm32h7xx_hal.o
                0x000000002400003c                uwTickFreq
 *(.RamFunc)
 *(.RamFunc*)
                0x0000000024000040                . = ALIGN (0x4)
 *fill*         0x000000002400003d        0x3 
                0x0000000024000040                _edata = .

.igot.plt       0x0000000024000040        0x0 load address 0x0000000008007de4
 .igot.plt      0x0000000024000040        0x0 e:/stm32cubeide_1.12.0/stm32cubeide/plugins/com.st.stm32cube.ide.mcu.externaltools.gnu-tools-for-stm32.10.3-2021.10.win32_1.0.200.202301161003/tools/bin/../lib/gcc/arm-none-eabi/10.3.1/thumb/v7e-m+dp/hard/crtbegin.o
                0x0000000024000040                . = ALIGN (0x4)

.bss            0x0000000024000040      0x1d4 load address 0x0000000008007de4
                0x0000000024000040                _sbss = .
                0x0000000024000040                __bss_start__ = _sbss
 *(.bss)
 .bss           0x0000000024000040       0x1c e:/stm32cubeide_1.12.0/stm32cubeide/plugins/com.st.stm32cube.ide.mcu.externaltools.gnu-tools-for-stm32.10.3-2021.10.win32_1.0.200.202301161003/tools/bin/../lib/gcc/arm-none-eabi/10.3.1/thumb/v7e-m+dp/hard/crtbegin.o
 *(.bss*)
 .bss.sock_io_mode
                0x000000002400005c        0x2 ./Core/Src/Ethernet/socket.o
 .bss.sock_is_sending
                0x000000002400005e        0x2 ./Core/Src/Ethernet/socket.o
 .bss.sock_remained_size
                0x0000000024000060       0x10 ./Core/Src/Ethernet/socket.o
 .bss.sock_pack_info
                0x0000000024000070        0x8 ./Core/Src/Ethernet/socket.o
                0x0000000024000070                sock_pack_info
 .bss._DNS_     0x0000000024000078        0x4 ./Core/Src/Ethernet/wizchip_conf.o
 .bss._DHCP_    0x000000002400007c        0x1 ./Core/Src/Ethernet/wizchip_conf.o
 *fill*         0x000000002400007d        0x3 
 .bss.rxBuf     0x0000000024000080       0x14 ./Core/Src/main.o
                0x0000000024000080                rxBuf
 .bss.rxBuf1    0x0000000024000094       0x14 ./Core/Src/main.o
                0x0000000024000094                rxBuf1
 .bss.hspi1     0x00000000240000a8       0x88 ./Core/Src/spi.o
                0x00000000240000a8                hspi1
 .bss.htim7     0x0000000024000130       0x4c ./Core/Src/tim.o
                0x0000000024000130                htim7
 .bss.huart3    0x000000002400017c       0x94 ./Core/Src/usart.o
                0x000000002400017c                huart3
 .bss.uwTick    0x0000000024000210        0x4 ./Drivers/STM32H7xx_HAL_Driver/Src/stm32h7xx_hal.o
                0x0000000024000210                uwTick
 *(COMMON)
                0x0000000024000214                . = ALIGN (0x4)
                0x0000000024000214                _ebss = .
                0x0000000024000214                __bss_end__ = _ebss

._user_heap_stack
                0x0000000024000214      0x604 load address 0x0000000008007de4
                0x0000000024000218                . = ALIGN (0x8)
 *fill*         0x0000000024000214        0x4 
                [!provide]                        PROVIDE (end = .)
                0x0000000024000218                PROVIDE (_end = .)
                0x0000000024000418                . = (. + _Min_Heap_Size)
 *fill*         0x0000000024000218      0x200 
                0x0000000024000818                . = (. + _Min_Stack_Size)
 *fill*         0x0000000024000418      0x400 
                0x0000000024000818                . = ALIGN (0x8)

/DISCARD/
 libc.a(*)
 libm.a(*)
 libgcc.a(*)

.ARM.attributes
                0x0000000000000000       0x2e
 *(.ARM.attributes)
 .ARM.attributes
                0x0000000000000000       0x1e e:/stm32cubeide_1.12.0/stm32cubeide/plugins/com.st.stm32cube.ide.mcu.externaltools.gnu-tools-for-stm32.10.3-2021.10.win32_1.0.200.202301161003/tools/bin/../lib/gcc/arm-none-eabi/10.3.1/thumb/v7e-m+dp/hard/crti.o
 .ARM.attributes
                0x000000000000001e       0x32 e:/stm32cubeide_1.12.0/stm32cubeide/plugins/com.st.stm32cube.ide.mcu.externaltools.gnu-tools-for-stm32.10.3-2021.10.win32_1.0.200.202301161003/tools/bin/../lib/gcc/arm-none-eabi/10.3.1/thumb/v7e-m+dp/hard/crtbegin.o
 .ARM.attributes
                0x0000000000000050       0x32 ./Core/Src/Ethernet/socket.o
 .ARM.attributes
                0x0000000000000082       0x32 ./Core/Src/Ethernet/w5500.o
 .ARM.attributes
                0x00000000000000b4       0x32 ./Core/Src/Ethernet/wizchip_conf.o
 .ARM.attributes
                0x00000000000000e6       0x32 ./Core/Src/gpio.o
 .ARM.attributes
                0x0000000000000118       0x32 ./Core/Src/main.o
 .ARM.attributes
                0x000000000000014a       0x32 ./Core/Src/spi.o
 .ARM.attributes
                0x000000000000017c       0x32 ./Core/Src/stm32h7xx_hal_msp.o
 .ARM.attributes
                0x00000000000001ae       0x32 ./Core/Src/stm32h7xx_it.o
 .ARM.attributes
                0x00000000000001e0       0x32 ./Core/Src/system_stm32h7xx.o
 .ARM.attributes
                0x0000000000000212       0x32 ./Core/Src/tim.o
 .ARM.attributes
                0x0000000000000244       0x32 ./Core/Src/usart.o
 .ARM.attributes
                0x0000000000000276       0x21 ./Core/Startup/startup_stm32h7a3zitxq.o
 .ARM.attributes
                0x0000000000000297       0x32 ./Drivers/STM32H7xx_HAL_Driver/Src/stm32h7xx_hal.o
 .ARM.attributes
                0x00000000000002c9       0x32 ./Drivers/STM32H7xx_HAL_Driver/Src/stm32h7xx_hal_cortex.o
 .ARM.attributes
                0x00000000000002fb       0x32 ./Drivers/STM32H7xx_HAL_Driver/Src/stm32h7xx_hal_gpio.o
 .ARM.attributes
                0x000000000000032d       0x32 ./Drivers/STM32H7xx_HAL_Driver/Src/stm32h7xx_hal_pwr_ex.o
 .ARM.attributes
                0x000000000000035f       0x32 ./Drivers/STM32H7xx_HAL_Driver/Src/stm32h7xx_hal_rcc.o
 .ARM.attributes
                0x0000000000000391       0x32 ./Drivers/STM32H7xx_HAL_Driver/Src/stm32h7xx_hal_rcc_ex.o
 .ARM.attributes
                0x00000000000003c3       0x32 ./Drivers/STM32H7xx_HAL_Driver/Src/stm32h7xx_hal_spi.o
 .ARM.attributes
                0x00000000000003f5       0x32 ./Drivers/STM32H7xx_HAL_Driver/Src/stm32h7xx_hal_tim.o
 .ARM.attributes
                0x0000000000000427       0x32 ./Drivers/STM32H7xx_HAL_Driver/Src/stm32h7xx_hal_tim_ex.o
 .ARM.attributes
                0x0000000000000459       0x32 ./Drivers/STM32H7xx_HAL_Driver/Src/stm32h7xx_hal_uart.o
 .ARM.attributes
                0x000000000000048b       0x32 ./Drivers/STM32H7xx_HAL_Driver/Src/stm32h7xx_hal_uart_ex.o
 .ARM.attributes
                0x00000000000004bd       0x32 e:/stm32cubeide_1.12.0/stm32cubeide/plugins/com.st.stm32cube.ide.mcu.externaltools.gnu-tools-for-stm32.10.3-2021.10.win32_1.0.200.202301161003/tools/bin/../lib/gcc/arm-none-eabi/10.3.1/../../../../arm-none-eabi/lib/thumb/v7e-m+dp/hard\libc_nano.a(lib_a-init.o)
 .ARM.attributes
                0x00000000000004ef       0x32 e:/stm32cubeide_1.12.0/stm32cubeide/plugins/com.st.stm32cube.ide.mcu.externaltools.gnu-tools-for-stm32.10.3-2021.10.win32_1.0.200.202301161003/tools/bin/../lib/gcc/arm-none-eabi/10.3.1/../../../../arm-none-eabi/lib/thumb/v7e-m+dp/hard\libc_nano.a(lib_a-memcpy-stub.o)
 .ARM.attributes
                0x0000000000000521       0x32 e:/stm32cubeide_1.12.0/stm32cubeide/plugins/com.st.stm32cube.ide.mcu.externaltools.gnu-tools-for-stm32.10.3-2021.10.win32_1.0.200.202301161003/tools/bin/../lib/gcc/arm-none-eabi/10.3.1/../../../../arm-none-eabi/lib/thumb/v7e-m+dp/hard\libc_nano.a(lib_a-memset.o)
 .ARM.attributes
                0x0000000000000553       0x17 e:/stm32cubeide_1.12.0/stm32cubeide/plugins/com.st.stm32cube.ide.mcu.externaltools.gnu-tools-for-stm32.10.3-2021.10.win32_1.0.200.202301161003/tools/bin/../lib/gcc/arm-none-eabi/10.3.1/../../../../arm-none-eabi/lib/thumb/v7e-m+dp/hard\libc_nano.a(lib_a-strlen.o)
 .ARM.attributes
                0x000000000000056a       0x1e e:/stm32cubeide_1.12.0/stm32cubeide/plugins/com.st.stm32cube.ide.mcu.externaltools.gnu-tools-for-stm32.10.3-2021.10.win32_1.0.200.202301161003/tools/bin/../lib/gcc/arm-none-eabi/10.3.1/thumb/v7e-m+dp/hard\libgcc.a(_aeabi_uldivmod.o)
 .ARM.attributes
                0x0000000000000588       0x32 e:/stm32cubeide_1.12.0/stm32cubeide/plugins/com.st.stm32cube.ide.mcu.externaltools.gnu-tools-for-stm32.10.3-2021.10.win32_1.0.200.202301161003/tools/bin/../lib/gcc/arm-none-eabi/10.3.1/thumb/v7e-m+dp/hard\libgcc.a(_udivmoddi4.o)
 .ARM.attributes
                0x00000000000005ba       0x1e e:/stm32cubeide_1.12.0/stm32cubeide/plugins/com.st.stm32cube.ide.mcu.externaltools.gnu-tools-for-stm32.10.3-2021.10.win32_1.0.200.202301161003/tools/bin/../lib/gcc/arm-none-eabi/10.3.1/thumb/v7e-m+dp/hard\libgcc.a(_dvmd_tls.o)
 .ARM.attributes
                0x00000000000005d8       0x1e e:/stm32cubeide_1.12.0/stm32cubeide/plugins/com.st.stm32cube.ide.mcu.externaltools.gnu-tools-for-stm32.10.3-2021.10.win32_1.0.200.202301161003/tools/bin/../lib/gcc/arm-none-eabi/10.3.1/thumb/v7e-m+dp/hard/crtn.o
OUTPUT(board_system.elf elf32-littlearm)
LOAD linker stubs
LOAD e:/stm32cubeide_1.12.0/stm32cubeide/plugins/com.st.stm32cube.ide.mcu.externaltools.gnu-tools-for-stm32.10.3-2021.10.win32_1.0.200.202301161003/tools/bin/../lib/gcc/arm-none-eabi/10.3.1/../../../../arm-none-eabi/lib/thumb/v7e-m+dp/hard\libc.a
LOAD e:/stm32cubeide_1.12.0/stm32cubeide/plugins/com.st.stm32cube.ide.mcu.externaltools.gnu-tools-for-stm32.10.3-2021.10.win32_1.0.200.202301161003/tools/bin/../lib/gcc/arm-none-eabi/10.3.1/../../../../arm-none-eabi/lib/thumb/v7e-m+dp/hard\libm.a
LOAD e:/stm32cubeide_1.12.0/stm32cubeide/plugins/com.st.stm32cube.ide.mcu.externaltools.gnu-tools-for-stm32.10.3-2021.10.win32_1.0.200.202301161003/tools/bin/../lib/gcc/arm-none-eabi/10.3.1/thumb/v7e-m+dp/hard\libgcc.a

.debug_info     0x0000000000000000    0x1a8e2
 .debug_info    0x0000000000000000      0x78a ./Core/Src/Ethernet/socket.o
 .debug_info    0x000000000000078a      0x578 ./Core/Src/Ethernet/w5500.o
 .debug_info    0x0000000000000d02     0x1613 ./Core/Src/Ethernet/wizchip_conf.o
 .debug_info    0x0000000000002315      0xa3b ./Core/Src/gpio.o
 .debug_info    0x0000000000002d50     0x1a01 ./Core/Src/main.o
 .debug_info    0x0000000000004751     0x10f7 ./Core/Src/spi.o
 .debug_info    0x0000000000005848      0x4cc ./Core/Src/stm32h7xx_hal_msp.o
 .debug_info    0x0000000000005d14      0x174 ./Core/Src/stm32h7xx_it.o
 .debug_info    0x0000000000005e88      0xc8a ./Core/Src/system_stm32h7xx.o
 .debug_info    0x0000000000006b12      0xcd7 ./Core/Src/tim.o
 .debug_info    0x00000000000077e9     0x1123 ./Core/Src/usart.o
 .debug_info    0x000000000000890c       0x22 ./Core/Startup/startup_stm32h7a3zitxq.o
 .debug_info    0x000000000000892e     0x1476 ./Drivers/STM32H7xx_HAL_Driver/Src/stm32h7xx_hal.o
 .debug_info    0x0000000000009da4     0x114f ./Drivers/STM32H7xx_HAL_Driver/Src/stm32h7xx_hal_cortex.o
 .debug_info    0x000000000000aef3      0xbe7 ./Drivers/STM32H7xx_HAL_Driver/Src/stm32h7xx_hal_gpio.o
 .debug_info    0x000000000000bada      0xfba ./Drivers/STM32H7xx_HAL_Driver/Src/stm32h7xx_hal_pwr_ex.o
 .debug_info    0x000000000000ca94      0xf8f ./Drivers/STM32H7xx_HAL_Driver/Src/stm32h7xx_hal_rcc.o
 .debug_info    0x000000000000da23     0x12c9 ./Drivers/STM32H7xx_HAL_Driver/Src/stm32h7xx_hal_rcc_ex.o
 .debug_info    0x000000000000ecec     0x159c ./Drivers/STM32H7xx_HAL_Driver/Src/stm32h7xx_hal_spi.o
 .debug_info    0x0000000000010288     0x2e05 ./Drivers/STM32H7xx_HAL_Driver/Src/stm32h7xx_hal_tim.o
 .debug_info    0x000000000001308d     0x1a09 ./Drivers/STM32H7xx_HAL_Driver/Src/stm32h7xx_hal_tim_ex.o
 .debug_info    0x0000000000014a96     0x4df2 ./Drivers/STM32H7xx_HAL_Driver/Src/stm32h7xx_hal_uart.o
 .debug_info    0x0000000000019888     0x105a ./Drivers/STM32H7xx_HAL_Driver/Src/stm32h7xx_hal_uart_ex.o

.debug_abbrev   0x0000000000000000     0x3238
 .debug_abbrev  0x0000000000000000      0x1ae ./Core/Src/Ethernet/socket.o
 .debug_abbrev  0x00000000000001ae      0x1e0 ./Core/Src/Ethernet/w5500.o
 .debug_abbrev  0x000000000000038e      0x392 ./Core/Src/Ethernet/wizchip_conf.o
 .debug_abbrev  0x0000000000000720      0x195 ./Core/Src/gpio.o
 .debug_abbrev  0x00000000000008b5      0x37a ./Core/Src/main.o
 .debug_abbrev  0x0000000000000c2f      0x22d ./Core/Src/spi.o
 .debug_abbrev  0x0000000000000e5c       0xeb ./Core/Src/stm32h7xx_hal_msp.o
 .debug_abbrev  0x0000000000000f47       0x9f ./Core/Src/stm32h7xx_it.o
 .debug_abbrev  0x0000000000000fe6      0x147 ./Core/Src/system_stm32h7xx.o
 .debug_abbrev  0x000000000000112d      0x1fa ./Core/Src/tim.o
 .debug_abbrev  0x0000000000001327      0x244 ./Core/Src/usart.o
 .debug_abbrev  0x000000000000156b       0x12 ./Core/Startup/startup_stm32h7a3zitxq.o
 .debug_abbrev  0x000000000000157d      0x289 ./Drivers/STM32H7xx_HAL_Driver/Src/stm32h7xx_hal.o
 .debug_abbrev  0x0000000000001806      0x329 ./Drivers/STM32H7xx_HAL_Driver/Src/stm32h7xx_hal_cortex.o
 .debug_abbrev  0x0000000000001b2f      0x1ec ./Drivers/STM32H7xx_HAL_Driver/Src/stm32h7xx_hal_gpio.o
 .debug_abbrev  0x0000000000001d1b      0x27e ./Drivers/STM32H7xx_HAL_Driver/Src/stm32h7xx_hal_pwr_ex.o
 .debug_abbrev  0x0000000000001f99      0x2b8 ./Drivers/STM32H7xx_HAL_Driver/Src/stm32h7xx_hal_rcc.o
 .debug_abbrev  0x0000000000002251      0x26d ./Drivers/STM32H7xx_HAL_Driver/Src/stm32h7xx_hal_rcc_ex.o
 .debug_abbrev  0x00000000000024be      0x2a2 ./Drivers/STM32H7xx_HAL_Driver/Src/stm32h7xx_hal_spi.o
 .debug_abbrev  0x0000000000002760      0x264 ./Drivers/STM32H7xx_HAL_Driver/Src/stm32h7xx_hal_tim.o
 .debug_abbrev  0x00000000000029c4      0x281 ./Drivers/STM32H7xx_HAL_Driver/Src/stm32h7xx_hal_tim_ex.o
 .debug_abbrev  0x0000000000002c45      0x336 ./Drivers/STM32H7xx_HAL_Driver/Src/stm32h7xx_hal_uart.o
 .debug_abbrev  0x0000000000002f7b      0x2bd ./Drivers/STM32H7xx_HAL_Driver/Src/stm32h7xx_hal_uart_ex.o

.debug_aranges  0x0000000000000000     0x1428
 .debug_aranges
                0x0000000000000000       0x78 ./Core/Src/Ethernet/socket.o
 .debug_aranges
                0x0000000000000078       0x60 ./Core/Src/Ethernet/w5500.o
 .debug_aranges
                0x00000000000000d8      0x140 ./Core/Src/Ethernet/wizchip_conf.o
 .debug_aranges
                0x0000000000000218       0x20 ./Core/Src/gpio.o
 .debug_aranges
                0x0000000000000238       0x60 ./Core/Src/main.o
 .debug_aranges
                0x0000000000000298       0x30 ./Core/Src/spi.o
 .debug_aranges
                0x00000000000002c8       0x20 ./Core/Src/stm32h7xx_hal_msp.o
 .debug_aranges
                0x00000000000002e8       0x68 ./Core/Src/stm32h7xx_it.o
 .debug_aranges
                0x0000000000000350       0x28 ./Core/Src/system_stm32h7xx.o
 .debug_aranges
                0x0000000000000378       0x30 ./Core/Src/tim.o
 .debug_aranges
                0x00000000000003a8       0x30 ./Core/Src/usart.o
 .debug_aranges
                0x00000000000003d8       0x28 ./Core/Startup/startup_stm32h7a3zitxq.o
 .debug_aranges
                0x0000000000000400      0x1a0 ./Drivers/STM32H7xx_HAL_Driver/Src/stm32h7xx_hal.o
 .debug_aranges
                0x00000000000005a0      0x120 ./Drivers/STM32H7xx_HAL_Driver/Src/stm32h7xx_hal_cortex.o
 .debug_aranges
                0x00000000000006c0       0x58 ./Drivers/STM32H7xx_HAL_Driver/Src/stm32h7xx_hal_gpio.o
 .debug_aranges
                0x0000000000000718      0x188 ./Drivers/STM32H7xx_HAL_Driver/Src/stm32h7xx_hal_pwr_ex.o
 .debug_aranges
                0x00000000000008a0       0x88 ./Drivers/STM32H7xx_HAL_Driver/Src/stm32h7xx_hal_rcc.o
 .debug_aranges
                0x0000000000000928       0xf0 ./Drivers/STM32H7xx_HAL_Driver/Src/stm32h7xx_hal_rcc_ex.o
 .debug_aranges
                0x0000000000000a18      0x1a8 ./Drivers/STM32H7xx_HAL_Driver/Src/stm32h7xx_hal_spi.o
 .debug_aranges
                0x0000000000000bc0      0x3e0 ./Drivers/STM32H7xx_HAL_Driver/Src/stm32h7xx_hal_tim.o
 .debug_aranges
                0x0000000000000fa0      0x198 ./Drivers/STM32H7xx_HAL_Driver/Src/stm32h7xx_hal_tim_ex.o
 .debug_aranges
                0x0000000000001138      0x248 ./Drivers/STM32H7xx_HAL_Driver/Src/stm32h7xx_hal_uart.o
 .debug_aranges
                0x0000000000001380       0xa8 ./Drivers/STM32H7xx_HAL_Driver/Src/stm32h7xx_hal_uart_ex.o

.debug_ranges   0x0000000000000000     0x1308
 .debug_ranges  0x0000000000000000       0x80 ./Core/Src/Ethernet/socket.o
 .debug_ranges  0x0000000000000080       0x50 ./Core/Src/Ethernet/w5500.o
 .debug_ranges  0x00000000000000d0      0x130 ./Core/Src/Ethernet/wizchip_conf.o
 .debug_ranges  0x0000000000000200       0x10 ./Core/Src/gpio.o
 .debug_ranges  0x0000000000000210       0x50 ./Core/Src/main.o
 .debug_ranges  0x0000000000000260       0x20 ./Core/Src/spi.o
 .debug_ranges  0x0000000000000280       0x10 ./Core/Src/stm32h7xx_hal_msp.o
 .debug_ranges  0x0000000000000290       0x58 ./Core/Src/stm32h7xx_it.o
 .debug_ranges  0x00000000000002e8       0x18 ./Core/Src/system_stm32h7xx.o
 .debug_ranges  0x0000000000000300       0x20 ./Core/Src/tim.o
 .debug_ranges  0x0000000000000320       0x20 ./Core/Src/usart.o
 .debug_ranges  0x0000000000000340       0x20 ./Core/Startup/startup_stm32h7a3zitxq.o
 .debug_ranges  0x0000000000000360      0x190 ./Drivers/STM32H7xx_HAL_Driver/Src/stm32h7xx_hal.o
 .debug_ranges  0x00000000000004f0      0x110 ./Drivers/STM32H7xx_HAL_Driver/Src/stm32h7xx_hal_cortex.o
 .debug_ranges  0x0000000000000600       0x48 ./Drivers/STM32H7xx_HAL_Driver/Src/stm32h7xx_hal_gpio.o
 .debug_ranges  0x0000000000000648      0x178 ./Drivers/STM32H7xx_HAL_Driver/Src/stm32h7xx_hal_pwr_ex.o
 .debug_ranges  0x00000000000007c0       0x78 ./Drivers/STM32H7xx_HAL_Driver/Src/stm32h7xx_hal_rcc.o
 .debug_ranges  0x0000000000000838       0xe0 ./Drivers/STM32H7xx_HAL_Driver/Src/stm32h7xx_hal_rcc_ex.o
 .debug_ranges  0x0000000000000918      0x198 ./Drivers/STM32H7xx_HAL_Driver/Src/stm32h7xx_hal_spi.o
 .debug_ranges  0x0000000000000ab0      0x3d0 ./Drivers/STM32H7xx_HAL_Driver/Src/stm32h7xx_hal_tim.o
 .debug_ranges  0x0000000000000e80      0x188 ./Drivers/STM32H7xx_HAL_Driver/Src/stm32h7xx_hal_tim_ex.o
 .debug_ranges  0x0000000000001008      0x268 ./Drivers/STM32H7xx_HAL_Driver/Src/stm32h7xx_hal_uart.o
 .debug_ranges  0x0000000000001270       0x98 ./Drivers/STM32H7xx_HAL_Driver/Src/stm32h7xx_hal_uart_ex.o

.debug_macro    0x0000000000000000    0x3257d
 .debug_macro   0x0000000000000000       0xb7 ./Core/Src/Ethernet/socket.o
 .debug_macro   0x00000000000000b7      0xa90 ./Core/Src/Ethernet/socket.o
 .debug_macro   0x0000000000000b47       0x22 ./Core/Src/Ethernet/socket.o
 .debug_macro   0x0000000000000b69       0x8e ./Core/Src/Ethernet/socket.o
 .debug_macro   0x0000000000000bf7       0x51 ./Core/Src/Ethernet/socket.o
 .debug_macro   0x0000000000000c48      0x103 ./Core/Src/Ethernet/socket.o
 .debug_macro   0x0000000000000d4b       0x6a ./Core/Src/Ethernet/socket.o
 .debug_macro   0x0000000000000db5      0x1df ./Core/Src/Ethernet/socket.o
 .debug_macro   0x0000000000000f94       0x64 ./Core/Src/Ethernet/socket.o
 .debug_macro   0x0000000000000ff8      0x5e7 ./Core/Src/Ethernet/socket.o
 .debug_macro   0x00000000000015df       0x66 ./Core/Src/Ethernet/socket.o
 .debug_macro   0x0000000000001645       0xd8 ./Core/Src/Ethernet/socket.o
 .debug_macro   0x000000000000171d       0x9c ./Core/Src/Ethernet/w5500.o
 .debug_macro   0x00000000000017b9       0x6a ./Core/Src/Ethernet/w5500.o
 .debug_macro   0x0000000000001823      0x30a ./Core/Src/Ethernet/wizchip_conf.o
 .debug_macro   0x0000000000001b2d      0x174 ./Core/Src/Ethernet/wizchip_conf.o
 .debug_macro   0x0000000000001ca1      0x23e ./Core/Src/Ethernet/wizchip_conf.o
 .debug_macro   0x0000000000001edf       0x2e ./Core/Src/Ethernet/wizchip_conf.o
 .debug_macro   0x0000000000001f0d       0x42 ./Core/Src/Ethernet/wizchip_conf.o
 .debug_macro   0x0000000000001f4f       0x1c ./Core/Src/Ethernet/wizchip_conf.o
 .debug_macro   0x0000000000001f6b       0x22 ./Core/Src/Ethernet/wizchip_conf.o
 .debug_macro   0x0000000000001f8d       0xfb ./Core/Src/Ethernet/wizchip_conf.o
 .debug_macro   0x0000000000002088     0x1305 ./Core/Src/Ethernet/wizchip_conf.o
 .debug_macro   0x000000000000338d      0x11f ./Core/Src/Ethernet/wizchip_conf.o
 .debug_macro   0x00000000000034ac       0x27 ./Core/Src/Ethernet/wizchip_conf.o
 .debug_macro   0x00000000000034d3    0x1e8d1 ./Core/Src/Ethernet/wizchip_conf.o
 .debug_macro   0x0000000000021da4       0x6d ./Core/Src/Ethernet/wizchip_conf.o
 .debug_macro   0x0000000000021e11     0x3d64 ./Core/Src/Ethernet/wizchip_conf.o
 .debug_macro   0x0000000000025b75       0x52 ./Core/Src/Ethernet/wizchip_conf.o
 .debug_macro   0x0000000000025bc7       0x1d ./Core/Src/Ethernet/wizchip_conf.o
 .debug_macro   0x0000000000025be4       0x3c ./Core/Src/Ethernet/wizchip_conf.o
 .debug_macro   0x0000000000025c20       0x34 ./Core/Src/Ethernet/wizchip_conf.o
 .debug_macro   0x0000000000025c54       0x16 ./Core/Src/Ethernet/wizchip_conf.o
 .debug_macro   0x0000000000025c6a       0x43 ./Core/Src/Ethernet/wizchip_conf.o
 .debug_macro   0x0000000000025cad       0x34 ./Core/Src/Ethernet/wizchip_conf.o
 .debug_macro   0x0000000000025ce1       0x10 ./Core/Src/Ethernet/wizchip_conf.o
 .debug_macro   0x0000000000025cf1       0x58 ./Core/Src/Ethernet/wizchip_conf.o
 .debug_macro   0x0000000000025d49       0x71 ./Core/Src/Ethernet/wizchip_conf.o
 .debug_macro   0x0000000000025dba       0x1c ./Core/Src/Ethernet/wizchip_conf.o
 .debug_macro   0x0000000000025dd6      0x12a ./Core/Src/Ethernet/wizchip_conf.o
 .debug_macro   0x0000000000025f00      0x341 ./Core/Src/Ethernet/wizchip_conf.o
 .debug_macro   0x0000000000026241      0x19b ./Core/Src/Ethernet/wizchip_conf.o
 .debug_macro   0x00000000000263dc       0x5d ./Core/Src/Ethernet/wizchip_conf.o
 .debug_macro   0x0000000000026439     0x24ee ./Core/Src/Ethernet/wizchip_conf.o
 .debug_macro   0x0000000000028927     0x103a ./Core/Src/Ethernet/wizchip_conf.o
 .debug_macro   0x0000000000029961      0x154 ./Core/Src/Ethernet/wizchip_conf.o
 .debug_macro   0x0000000000029ab5      0x114 ./Core/Src/Ethernet/wizchip_conf.o
 .debug_macro   0x0000000000029bc9      0x3bf ./Core/Src/Ethernet/wizchip_conf.o
 .debug_macro   0x0000000000029f88       0xac ./Core/Src/Ethernet/wizchip_conf.o
 .debug_macro   0x000000000002a034      0x70a ./Core/Src/Ethernet/wizchip_conf.o
 .debug_macro   0x000000000002a73e      0x20c ./Core/Src/Ethernet/wizchip_conf.o
 .debug_macro   0x000000000002a94a       0x66 ./Core/Src/Ethernet/wizchip_conf.o
 .debug_macro   0x000000000002a9b0      0x3c9 ./Core/Src/Ethernet/wizchip_conf.o
 .debug_macro   0x000000000002ad79      0x3eb ./Core/Src/Ethernet/wizchip_conf.o
 .debug_macro   0x000000000002b164      0x275 ./Core/Src/Ethernet/wizchip_conf.o
 .debug_macro   0x000000000002b3d9      0x6c8 ./Core/Src/Ethernet/wizchip_conf.o
 .debug_macro   0x000000000002baa1      0x520 ./Core/Src/Ethernet/wizchip_conf.o
 .debug_macro   0x000000000002bfc1       0x58 ./Core/Src/Ethernet/wizchip_conf.o
 .debug_macro   0x000000000002c019       0x4a ./Core/Src/Ethernet/wizchip_conf.o
 .debug_macro   0x000000000002c063      0x22c ./Core/Src/Ethernet/wizchip_conf.o
 .debug_macro   0x000000000002c28f       0x67 ./Core/Src/Ethernet/wizchip_conf.o
 .debug_macro   0x000000000002c2f6       0xa5 ./Core/Src/Ethernet/wizchip_conf.o
 .debug_macro   0x000000000002c39b      0x1bd ./Core/Src/Ethernet/wizchip_conf.o
 .debug_macro   0x000000000002c558      0x2dc ./Core/Src/Ethernet/wizchip_conf.o
 .debug_macro   0x000000000002c834       0x35 ./Core/Src/Ethernet/wizchip_conf.o
 .debug_macro   0x000000000002c869      0x5e4 ./Core/Src/Ethernet/wizchip_conf.o
 .debug_macro   0x000000000002ce4d       0xba ./Core/Src/Ethernet/wizchip_conf.o
 .debug_macro   0x000000000002cf07      0xb1d ./Core/Src/Ethernet/wizchip_conf.o
 .debug_macro   0x000000000002da24      0x29f ./Core/Src/Ethernet/wizchip_conf.o
 .debug_macro   0x000000000002dcc3      0x693 ./Core/Src/Ethernet/wizchip_conf.o
 .debug_macro   0x000000000002e356       0xa6 ./Core/Src/Ethernet/wizchip_conf.o
 .debug_macro   0x000000000002e3fc      0x5be ./Core/Src/Ethernet/wizchip_conf.o
 .debug_macro   0x000000000002e9ba       0x52 ./Core/Src/Ethernet/wizchip_conf.o
 .debug_macro   0x000000000002ea0c      0x2db ./Core/Src/gpio.o
 .debug_macro   0x000000000002ece7      0x426 ./Core/Src/main.o
 .debug_macro   0x000000000002f10d       0x1c ./Core/Src/main.o
 .debug_macro   0x000000000002f129       0x35 ./Core/Src/main.o
 .debug_macro   0x000000000002f15e       0x10 ./Core/Src/main.o
 .debug_macro   0x000000000002f16e       0x10 ./Core/Src/main.o
 .debug_macro   0x000000000002f17e       0x1c ./Core/Src/main.o
 .debug_macro   0x000000000002f19a       0x52 ./Core/Src/main.o
 .debug_macro   0x000000000002f1ec       0x22 ./Core/Src/main.o
 .debug_macro   0x000000000002f20e       0x10 ./Core/Src/main.o
 .debug_macro   0x000000000002f21e       0x52 ./Core/Src/main.o
 .debug_macro   0x000000000002f270       0xd5 ./Core/Src/main.o
 .debug_macro   0x000000000002f345       0x1c ./Core/Src/main.o
 .debug_macro   0x000000000002f361       0x3d ./Core/Src/main.o
 .debug_macro   0x000000000002f39e       0x16 ./Core/Src/main.o
 .debug_macro   0x000000000002f3b4      0x145 ./Core/Src/main.o
 .debug_macro   0x000000000002f4f9       0x16 ./Core/Src/main.o
 .debug_macro   0x000000000002f50f       0x20 ./Core/Src/main.o
 .debug_macro   0x000000000002f52f      0x2db ./Core/Src/spi.o
 .debug_macro   0x000000000002f80a      0x2d1 ./Core/Src/stm32h7xx_hal_msp.o
 .debug_macro   0x000000000002fadb      0x2db ./Core/Src/stm32h7xx_it.o
 .debug_macro   0x000000000002fdb6      0x2c2 ./Core/Src/system_stm32h7xx.o
 .debug_macro   0x0000000000030078      0x2db ./Core/Src/tim.o
 .debug_macro   0x0000000000030353      0x2db ./Core/Src/usart.o
 .debug_macro   0x000000000003062e      0x2ec ./Drivers/STM32H7xx_HAL_Driver/Src/stm32h7xx_hal.o
 .debug_macro   0x000000000003091a      0x2c2 ./Drivers/STM32H7xx_HAL_Driver/Src/stm32h7xx_hal_cortex.o
 .debug_macro   0x0000000000030bdc      0x2c9 ./Drivers/STM32H7xx_HAL_Driver/Src/stm32h7xx_hal_gpio.o
 .debug_macro   0x0000000000030ea5      0x2fb ./Drivers/STM32H7xx_HAL_Driver/Src/stm32h7xx_hal_pwr_ex.o
 .debug_macro   0x00000000000311a0      0x2e6 ./Drivers/STM32H7xx_HAL_Driver/Src/stm32h7xx_hal_rcc.o
 .debug_macro   0x0000000000031486      0x2e0 ./Drivers/STM32H7xx_HAL_Driver/Src/stm32h7xx_hal_rcc_ex.o
 .debug_macro   0x0000000000031766      0x2d1 ./Drivers/STM32H7xx_HAL_Driver/Src/stm32h7xx_hal_spi.o
 .debug_macro   0x0000000000031a37      0x2c3 ./Drivers/STM32H7xx_HAL_Driver/Src/stm32h7xx_hal_tim.o
 .debug_macro   0x0000000000031cfa      0x2c8 ./Drivers/STM32H7xx_HAL_Driver/Src/stm32h7xx_hal_tim_ex.o
 .debug_macro   0x0000000000031fc2      0x2ed ./Drivers/STM32H7xx_HAL_Driver/Src/stm32h7xx_hal_uart.o
 .debug_macro   0x00000000000322af      0x2ce ./Drivers/STM32H7xx_HAL_Driver/Src/stm32h7xx_hal_uart_ex.o

.debug_line     0x0000000000000000    0x1a398
 .debug_line    0x0000000000000000      0xd38 ./Core/Src/Ethernet/socket.o
 .debug_line    0x0000000000000d38      0x6c4 ./Core/Src/Ethernet/w5500.o
 .debug_line    0x00000000000013fc     0x100f ./Core/Src/Ethernet/wizchip_conf.o
 .debug_line    0x000000000000240b      0x8a1 ./Core/Src/gpio.o
 .debug_line    0x0000000000002cac      0xc47 ./Core/Src/main.o
 .debug_line    0x00000000000038f3      0x919 ./Core/Src/spi.o
 .debug_line    0x000000000000420c      0x877 ./Core/Src/stm32h7xx_hal_msp.o
 .debug_line    0x0000000000004a83      0x953 ./Core/Src/stm32h7xx_it.o
 .debug_line    0x00000000000053d6      0xa1d ./Core/Src/system_stm32h7xx.o
 .debug_line    0x0000000000005df3      0x8d0 ./Core/Src/tim.o
 .debug_line    0x00000000000066c3      0x919 ./Core/Src/usart.o
 .debug_line    0x0000000000006fdc       0x89 ./Core/Startup/startup_stm32h7a3zitxq.o
 .debug_line    0x0000000000007065      0xe33 ./Drivers/STM32H7xx_HAL_Driver/Src/stm32h7xx_hal.o
 .debug_line    0x0000000000007e98      0xe2c ./Drivers/STM32H7xx_HAL_Driver/Src/stm32h7xx_hal_cortex.o
 .debug_line    0x0000000000008cc4      0xce9 ./Drivers/STM32H7xx_HAL_Driver/Src/stm32h7xx_hal_gpio.o
 .debug_line    0x00000000000099ad      0xfb4 ./Drivers/STM32H7xx_HAL_Driver/Src/stm32h7xx_hal_pwr_ex.o
 .debug_line    0x000000000000a961     0x1381 ./Drivers/STM32H7xx_HAL_Driver/Src/stm32h7xx_hal_rcc.o
 .debug_line    0x000000000000bce2     0x1bdc ./Drivers/STM32H7xx_HAL_Driver/Src/stm32h7xx_hal_rcc_ex.o
 .debug_line    0x000000000000d8be     0x1f35 ./Drivers/STM32H7xx_HAL_Driver/Src/stm32h7xx_hal_spi.o
 .debug_line    0x000000000000f7f3     0x3f17 ./Drivers/STM32H7xx_HAL_Driver/Src/stm32h7xx_hal_tim.o
 .debug_line    0x000000000001370a     0x1ed6 ./Drivers/STM32H7xx_HAL_Driver/Src/stm32h7xx_hal_tim_ex.o
 .debug_line    0x00000000000155e0     0x3ef4 ./Drivers/STM32H7xx_HAL_Driver/Src/stm32h7xx_hal_uart.o
 .debug_line    0x00000000000194d4      0xec4 ./Drivers/STM32H7xx_HAL_Driver/Src/stm32h7xx_hal_uart_ex.o

.debug_str      0x0000000000000000   0x146f48
 .debug_str     0x0000000000000000     0x6e54 ./Core/Src/Ethernet/socket.o
                                       0x6ffb (size before relaxing)
 .debug_str     0x0000000000006e54      0x11f ./Core/Src/Ethernet/w5500.o
                                       0x69b6 (size before relaxing)
 .debug_str     0x0000000000006f73   0x1392d6 ./Core/Src/Ethernet/wizchip_conf.o
                                     0x13ff3c (size before relaxing)
 .debug_str     0x0000000000140249      0x984 ./Core/Src/gpio.o
                                     0x13d09b (size before relaxing)
 .debug_str     0x0000000000140bcd     0x16a2 ./Core/Src/main.o
                                     0x141306 (size before relaxing)
 .debug_str     0x000000000014226f      0x367 ./Core/Src/spi.o
                                     0x13d222 (size before relaxing)
 .debug_str     0x00000000001425d6       0x2c ./Core/Src/stm32h7xx_hal_msp.o
                                     0x13c7c2 (size before relaxing)
 .debug_str     0x0000000000142602       0xf5 ./Core/Src/stm32h7xx_it.o
                                     0x13c640 (size before relaxing)
 .debug_str     0x00000000001426f7      0x20b ./Core/Src/system_stm32h7xx.o
                                     0x13c97a (size before relaxing)
 .debug_str     0x0000000000142902      0x38b ./Core/Src/tim.o
                                     0x13cf12 (size before relaxing)
 .debug_str     0x0000000000142c8d       0xa8 ./Core/Src/usart.o
                                     0x13d231 (size before relaxing)
 .debug_str     0x0000000000142d35       0x37 ./Core/Startup/startup_stm32h7a3zitxq.o
                                         0x72 (size before relaxing)
 .debug_str     0x0000000000142d6c      0x7ed ./Drivers/STM32H7xx_HAL_Driver/Src/stm32h7xx_hal.o
                                     0x13d84e (size before relaxing)
 .debug_str     0x0000000000143559      0x331 ./Drivers/STM32H7xx_HAL_Driver/Src/stm32h7xx_hal_cortex.o
                                     0x13d25e (size before relaxing)
 .debug_str     0x000000000014388a       0xd3 ./Drivers/STM32H7xx_HAL_Driver/Src/stm32h7xx_hal_gpio.o
                                     0x13c92b (size before relaxing)
 .debug_str     0x000000000014395d      0x756 ./Drivers/STM32H7xx_HAL_Driver/Src/stm32h7xx_hal_pwr_ex.o
                                     0x13ceb0 (size before relaxing)
 .debug_str     0x00000000001440b3      0x22e ./Drivers/STM32H7xx_HAL_Driver/Src/stm32h7xx_hal_rcc.o
                                     0x13cd53 (size before relaxing)
 .debug_str     0x00000000001442e1      0x623 ./Drivers/STM32H7xx_HAL_Driver/Src/stm32h7xx_hal_rcc_ex.o
                                     0x13d1e8 (size before relaxing)
 .debug_str     0x0000000000144904      0x555 ./Drivers/STM32H7xx_HAL_Driver/Src/stm32h7xx_hal_spi.o
                                     0x13d02c (size before relaxing)
 .debug_str     0x0000000000144e59      0xe87 ./Drivers/STM32H7xx_HAL_Driver/Src/stm32h7xx_hal_tim.o
                                     0x13dab0 (size before relaxing)
 .debug_str     0x0000000000145ce0      0x5ff ./Drivers/STM32H7xx_HAL_Driver/Src/stm32h7xx_hal_tim_ex.o
                                     0x13d46d (size before relaxing)
 .debug_str     0x00000000001462df      0xa03 ./Drivers/STM32H7xx_HAL_Driver/Src/stm32h7xx_hal_uart.o
                                     0x13d883 (size before relaxing)
 .debug_str     0x0000000000146ce2      0x266 ./Drivers/STM32H7xx_HAL_Driver/Src/stm32h7xx_hal_uart_ex.o
                                     0x13ce22 (size before relaxing)

.comment        0x0000000000000000       0x50
 .comment       0x0000000000000000       0x50 ./Core/Src/Ethernet/socket.o
                                         0x51 (size before relaxing)
 .comment       0x0000000000000050       0x51 ./Core/Src/Ethernet/w5500.o
 .comment       0x0000000000000050       0x51 ./Core/Src/Ethernet/wizchip_conf.o
 .comment       0x0000000000000050       0x51 ./Core/Src/gpio.o
 .comment       0x0000000000000050       0x51 ./Core/Src/main.o
 .comment       0x0000000000000050       0x51 ./Core/Src/spi.o
 .comment       0x0000000000000050       0x51 ./Core/Src/stm32h7xx_hal_msp.o
 .comment       0x0000000000000050       0x51 ./Core/Src/stm32h7xx_it.o
 .comment       0x0000000000000050       0x51 ./Core/Src/system_stm32h7xx.o
 .comment       0x0000000000000050       0x51 ./Core/Src/tim.o
 .comment       0x0000000000000050       0x51 ./Core/Src/usart.o
 .comment       0x0000000000000050       0x51 ./Drivers/STM32H7xx_HAL_Driver/Src/stm32h7xx_hal.o
 .comment       0x0000000000000050       0x51 ./Drivers/STM32H7xx_HAL_Driver/Src/stm32h7xx_hal_cortex.o
 .comment       0x0000000000000050       0x51 ./Drivers/STM32H7xx_HAL_Driver/Src/stm32h7xx_hal_gpio.o
 .comment       0x0000000000000050       0x51 ./Drivers/STM32H7xx_HAL_Driver/Src/stm32h7xx_hal_pwr_ex.o
 .comment       0x0000000000000050       0x51 ./Drivers/STM32H7xx_HAL_Driver/Src/stm32h7xx_hal_rcc.o
 .comment       0x0000000000000050       0x51 ./Drivers/STM32H7xx_HAL_Driver/Src/stm32h7xx_hal_rcc_ex.o
 .comment       0x0000000000000050       0x51 ./Drivers/STM32H7xx_HAL_Driver/Src/stm32h7xx_hal_spi.o
 .comment       0x0000000000000050       0x51 ./Drivers/STM32H7xx_HAL_Driver/Src/stm32h7xx_hal_tim.o
 .comment       0x0000000000000050       0x51 ./Drivers/STM32H7xx_HAL_Driver/Src/stm32h7xx_hal_tim_ex.o
 .comment       0x0000000000000050       0x51 ./Drivers/STM32H7xx_HAL_Driver/Src/stm32h7xx_hal_uart.o
 .comment       0x0000000000000050       0x51 ./Drivers/STM32H7xx_HAL_Driver/Src/stm32h7xx_hal_uart_ex.o

.debug_frame    0x0000000000000000     0x5528
 .debug_frame   0x0000000000000000      0x1d4 ./Core/Src/Ethernet/socket.o
 .debug_frame   0x00000000000001d4      0x16c ./Core/Src/Ethernet/w5500.o
 .debug_frame   0x0000000000000340      0x550 ./Core/Src/Ethernet/wizchip_conf.o
 .debug_frame   0x0000000000000890       0x34 ./Core/Src/gpio.o
 .debug_frame   0x00000000000008c4      0x13c ./Core/Src/main.o
 .debug_frame   0x0000000000000a00       0x78 ./Core/Src/spi.o
 .debug_frame   0x0000000000000a78       0x38 ./Core/Src/stm32h7xx_hal_msp.o
 .debug_frame   0x0000000000000ab0      0x120 ./Core/Src/stm32h7xx_it.o
 .debug_frame   0x0000000000000bd0       0x58 ./Core/Src/system_stm32h7xx.o
 .debug_frame   0x0000000000000c28       0x84 ./Core/Src/tim.o
 .debug_frame   0x0000000000000cac       0x78 ./Core/Src/usart.o
 .debug_frame   0x0000000000000d24      0x6a8 ./Drivers/STM32H7xx_HAL_Driver/Src/stm32h7xx_hal.o
 .debug_frame   0x00000000000013cc      0x4b8 ./Drivers/STM32H7xx_HAL_Driver/Src/stm32h7xx_hal_cortex.o
 .debug_frame   0x0000000000001884      0x14c ./Drivers/STM32H7xx_HAL_Driver/Src/stm32h7xx_hal_gpio.o
 .debug_frame   0x00000000000019d0      0x660 ./Drivers/STM32H7xx_HAL_Driver/Src/stm32h7xx_hal_pwr_ex.o
 .debug_frame   0x0000000000002030      0x1fc ./Drivers/STM32H7xx_HAL_Driver/Src/stm32h7xx_hal_rcc.o
 .debug_frame   0x000000000000222c      0x3ec ./Drivers/STM32H7xx_HAL_Driver/Src/stm32h7xx_hal_rcc_ex.o
 .debug_frame   0x0000000000002618      0x7a8 ./Drivers/STM32H7xx_HAL_Driver/Src/stm32h7xx_hal_spi.o
 .debug_frame   0x0000000000002dc0     0x121c ./Drivers/STM32H7xx_HAL_Driver/Src/stm32h7xx_hal_tim.o
 .debug_frame   0x0000000000003fdc      0x724 ./Drivers/STM32H7xx_HAL_Driver/Src/stm32h7xx_hal_tim_ex.o
 .debug_frame   0x0000000000004700      0xa94 ./Drivers/STM32H7xx_HAL_Driver/Src/stm32h7xx_hal_uart.o
 .debug_frame   0x0000000000005194      0x2c0 ./Drivers/STM32H7xx_HAL_Driver/Src/stm32h7xx_hal_uart_ex.o
 .debug_frame   0x0000000000005454       0x2c e:/stm32cubeide_1.12.0/stm32cubeide/plugins/com.st.stm32cube.ide.mcu.externaltools.gnu-tools-for-stm32.10.3-2021.10.win32_1.0.200.202301161003/tools/bin/../lib/gcc/arm-none-eabi/10.3.1/../../../../arm-none-eabi/lib/thumb/v7e-m+dp/hard\libc_nano.a(lib_a-init.o)
 .debug_frame   0x0000000000005480       0x28 e:/stm32cubeide_1.12.0/stm32cubeide/plugins/com.st.stm32cube.ide.mcu.externaltools.gnu-tools-for-stm32.10.3-2021.10.win32_1.0.200.202301161003/tools/bin/../lib/gcc/arm-none-eabi/10.3.1/../../../../arm-none-eabi/lib/thumb/v7e-m+dp/hard\libc_nano.a(lib_a-memcpy-stub.o)
 .debug_frame   0x00000000000054a8       0x20 e:/stm32cubeide_1.12.0/stm32cubeide/plugins/com.st.stm32cube.ide.mcu.externaltools.gnu-tools-for-stm32.10.3-2021.10.win32_1.0.200.202301161003/tools/bin/../lib/gcc/arm-none-eabi/10.3.1/../../../../arm-none-eabi/lib/thumb/v7e-m+dp/hard\libc_nano.a(lib_a-memset.o)
 .debug_frame   0x00000000000054c8       0x2c e:/stm32cubeide_1.12.0/stm32cubeide/plugins/com.st.stm32cube.ide.mcu.externaltools.gnu-tools-for-stm32.10.3-2021.10.win32_1.0.200.202301161003/tools/bin/../lib/gcc/arm-none-eabi/10.3.1/thumb/v7e-m+dp/hard\libgcc.a(_aeabi_uldivmod.o)
 .debug_frame   0x00000000000054f4       0x34 e:/stm32cubeide_1.12.0/stm32cubeide/plugins/com.st.stm32cube.ide.mcu.externaltools.gnu-tools-for-stm32.10.3-2021.10.win32_1.0.200.202301161003/tools/bin/../lib/gcc/arm-none-eabi/10.3.1/thumb/v7e-m+dp/hard\libgcc.a(_udivmoddi4.o)
