../Core/Src/Ethernet/wizchip_conf.c:72:9:wizchip_cris_enter	16	static,ignoring_inline_asm
../Core/Src/Ethernet/wizchip_conf.c:80:9:wizchip_cris_exit	16	static,ignoring_inline_asm
../Core/Src/Ethernet/wizchip_conf.c:88:7:wizchip_cs_select	8	static
../Core/Src/Ethernet/wizchip_conf.c:96:7:wizchip_cs_deselect	8	static
../Core/Src/Ethernet/wizchip_conf.c:105:10:wizchip_bus_readdata	16	static
../Core/Src/Ethernet/wizchip_conf.c:114:7:wizchip_bus_writedata	16	static
../Core/Src/Ethernet/wizchip_conf.c:122:9:wizchip_spi_readbyte	16	static
../Core/Src/Ethernet/wizchip_conf.c:139:7:wizchip_spi_writebyte	16	static
../Core/Src/Ethernet/wizchip_conf.c:149:7:wizchip_spi_readburst	16	static
../Core/Src/Ethernet/wizchip_conf.c:163:7:wizchip_spi_writeburst	16	static
../Core/Src/Ethernet/wizchip_conf.c:217:6:w5500_regFunc	8	static
../Core/Src/Ethernet/wizchip_conf.c:228:6:reg_wizchip_cris_cbfunc	16	static
../Core/Src/Ethernet/wizchip_conf.c:242:6:reg_wizchip_cs_cbfunc	16	static
../Core/Src/Ethernet/wizchip_conf.c:258:6:reg_wizchip_bus_cbfunc	16	static
../Core/Src/Ethernet/wizchip_conf.c:286:6:reg_wizchip_spi_cbfunc	16	static
../Core/Src/Ethernet/wizchip_conf.c:303:6:reg_wizchip_spiburst_cbfunc	16	static
../Core/Src/Ethernet/wizchip_conf.c:319:8:ctlwizchip	40	static
../Core/Src/Ethernet/wizchip_conf.c:402:8:ctlnetwork	16	static
../Core/Src/Ethernet/wizchip_conf.c:430:6:wizchip_sw_reset	32	static
../Core/Src/Ethernet/wizchip_conf.c:455:8:wizchip_init	24	static
../Core/Src/Ethernet/wizchip_conf.c:535:6:wizchip_clrinterrupt	24	static
../Core/Src/Ethernet/wizchip_conf.c:567:11:wizchip_getinterrupt	16	static
../Core/Src/Ethernet/wizchip_conf.c:598:6:wizchip_setinterruptmask	24	static
../Core/Src/Ethernet/wizchip_conf.c:622:11:wizchip_getinterruptmask	16	static
../Core/Src/Ethernet/wizchip_conf.c:651:8:wizphy_getphylink	16	static
../Core/Src/Ethernet/wizchip_conf.c:672:8:wizphy_getphypmode	16	static
../Core/Src/Ethernet/wizchip_conf.c:775:6:wizphy_reset	16	static
../Core/Src/Ethernet/wizchip_conf.c:785:6:wizphy_setphyconf	24	static
../Core/Src/Ethernet/wizchip_conf.c:815:6:wizphy_getphyconf	24	static
../Core/Src/Ethernet/wizchip_conf.c:854:6:wizphy_getphystat	24	static
../Core/Src/Ethernet/wizchip_conf.c:861:8:wizphy_setphypmode	24	static
../Core/Src/Ethernet/wizchip_conf.c:887:6:wizchip_setnetinfo	16	static
../Core/Src/Ethernet/wizchip_conf.c:900:6:wizchip_getnetinfo	16	static
../Core/Src/Ethernet/wizchip_conf.c:913:8:wizchip_setnetmode	24	static
../Core/Src/Ethernet/wizchip_conf.c:927:14:wizchip_getnetmode	8	static
../Core/Src/Ethernet/wizchip_conf.c:932:6:wizchip_settimeout	16	static
../Core/Src/Ethernet/wizchip_conf.c:938:6:wizchip_gettimeout	24	static
