../Core/Src/oled.c:93:6:Write_IIC_Command	40	static
../Core/Src/oled.c:100:6:Write_IIC_Data	40	static
../Core/Src/oled.c:107:6:OLED_WR_Byte	16	static
../Core/Src/oled.c:116:6:fill_picture	24	static
../Core/Src/oled.c:133:6:OLED_Set_Pos	16	static
../Core/Src/oled.c:143:6:OLED_Display_On	8	static
../Core/Src/oled.c:150:6:OLED_Display_Off	8	static
../Core/Src/oled.c:157:6:OLED_Clear	16	static
../Core/Src/oled.c:168:6:OLED_On	16	static
../Core/Src/oled.c:184:6:OLED_ShowChar	32	static
../Core/Src/oled.c:206:10:oled_pow	24	static
../Core/Src/oled.c:218:6:OLED_ShowNum	24	static
../Core/Src/oled.c:238:6:OLED_ShowString	24	static
../Core/Src/oled.c:250:6:OLED_DrawBMP	32	static
../Core/Src/oled.c:267:6:OLED_Init	8	static
../Core/Src/oled.c:305:6:DrawBG	16	static
../Core/Src/oled.c:308:6:DrawMouch	24	static
../Core/Src/oled.c:312:6:DrawPosition	24	static
