../Core/Src/cJSON.c:96:1:cJSON_GetErrorPtr	4	static
../Core/Src/cJSON.c:102:1:cJSON_GetStringValue	16	static
../Core/Src/cJSON.c:113:1:cJSON_GetNumberValue	16	static
../Core/Src/cJSON.c:129:1:cJSON_Version	16	static
../Core/Src/cJSON.c:138:12:case_insensitive_strcmp	24	static
../Core/Src/cJSON.c:193:23:cJSON_strdup	24	static
../Core/Src/cJSON.c:215:1:cJSON_InitHooks	16	static
../Core/Src/cJSON.c:247:15:cJSON_New_Item	24	static
../Core/Src/cJSON.c:260:1:cJSON_Delete	24	static
../Core/Src/cJSON.c:284:22:get_decimal_point	4	static
../Core/Src/cJSON.c:312:19:parse_number	104	static
../Core/Src/cJSON.c:390:1:cJSON_SetNumberHelper	24	static
../Core/Src/cJSON.c:409:1:cJSON_SetValuestring	32	static
../Core/Src/cJSON.c:448:23:ensure	24	static
../Core/Src/cJSON.c:535:13:update_offset	32	static
../Core/Src/cJSON.c:548:19:compare_double	32	static
../Core/Src/cJSON.c:555:19:print_number	80	static
../Core/Src/cJSON.c:625:17:parse_hex4	24	static
../Core/Src/cJSON.c:662:22:utf16_literal_to_utf8	48	static
../Core/Src/cJSON.c:782:19:parse_string	48	static
../Core/Src/cJSON.c:911:19:print_string_ptr	40	static
../Core/Src/cJSON.c:1033:19:print_string	16	static
../Core/Src/cJSON.c:1047:22:buffer_skip_whitespace	16	static
../Core/Src/cJSON.c:1073:22:skip_utf8_bom	16	static
../Core/Src/cJSON.c:1089:1:cJSON_ParseWithOpts	32	static
../Core/Src/cJSON.c:1106:1:cJSON_ParseWithLengthOpts	64	static
../Core/Src/cJSON.c:1187:1:cJSON_Parse	16	static
../Core/Src/cJSON.c:1193:1:cJSON_ParseWithLength	16	static
../Core/Src/cJSON.c:1200:23:print	64	static
../Core/Src/cJSON.c:1267:1:cJSON_Print	16	static
../Core/Src/cJSON.c:1273:1:cJSON_PrintUnformatted	16	static
../Core/Src/cJSON.c:1279:1:cJSON_PrintBuffered	64	static
../Core/Src/cJSON.c:1310:1:cJSON_PrintPreallocated	64	static
../Core/Src/cJSON.c:1330:19:parse_value	16	static
../Core/Src/cJSON.c:1385:19:print_value	24	static
../Core/Src/cJSON.c:1459:19:parse_array	32	static
../Core/Src/cJSON.c:1557:19:print_array	32	static
../Core/Src/cJSON.c:1619:19:parse_object	32	static
../Core/Src/cJSON.c:1732:19:print_object	40	static
../Core/Src/cJSON.c:1847:1:cJSON_GetArraySize	24	static
../Core/Src/cJSON.c:1870:15:get_array_item	24	static
../Core/Src/cJSON.c:1890:1:cJSON_GetArrayItem	16	static
../Core/Src/cJSON.c:1900:15:get_object_item	32	static
../Core/Src/cJSON.c:1934:1:cJSON_GetObjectItem	16	static
../Core/Src/cJSON.c:1940:1:cJSON_GetObjectItemCaseSensitive	16	static
../Core/Src/cJSON.c:1946:1:cJSON_HasObjectItem	16	static
../Core/Src/cJSON.c:1952:13:suffix_object	16	static
../Core/Src/cJSON.c:1959:15:create_reference	24	static
../Core/Src/cJSON.c:1980:19:add_item_to_array	24	static
../Core/Src/cJSON.c:2015:1:cJSON_AddItemToArray	16	static
../Core/Src/cJSON.c:2027:14:cast_away_const	16	static
../Core/Src/cJSON.c:2035:19:add_item_to_object	32	static
../Core/Src/cJSON.c:2073:1:cJSON_AddItemToObject	32	static
../Core/Src/cJSON.c:2080:1:cJSON_AddItemToObjectCS	32	static
../Core/Src/cJSON.c:2086:1:cJSON_AddItemReferenceToArray	16	static
../Core/Src/cJSON.c:2097:1:cJSON_AddItemReferenceToObject	32	static
../Core/Src/cJSON.c:2108:1:cJSON_AddNullToObject	32	static
../Core/Src/cJSON.c:2121:1:cJSON_AddTrueToObject	32	static
../Core/Src/cJSON.c:2134:1:cJSON_AddFalseToObject	32	static
../Core/Src/cJSON.c:2147:1:cJSON_AddBoolToObject	40	static
../Core/Src/cJSON.c:2160:1:cJSON_AddNumberToObject	40	static
../Core/Src/cJSON.c:2173:1:cJSON_AddStringToObject	40	static
../Core/Src/cJSON.c:2186:1:cJSON_AddRawToObject	40	static
../Core/Src/cJSON.c:2199:1:cJSON_AddObjectToObject	32	static
../Core/Src/cJSON.c:2212:1:cJSON_AddArrayToObject	32	static
../Core/Src/cJSON.c:2225:1:cJSON_DetachItemViaPointer	16	static
../Core/Src/cJSON.c:2262:1:cJSON_DetachItemFromArray	16	static
../Core/Src/cJSON.c:2273:1:cJSON_DeleteItemFromArray	16	static
../Core/Src/cJSON.c:2279:1:cJSON_DetachItemFromObject	24	static
../Core/Src/cJSON.c:2287:1:cJSON_DetachItemFromObjectCaseSensitive	24	static
../Core/Src/cJSON.c:2295:1:cJSON_DeleteItemFromObject	16	static
../Core/Src/cJSON.c:2301:1:cJSON_DeleteItemFromObjectCaseSensitive	16	static
../Core/Src/cJSON.c:2308:1:cJSON_InsertItemInArray	32	static
../Core/Src/cJSON.c:2338:1:cJSON_ReplaceItemViaPointer	24	static
../Core/Src/cJSON.c:2388:1:cJSON_ReplaceItemInArray	24	static
../Core/Src/cJSON.c:2398:19:replace_item_in_object	24	static
../Core/Src/cJSON.c:2422:1:cJSON_ReplaceItemInObject	24	static
../Core/Src/cJSON.c:2428:1:cJSON_ReplaceItemInObjectCaseSensitive	24	static
../Core/Src/cJSON.c:2435:1:cJSON_CreateNull	16	static
../Core/Src/cJSON.c:2447:1:cJSON_CreateTrue	16	static
../Core/Src/cJSON.c:2459:1:cJSON_CreateFalse	16	static
../Core/Src/cJSON.c:2471:1:cJSON_CreateBool	24	static
../Core/Src/cJSON.c:2483:1:cJSON_CreateNumber	24	static
../Core/Src/cJSON.c:2510:1:cJSON_CreateString	24	static
../Core/Src/cJSON.c:2528:1:cJSON_CreateStringReference	24	static
../Core/Src/cJSON.c:2541:1:cJSON_CreateObjectReference	24	static
../Core/Src/cJSON.c:2554:1:cJSON_CreateArrayReference	24	static
../Core/Src/cJSON.c:2567:1:cJSON_CreateRaw	24	static
../Core/Src/cJSON.c:2585:1:cJSON_CreateArray	16	static
../Core/Src/cJSON.c:2597:1:cJSON_CreateObject	16	static
../Core/Src/cJSON.c:2610:1:cJSON_CreateIntArray	32	static
../Core/Src/cJSON.c:2652:1:cJSON_CreateFloatArray	32	static
../Core/Src/cJSON.c:2694:1:cJSON_CreateDoubleArray	32	static
../Core/Src/cJSON.c:2736:1:cJSON_CreateStringArray	32	static
../Core/Src/cJSON.c:2779:1:cJSON_Duplicate	32	static
../Core/Src/cJSON.c:2862:13:skip_oneline_comment	16	static
../Core/Src/cJSON.c:2876:13:skip_multiline_comment	16	static
../Core/Src/cJSON.c:2890:13:minify_string	16	static
../Core/Src/cJSON.c:2917:1:cJSON_Minify	24	static
../Core/Src/cJSON.c:2968:1:cJSON_IsInvalid	16	static
../Core/Src/cJSON.c:2979:1:cJSON_IsFalse	16	static
../Core/Src/cJSON.c:2990:1:cJSON_IsTrue	16	static
../Core/Src/cJSON.c:3001:1:cJSON_IsBool	16	static
../Core/Src/cJSON.c:3011:1:cJSON_IsNull	16	static
../Core/Src/cJSON.c:3022:1:cJSON_IsNumber	16	static
../Core/Src/cJSON.c:3033:1:cJSON_IsString	16	static
../Core/Src/cJSON.c:3044:1:cJSON_IsArray	16	static
../Core/Src/cJSON.c:3055:1:cJSON_IsObject	16	static
../Core/Src/cJSON.c:3066:1:cJSON_IsRaw	16	static
../Core/Src/cJSON.c:3077:1:cJSON_Compare	40	static
../Core/Src/cJSON.c:3204:1:cJSON_malloc	16	static
../Core/Src/cJSON.c:3210:1:cJSON_free	16	static
