../Core/Src/oled.c:123:6:Write_IIC_Command	40	static
../Core/Src/oled.c:130:6:Write_IIC_Data	40	static
../Core/Src/oled.c:137:6:OLED_WR_Byte	16	static
../Core/Src/oled.c:146:6:fill_picture	24	static
../Core/Src/oled.c:163:6:OLED_Set_Pos	16	static
../Core/Src/oled.c:170:6:OLED_Display_On	8	static
../Core/Src/oled.c:177:6:OLED_Display_Off	8	static
../Core/Src/oled.c:184:6:OLED_Clear	16	static
../Core/Src/oled.c:195:6:OLED_On	16	static
../Core/Src/oled.c:207:10:oled_pow	24	static
../Core/Src/oled.c:215:6:OLED_DrawBMP	32	static
../Core/Src/oled.c:231:6:OLED_Init	8	static
../Core/Src/oled.c:269:6:DrawBG	16	static
../Core/Src/oled.c:272:6:DrawMouch	24	static
../Core/Src/oled.c:275:6:DrawPosition	24	static
../Core/Src/oled.c:279:6:DrawText	24	static
