Archive member included to satisfy reference by file (symbol)

/opt/st/stm32cubeide_1.10.1/plugins/com.st.stm32cube.ide.mcu.externaltools.gnu-tools-for-stm32.10.3-2021.10.linux64_1.0.0.202111181127/tools/bin/../lib/gcc/arm-none-eabi/10.3.1/../../../../arm-none-eabi/lib/thumb/v7e-m+dp/hard/libc_nano.a(lib_a-errno.o)
                              ./Core/Src/syscalls.o (__errno)
/opt/st/stm32cubeide_1.10.1/plugins/com.st.stm32cube.ide.mcu.externaltools.gnu-tools-for-stm32.10.3-2021.10.linux64_1.0.0.202111181127/tools/bin/../lib/gcc/arm-none-eabi/10.3.1/../../../../arm-none-eabi/lib/thumb/v7e-m+dp/hard/libc_nano.a(lib_a-exit.o)
                              /opt/st/stm32cubeide_1.10.1/plugins/com.st.stm32cube.ide.mcu.externaltools.gnu-tools-for-stm32.10.3-2021.10.linux64_1.0.0.202111181127/tools/bin/../lib/gcc/arm-none-eabi/10.3.1/../../../../arm-none-eabi/lib/thumb/v7e-m+dp/hard/crt0.o (exit)
/opt/st/stm32cubeide_1.10.1/plugins/com.st.stm32cube.ide.mcu.externaltools.gnu-tools-for-stm32.10.3-2021.10.linux64_1.0.0.202111181127/tools/bin/../lib/gcc/arm-none-eabi/10.3.1/../../../../arm-none-eabi/lib/thumb/v7e-m+dp/hard/libc_nano.a(lib_a-impure.o)
                              /opt/st/stm32cubeide_1.10.1/plugins/com.st.stm32cube.ide.mcu.externaltools.gnu-tools-for-stm32.10.3-2021.10.linux64_1.0.0.202111181127/tools/bin/../lib/gcc/arm-none-eabi/10.3.1/../../../../arm-none-eabi/lib/thumb/v7e-m+dp/hard/libc_nano.a(lib_a-exit.o) (_global_impure_ptr)
/opt/st/stm32cubeide_1.10.1/plugins/com.st.stm32cube.ide.mcu.externaltools.gnu-tools-for-stm32.10.3-2021.10.linux64_1.0.0.202111181127/tools/bin/../lib/gcc/arm-none-eabi/10.3.1/../../../../arm-none-eabi/lib/thumb/v7e-m+dp/hard/libc_nano.a(lib_a-init.o)
                              /opt/st/stm32cubeide_1.10.1/plugins/com.st.stm32cube.ide.mcu.externaltools.gnu-tools-for-stm32.10.3-2021.10.linux64_1.0.0.202111181127/tools/bin/../lib/gcc/arm-none-eabi/10.3.1/../../../../arm-none-eabi/lib/thumb/v7e-m+dp/hard/crt0.o (__libc_init_array)
/opt/st/stm32cubeide_1.10.1/plugins/com.st.stm32cube.ide.mcu.externaltools.gnu-tools-for-stm32.10.3-2021.10.linux64_1.0.0.202111181127/tools/bin/../lib/gcc/arm-none-eabi/10.3.1/../../../../arm-none-eabi/lib/thumb/v7e-m+dp/hard/libc_nano.a(lib_a-memset.o)
                              /opt/st/stm32cubeide_1.10.1/plugins/com.st.stm32cube.ide.mcu.externaltools.gnu-tools-for-stm32.10.3-2021.10.linux64_1.0.0.202111181127/tools/bin/../lib/gcc/arm-none-eabi/10.3.1/../../../../arm-none-eabi/lib/thumb/v7e-m+dp/hard/crt0.o (memset)
/opt/st/stm32cubeide_1.10.1/plugins/com.st.stm32cube.ide.mcu.externaltools.gnu-tools-for-stm32.10.3-2021.10.linux64_1.0.0.202111181127/tools/bin/../lib/gcc/arm-none-eabi/10.3.1/thumb/v7e-m+dp/hard/libgcc.a(_aeabi_uldivmod.o)
                              ./Drivers/STM32H7xx_HAL_Driver/Src/stm32h7xx_hal_uart.o (__aeabi_uldivmod)
/opt/st/stm32cubeide_1.10.1/plugins/com.st.stm32cube.ide.mcu.externaltools.gnu-tools-for-stm32.10.3-2021.10.linux64_1.0.0.202111181127/tools/bin/../lib/gcc/arm-none-eabi/10.3.1/thumb/v7e-m+dp/hard/libgcc.a(_udivmoddi4.o)
                              /opt/st/stm32cubeide_1.10.1/plugins/com.st.stm32cube.ide.mcu.externaltools.gnu-tools-for-stm32.10.3-2021.10.linux64_1.0.0.202111181127/tools/bin/../lib/gcc/arm-none-eabi/10.3.1/thumb/v7e-m+dp/hard/libgcc.a(_aeabi_uldivmod.o) (__udivmoddi4)
/opt/st/stm32cubeide_1.10.1/plugins/com.st.stm32cube.ide.mcu.externaltools.gnu-tools-for-stm32.10.3-2021.10.linux64_1.0.0.202111181127/tools/bin/../lib/gcc/arm-none-eabi/10.3.1/thumb/v7e-m+dp/hard/libgcc.a(_dvmd_tls.o)
                              /opt/st/stm32cubeide_1.10.1/plugins/com.st.stm32cube.ide.mcu.externaltools.gnu-tools-for-stm32.10.3-2021.10.linux64_1.0.0.202111181127/tools/bin/../lib/gcc/arm-none-eabi/10.3.1/thumb/v7e-m+dp/hard/libgcc.a(_aeabi_uldivmod.o) (__aeabi_ldiv0)

Discarded input sections

 .text          0x0000000000000000        0x0 /opt/st/stm32cubeide_1.10.1/plugins/com.st.stm32cube.ide.mcu.externaltools.gnu-tools-for-stm32.10.3-2021.10.linux64_1.0.0.202111181127/tools/bin/../lib/gcc/arm-none-eabi/10.3.1/thumb/v7e-m+dp/hard/crti.o
 .data          0x0000000000000000        0x0 /opt/st/stm32cubeide_1.10.1/plugins/com.st.stm32cube.ide.mcu.externaltools.gnu-tools-for-stm32.10.3-2021.10.linux64_1.0.0.202111181127/tools/bin/../lib/gcc/arm-none-eabi/10.3.1/thumb/v7e-m+dp/hard/crti.o
 .bss           0x0000000000000000        0x0 /opt/st/stm32cubeide_1.10.1/plugins/com.st.stm32cube.ide.mcu.externaltools.gnu-tools-for-stm32.10.3-2021.10.linux64_1.0.0.202111181127/tools/bin/../lib/gcc/arm-none-eabi/10.3.1/thumb/v7e-m+dp/hard/crti.o
 .data          0x0000000000000000        0x4 /opt/st/stm32cubeide_1.10.1/plugins/com.st.stm32cube.ide.mcu.externaltools.gnu-tools-for-stm32.10.3-2021.10.linux64_1.0.0.202111181127/tools/bin/../lib/gcc/arm-none-eabi/10.3.1/thumb/v7e-m+dp/hard/crtbegin.o
[...]
Memory Configuration

Name             Origin             Length             Attributes
ITCMRAM          0x0000000000000000 0x0000000000010000 xrw
FLASH            0x0000000008000000 0x0000000000200000 xr
DTCMRAM1         0x0000000020000000 0x0000000000010000 xrw
DTCMRAM2         0x0000000020010000 0x0000000000010000 xrw
RAM              0x0000000024000000 0x0000000000100000 xrw
RAM_CD           0x0000000030000000 0x0000000000020000 xrw
RAM_SRD          0x0000000038000000 0x0000000000008000 xrw
*default*        0x0000000000000000 0xffffffffffffffff

Linker script and memory map

LOAD /opt/st/stm32cubeide_1.10.1/plugins/com.st.stm32cube.ide.mcu.externaltools.gnu-tools-for-stm32.10.3-2021.10.linux64_1.0.0.202111181127/tools/bin/../lib/gcc/arm-none-eabi/10.3.1/thumb/v7e-m+dp/hard/crti.o
LOAD /opt/st/stm32cubeide_1.10.1/plugins/com.st.stm32cube.ide.mcu.externaltools.gnu-tools-for-stm32.10.3-2021.10.linux64_1.0.0.202111181127/tools/bin/../lib/gcc/arm-none-eabi/10.3.1/thumb/v7e-m+dp/hard/crtbegin.o
LOAD /opt/st/stm32cubeide_1.10.1/plugins/com.st.stm32cube.ide.mcu.externaltools.gnu-tools-for-stm32.10.3-2021.10.linux64_1.0.0.202111181127/tools/bin/../lib/gcc/arm-none-eabi/10.3.1/../../../../arm-none-eabi/lib/thumb/v7e-m+dp/hard/crt0.o
LOAD ./Core/Src/gpio.o
LOAD ./Core/Src/i2c.o
LOAD ./Core/Src/main.o
LOAD ./Core/Src/oled.o
LOAD ./Core/Src/stm32h7xx_hal_msp.o
LOAD ./Core/Src/stm32h7xx_it.o
LOAD ./Core/Src/syscalls.o
LOAD ./Core/Src/sysmem.o
LOAD ./Core/Src/system_stm32h7xx.o
LOAD ./Core/Src/tim.o
LOAD ./Core/Src/usart.o
LOAD ./Core/Src/usb_otg.o
LOAD ./Core/Startup/startup_stm32h7a3zitxq.o
LOAD ./Drivers/STM32H7xx_HAL_Driver/Src/stm32h7xx_hal.o
LOAD ./Drivers/STM32H7xx_HAL_Driver/Src/stm32h7xx_hal_cortex.o
LOAD ./Drivers/STM32H7xx_HAL_Driver/Src/stm32h7xx_hal_dma.o
LOAD ./Drivers/STM32H7xx_HAL_Driver/Src/stm32h7xx_hal_dma_ex.o
LOAD ./Drivers/STM32H7xx_HAL_Driver/Src/stm32h7xx_hal_exti.o
LOAD ./Drivers/STM32H7xx_HAL_Driver/Src/stm32h7xx_hal_flash.o
LOAD ./Drivers/STM32H7xx_HAL_Driver/Src/stm32h7xx_hal_flash_ex.o
LOAD ./Drivers/STM32H7xx_HAL_Driver/Src/stm32h7xx_hal_gpio.o
LOAD ./Drivers/STM32H7xx_HAL_Driver/Src/stm32h7xx_hal_hsem.o
LOAD ./Drivers/STM32H7xx_HAL_Driver/Src/stm32h7xx_hal_i2c.o
LOAD ./Drivers/STM32H7xx_HAL_Driver/Src/stm32h7xx_hal_i2c_ex.o
LOAD ./Drivers/STM32H7xx_HAL_Driver/Src/stm32h7xx_hal_mdma.o
LOAD ./Drivers/STM32H7xx_HAL_Driver/Src/stm32h7xx_hal_pwr.o
LOAD ./Drivers/STM32H7xx_HAL_Driver/Src/stm32h7xx_hal_pwr_ex.o
LOAD ./Drivers/STM32H7xx_HAL_Driver/Src/stm32h7xx_hal_rcc.o
LOAD ./Drivers/STM32H7xx_HAL_Driver/Src/stm32h7xx_hal_rcc_ex.o
LOAD ./Drivers/STM32H7xx_HAL_Driver/Src/stm32h7xx_hal_tim.o
LOAD ./Drivers/STM32H7xx_HAL_Driver/Src/stm32h7xx_hal_tim_ex.o
LOAD ./Drivers/STM32H7xx_HAL_Driver/Src/stm32h7xx_hal_uart.o
LOAD ./Drivers/STM32H7xx_HAL_Driver/Src/stm32h7xx_hal_uart_ex.o
START GROUP
LOAD /opt/st/stm32cubeide_1.10.1/plugins/com.st.stm32cube.ide.mcu.externaltools.gnu-tools-for-stm32.10.3-2021.10.linux64_1.0.0.202111181127/tools/bin/../lib/gcc/arm-none-eabi/10.3.1/../../../../arm-none-eabi/lib/thumb/v7e-m+dp/hard/libc_nano.a
LOAD /opt/st/stm32cubeide_1.10.1/plugins/com.st.stm32cube.ide.mcu.externaltools.gnu-tools-for-stm32.10.3-2021.10.linux64_1.0.0.202111181127/tools/bin/../lib/gcc/arm-none-eabi/10.3.1/../../../../arm-none-eabi/lib/thumb/v7e-m+dp/hard/libm.a
END GROUP
START GROUP
LOAD /opt/st/stm32cubeide_1.10.1/plugins/com.st.stm32cube.ide.mcu.externaltools.gnu-tools-for-stm32.10.3-2021.10.linux64_1.0.0.202111181127/tools/bin/../lib/gcc/arm-none-eabi/10.3.1/thumb/v7e-m+dp/hard/libgcc.a
LOAD /opt/st/stm32cubeide_1.10.1/plugins/com.st.stm32cube.ide.mcu.externaltools.gnu-tools-for-stm32.10.3-2021.10.linux64_1.0.0.202111181127/tools/bin/../lib/gcc/arm-none-eabi/10.3.1/../../../../arm-none-eabi/lib/thumb/v7e-m+dp/hard/libc_nano.a
END GROUP
START GROUP
LOAD /opt/st/stm32cubeide_1.10.1/plugins/com.st.stm32cube.ide.mcu.externaltools.gnu-tools-for-stm32.10.3-2021.10.linux64_1.0.0.202111181127/tools/bin/../lib/gcc/arm-none-eabi/10.3.1/thumb/v7e-m+dp/hard/libgcc.a
LOAD /opt/st/stm32cubeide_1.10.1/plugins/com.st.stm32cube.ide.mcu.externaltools.gnu-tools-for-stm32.10.3-2021.10.linux64_1.0.0.202111181127/tools/bin/../lib/gcc/arm-none-eabi/10.3.1/../../../../arm-none-eabi/lib/thumb/v7e-m+dp/hard/libc_nano.a
LOAD /opt/st/stm32cubeide_1.10.1/plugins/com.st.stm32cube.ide.mcu.externaltools.gnu-tools-for-stm32.10.3-2021.10.linux64_1.0.0.202111181127/tools/bin/../lib/gcc/arm-none-eabi/10.3.1/../../../../arm-none-eabi/lib/thumb/v7e-m+dp/hard/libnosys.a
END GROUP
START GROUP
LOAD /opt/st/stm32cubeide_1.10.1/plugins/com.st.stm32cube.ide.mcu.externaltools.gnu-tools-for-stm32.10.3-2021.10.linux64_1.0.0.202111181127/tools/bin/../lib/gcc/arm-none-eabi/10.3.1/thumb/v7e-m+dp/hard/libgcc.a
LOAD /opt/st/stm32cubeide_1.10.1/plugins/com.st.stm32cube.ide.mcu.externaltools.gnu-tools-for-stm32.10.3-2021.10.linux64_1.0.0.202111181127/tools/bin/../lib/gcc/arm-none-eabi/10.3.1/../../../../arm-none-eabi/lib/thumb/v7e-m+dp/hard/libc_nano.a
LOAD /opt/st/stm32cubeide_1.10.1/plugins/com.st.stm32cube.ide.mcu.externaltools.gnu-tools-for-stm32.10.3-2021.10.linux64_1.0.0.202111181127/tools/bin/../lib/gcc/arm-none-eabi/10.3.1/../../../../arm-none-eabi/lib/thumb/v7e-m+dp/hard/libnosys.a
END GROUP
LOAD /opt/st/stm32cubeide_1.10.1/plugins/com.st.stm32cube.ide.mcu.externaltools.gnu-tools-for-stm32.10.3-2021.10.linux64_1.0.0.202111181127/tools/bin/../lib/gcc/arm-none-eabi/10.3.1/thumb/v7e-m+dp/hard/crtend.o
LOAD /opt/st/stm32cubeide_1.10.1/plugins/com.st.stm32cube.ide.mcu.externaltools.gnu-tools-for-stm32.10.3-2021.10.linux64_1.0.0.202111181127/tools/bin/../lib/gcc/arm-none-eabi/10.3.1/thumb/v7e-m+dp/hard/crtn.o
                0x0000000024100000                _estack = (ORIGIN (RAM) + LENGTH (RAM))
                0x0000000000000200                _Min_Heap_Size = 0x200
                0x0000000000000400                _Min_Stack_Size = 0x400

.isr_vector     0x0000000008000000      0x2ac
                0x0000000008000000                . = ALIGN (0x4)
 *(.isr_vector)
 .isr_vector    0x0000000008000000      0x2ac ./Core/Startup/startup_stm32h7a3zitxq.o
                0x0000000008000000                g_pfnVectors
                0x00000000080002ac                . = ALIGN (0x4)

.text           0x00000000080002ac     0x61f4
                0x00000000080002ac                . = ALIGN (0x4)
 *(.text)
 .text          0x00000000080002ac       0x40 /opt/st/stm32cubeide_1.10.1/plugins/com.st.stm32cube.ide.mcu.externaltools.gnu-tools-for-stm32.10.3-2021.10.linux64_1.0.0.202111181127/tools/bin/../lib/gcc/arm-none-eabi/10.3.1/thumb/v7e-m+dp/hard/crtbegin.o
 .text          0x00000000080002ec       0x30 /opt/st/stm32cubeide_1.10.1/plugins/com.st.stm32cube.ide.mcu.externaltools.gnu-tools-for-stm32.10.3-2021.10.linux64_1.0.0.202111181127/tools/bin/../lib/gcc/arm-none-eabi/10.3.1/thumb/v7e-m+dp/hard/libgcc.a(_aeabi_uldivmod.o)
                0x00000000080002ec                __aeabi_uldivmod
 .text          0x000000000800031c      0x2d0 /opt/st/stm32cubeide_1.10.1/plugins/com.st.stm32cube.ide.mcu.externaltools.gnu-tools-for-stm32.10.3-2021.10.linux64_1.0.0.202111181127/tools/bin/../lib/gcc/arm-none-eabi/10.3.1/thumb/v7e-m+dp/hard/libgcc.a(_udivmoddi4.o)
                0x000000000800031c                __udivmoddi4
 .text          0x00000000080005ec        0x4 /opt/st/stm32cubeide_1.10.1/plugins/com.st.stm32cube.ide.mcu.externaltools.gnu-tools-for-stm32.10.3-2021.10.linux64_1.0.0.202111181127/tools/bin/../lib/gcc/arm-none-eabi/10.3.1/thumb/v7e-m+dp/hard/libgcc.a(_dvmd_tls.o)
                0x00000000080005ec                __aeabi_ldiv0
                0x00000000080005ec                __aeabi_idiv0
 *(.text*)
 .text.MX_GPIO_Init
                0x00000000080005f0      0x234 ./Core/Src/gpio.o
                0x00000000080005f0                MX_GPIO_Init
 .text.MX_I2C1_Init
                0x0000000008000824       0x80 ./Core/Src/i2c.o
                0x0000000008000824                MX_I2C1_Init
 .text.HAL_I2C_MspInit
                0x00000000080008a4       0xc8 ./Core/Src/i2c.o
                0x00000000080008a4                HAL_I2C_MspInit
 .text.main     0x000000000800096c       0x44 ./Core/Src/main.o
                0x000000000800096c                main
 .text.SystemClock_Config
                0x00000000080009b0       0xec ./Core/Src/main.o
                0x00000000080009b0                SystemClock_Config
 .text.Error_Handler
                0x0000000008000a9c        0xa ./Core/Src/main.o
                0x0000000008000a9c                Error_Handler
 *fill*         0x0000000008000aa6        0x2 
 .text.Write_IIC_Command
                0x0000000008000aa8       0x34 ./Core/Src/oled.o
                0x0000000008000aa8                Write_IIC_Command
 .text.Write_IIC_Data
                0x0000000008000adc       0x34 ./Core/Src/oled.o
                0x0000000008000adc                Write_IIC_Data
 .text.OLED_WR_Byte
                0x0000000008000b10       0x30 ./Core/Src/oled.o
                0x0000000008000b10                OLED_WR_Byte
 .text.OLED_Set_Pos
                0x0000000008000b40       0x58 ./Core/Src/oled.o
                0x0000000008000b40                OLED_Set_Pos
 .text.OLED_Display_On
                0x0000000008000b98       0x20 ./Core/Src/oled.o
                0x0000000008000b98                OLED_Display_On
 .text.OLED_Clear
                0x0000000008000bb8       0x5c ./Core/Src/oled.o
                0x0000000008000bb8                OLED_Clear
 .text.OLED_ShowChar
                0x0000000008000c14      0x100 ./Core/Src/oled.o
                0x0000000008000c14                OLED_ShowChar
 .text.oled_pow
                0x0000000008000d14       0x38 ./Core/Src/oled.o
                0x0000000008000d14                oled_pow
 .text.OLED_ShowNum
                0x0000000008000d4c       0xcc ./Core/Src/oled.o
                0x0000000008000d4c                OLED_ShowNum
 .text.OLED_DrawBMP
                0x0000000008000e18       0x92 ./Core/Src/oled.o
                0x0000000008000e18                OLED_DrawBMP
 .text.OLED_Init
                0x0000000008000eaa       0xe0 ./Core/Src/oled.o
                0x0000000008000eaa                OLED_Init
 *fill*         0x0000000008000f8a        0x2 
 .text.DrawBG   0x0000000008000f8c       0x20 ./Core/Src/oled.o
                0x0000000008000f8c                DrawBG
 .text.DrawMouch
                0x0000000008000fac       0x30 ./Core/Src/oled.o
                0x0000000008000fac                DrawMouch
 .text.DrawPosition
                0x0000000008000fdc       0x32 ./Core/Src/oled.o
                0x0000000008000fdc                DrawPosition
 *fill*         0x000000000800100e        0x2 
 .text.HAL_MspInit
                0x0000000008001010       0x34 ./Core/Src/stm32h7xx_hal_msp.o
                0x0000000008001010                HAL_MspInit
 .text.NMI_Handler
                0x0000000008001044        0x6 ./Core/Src/stm32h7xx_it.o
                0x0000000008001044                NMI_Handler
 .text.HardFault_Handler
                0x000000000800104a        0x6 ./Core/Src/stm32h7xx_it.o
                0x000000000800104a                HardFault_Handler
 .text.MemManage_Handler
                0x0000000008001050        0x6 ./Core/Src/stm32h7xx_it.o
                0x0000000008001050                MemManage_Handler
 .text.BusFault_Handler
                0x0000000008001056        0x6 ./Core/Src/stm32h7xx_it.o
                0x0000000008001056                BusFault_Handler
 .text.UsageFault_Handler
                0x000000000800105c        0x6 ./Core/Src/stm32h7xx_it.o
                0x000000000800105c                UsageFault_Handler
 .text.SVC_Handler
                0x0000000008001062        0xe ./Core/Src/stm32h7xx_it.o
                0x0000000008001062                SVC_Handler
 .text.DebugMon_Handler
                0x0000000008001070        0xe ./Core/Src/stm32h7xx_it.o
                0x0000000008001070                DebugMon_Handler
 .text.PendSV_Handler
                0x000000000800107e        0xe ./Core/Src/stm32h7xx_it.o
                0x000000000800107e                PendSV_Handler
 .text.SysTick_Handler
                0x000000000800108c        0xc ./Core/Src/stm32h7xx_it.o
                0x000000000800108c                SysTick_Handler
 .text.TIM6_DAC_IRQHandler
                0x0000000008001098       0x14 ./Core/Src/stm32h7xx_it.o
                0x0000000008001098                TIM6_DAC_IRQHandler
 .text.HAL_TIM_PeriodElapsedCallback
                0x00000000080010ac       0x44 ./Core/Src/stm32h7xx_it.o
                0x00000000080010ac                HAL_TIM_PeriodElapsedCallback
 .text.SystemInit
                0x00000000080010f0       0xf0 ./Core/Src/system_stm32h7xx.o
                0x00000000080010f0                SystemInit
 .text.MX_TIM6_Init
                0x00000000080011e0       0x70 ./Core/Src/tim.o
                0x00000000080011e0                MX_TIM6_Init
 .text.HAL_TIM_Base_MspInit
                0x0000000008001250       0x50 ./Core/Src/tim.o
                0x0000000008001250                HAL_TIM_Base_MspInit
 .text.MX_USART3_UART_Init
                0x00000000080012a0       0x98 ./Core/Src/usart.o
                0x00000000080012a0                MX_USART3_UART_Init
 .text.HAL_UART_MspInit
                0x0000000008001338       0xcc ./Core/Src/usart.o
                0x0000000008001338                HAL_UART_MspInit
 .text.MX_USB_OTG_HS_USB_Init
                0x0000000008001404        0xe ./Core/Src/usb_otg.o
                0x0000000008001404                MX_USB_OTG_HS_USB_Init
 *fill*         0x0000000008001412        0x2 
 .text.Reset_Handler
                0x0000000008001414       0x50 ./Core/Startup/startup_stm32h7a3zitxq.o
                0x0000000008001414                Reset_Handler
 .text.Default_Handler
                0x0000000008001464        0x2 ./Core/Startup/startup_stm32h7a3zitxq.o
                0x0000000008001464                RTC_Alarm_IRQHandler
                0x0000000008001464                EXTI2_IRQHandler
                0x0000000008001464                TIM8_CC_IRQHandler
                0x0000000008001464                UART8_IRQHandler
                0x0000000008001464                BDMA2_Channel1_IRQHandler
                0x0000000008001464                SPI4_IRQHandler
                0x0000000008001464                BDMA2_Channel0_IRQHandler
                0x0000000008001464                TIM1_CC_IRQHandler
                0x0000000008001464                DMA2_Stream5_IRQHandler
                0x0000000008001464                JPEG_IRQHandler
                0x0000000008001464                DMA1_Stream5_IRQHandler
                0x0000000008001464                EXTI3_IRQHandler
                0x0000000008001464                LPTIM4_IRQHandler
                0x0000000008001464                TIM8_TRG_COM_TIM14_IRQHandler
                0x0000000008001464                LPTIM2_IRQHandler
                0x0000000008001464                DFSDM1_FLT1_IRQHandler
                0x0000000008001464                DMAMUX2_OVR_IRQHandler
                0x0000000008001464                GFXMMU_IRQHandler
                0x0000000008001464                TIM8_UP_TIM13_IRQHandler
                0x0000000008001464                I2C3_ER_IRQHandler
                0x0000000008001464                DFSDM1_FLT2_IRQHandler
                0x0000000008001464                USART10_IRQHandler
                0x0000000008001464                MDMA_IRQHandler
                0x0000000008001464                LPTIM3_IRQHandler
                0x0000000008001464                BDMA2_Channel3_IRQHandler
                0x0000000008001464                HSEM1_IRQHandler
                0x0000000008001464                EXTI0_IRQHandler
                0x0000000008001464                I2C2_EV_IRQHandler
                0x0000000008001464                DAC2_IRQHandler
                0x0000000008001464                DMA1_Stream2_IRQHandler
                0x0000000008001464                FPU_IRQHandler
                0x0000000008001464                OTG_HS_WKUP_IRQHandler
                0x0000000008001464                FDCAN1_IT1_IRQHandler
                0x0000000008001464                LTDC_ER_IRQHandler
                0x0000000008001464                DMA2_Stream2_IRQHandler
                0x0000000008001464                SPI1_IRQHandler
                0x0000000008001464                OCTOSPI1_IRQHandler
                0x0000000008001464                BDMA2_Channel6_IRQHandler
                0x0000000008001464                DMA2_Stream3_IRQHandler
                0x0000000008001464                OCTOSPI2_IRQHandler
                0x0000000008001464                SAI2_IRQHandler
                0x0000000008001464                BDMA1_IRQHandler
                0x0000000008001464                DFSDM1_FLT3_IRQHandler
                0x0000000008001464                USART6_IRQHandler
                0x0000000008001464                TIM17_IRQHandler
                0x0000000008001464                USART3_IRQHandler
                0x0000000008001464                LPTIM5_IRQHandler
                0x0000000008001464                UART5_IRQHandler
                0x0000000008001464                DMA2_Stream0_IRQHandler
                0x0000000008001464                TIM4_IRQHandler
                0x0000000008001464                I2C1_EV_IRQHandler
                0x0000000008001464                DMA1_Stream6_IRQHandler
                0x0000000008001464                DMAMUX1_OVR_IRQHandler
                0x0000000008001464                DMA1_Stream1_IRQHandler
                0x0000000008001464                TIM16_IRQHandler
                0x0000000008001464                UART4_IRQHandler
                0x0000000008001464                TIM3_IRQHandler
                0x0000000008001464                RCC_IRQHandler
                0x0000000008001464                UART9_IRQHandler
                0x0000000008001464                TIM8_BRK_TIM12_IRQHandler
                0x0000000008001464                TIM1_TRG_COM_IRQHandler
                0x0000000008001464                Default_Handler
                0x0000000008001464                ECC_IRQHandler
                0x0000000008001464                BDMA2_Channel2_IRQHandler
                0x0000000008001464                CEC_IRQHandler
                0x0000000008001464                EXTI15_10_IRQHandler
                0x0000000008001464                DFSDM1_FLT4_IRQHandler
                0x0000000008001464                ADC_IRQHandler
                0x0000000008001464                DMA1_Stream7_IRQHandler
                0x0000000008001464                SPI5_IRQHandler
                0x0000000008001464                TIM7_IRQHandler
                0x0000000008001464                SDMMC1_IRQHandler
                0x0000000008001464                TIM5_IRQHandler
                0x0000000008001464                DMA2_Stream7_IRQHandler
                0x0000000008001464                TIM15_IRQHandler
                0x0000000008001464                I2C3_EV_IRQHandler
                0x0000000008001464                DFSDM2_IRQHandler
                0x0000000008001464                EXTI9_5_IRQHandler
                0x0000000008001464                RTC_WKUP_IRQHandler
                0x0000000008001464                LTDC_IRQHandler
                0x0000000008001464                SPDIF_RX_IRQHandler
                0x0000000008001464                PVD_PVM_IRQHandler
                0x0000000008001464                SPI2_IRQHandler
                0x0000000008001464                OTG_HS_EP1_IN_IRQHandler
                0x0000000008001464                DFSDM1_FLT5_IRQHandler
                0x0000000008001464                DMA1_Stream0_IRQHandler
                0x0000000008001464                CRS_IRQHandler
                0x0000000008001464                EXTI4_IRQHandler
                0x0000000008001464                DFSDM1_FLT6_IRQHandler
                0x0000000008001464                RNG_IRQHandler
                0x0000000008001464                FDCAN2_IT1_IRQHandler
                0x0000000008001464                COMP_IRQHandler
                0x0000000008001464                TIM1_UP_IRQHandler
                0x0000000008001464                OTG_HS_EP1_OUT_IRQHandler
                0x0000000008001464                WWDG_IRQHandler
                0x0000000008001464                SPI6_IRQHandler
                0x0000000008001464                MDIOS_IRQHandler
                0x0000000008001464                I2C4_EV_IRQHandler
                0x0000000008001464                FDCAN2_IT0_IRQHandler
                0x0000000008001464                LPUART1_IRQHandler
                0x0000000008001464                FDCAN1_IT0_IRQHandler
                0x0000000008001464                TIM2_IRQHandler
                0x0000000008001464                BDMA2_Channel5_IRQHandler
                0x0000000008001464                OTG_HS_IRQHandler
                0x0000000008001464                DMA2D_IRQHandler
                0x0000000008001464                TIM1_BRK_IRQHandler
                0x0000000008001464                EXTI1_IRQHandler
                0x0000000008001464                SDMMC2_IRQHandler
                0x0000000008001464                DTS_IRQHandler
                0x0000000008001464                UART7_IRQHandler
                0x0000000008001464                MDIOS_WKUP_IRQHandler
                0x0000000008001464                USART2_IRQHandler
                0x0000000008001464                DFSDM1_FLT0_IRQHandler
                0x0000000008001464                I2C2_ER_IRQHandler
                0x0000000008001464                DMA2_Stream1_IRQHandler
                0x0000000008001464                DFSDM1_FLT7_IRQHandler
                0x0000000008001464                FLASH_IRQHandler
                0x0000000008001464                DMA2_Stream4_IRQHandler
                0x0000000008001464                USART1_IRQHandler
                0x0000000008001464                SPI3_IRQHandler
                0x0000000008001464                WAKEUP_PIN_IRQHandler
                0x0000000008001464                DMA1_Stream4_IRQHandler
                0x0000000008001464                I2C1_ER_IRQHandler
                0x0000000008001464                FMC_IRQHandler
                0x0000000008001464                BDMA2_Channel7_IRQHandler
                0x0000000008001464                FDCAN_CAL_IRQHandler
                0x0000000008001464                SWPMI1_IRQHandler
                0x0000000008001464                LPTIM1_IRQHandler
                0x0000000008001464                DCMI_PSSI_IRQHandler
                0x0000000008001464                I2C4_ER_IRQHandler
                0x0000000008001464                DMA2_Stream6_IRQHandler
                0x0000000008001464                SAI1_IRQHandler
                0x0000000008001464                DMA1_Stream3_IRQHandler
                0x0000000008001464                RTC_TAMP_STAMP_CSS_LSE_IRQHandler
                0x0000000008001464                BDMA2_Channel4_IRQHandler
 *fill*         0x0000000008001466        0x2 
 .text.HAL_Init
                0x0000000008001468       0x78 ./Drivers/STM32H7xx_HAL_Driver/Src/stm32h7xx_hal.o
                0x0000000008001468                HAL_Init
 .text.HAL_InitTick
                0x00000000080014e0       0x6c ./Drivers/STM32H7xx_HAL_Driver/Src/stm32h7xx_hal.o
                0x00000000080014e0                HAL_InitTick
 .text.HAL_IncTick
                0x000000000800154c       0x28 ./Drivers/STM32H7xx_HAL_Driver/Src/stm32h7xx_hal.o
                0x000000000800154c                HAL_IncTick
 .text.HAL_GetTick
                0x0000000008001574       0x18 ./Drivers/STM32H7xx_HAL_Driver/Src/stm32h7xx_hal.o
                0x0000000008001574                HAL_GetTick
 .text.__NVIC_SetPriorityGrouping
                0x000000000800158c       0x48 ./Drivers/STM32H7xx_HAL_Driver/Src/stm32h7xx_hal_cortex.o
 .text.__NVIC_GetPriorityGrouping
                0x00000000080015d4       0x1c ./Drivers/STM32H7xx_HAL_Driver/Src/stm32h7xx_hal_cortex.o
 .text.__NVIC_EnableIRQ
                0x00000000080015f0       0x3c ./Drivers/STM32H7xx_HAL_Driver/Src/stm32h7xx_hal_cortex.o
 .text.__NVIC_SetPriority
                0x000000000800162c       0x54 ./Drivers/STM32H7xx_HAL_Driver/Src/stm32h7xx_hal_cortex.o
 .text.NVIC_EncodePriority
                0x0000000008001680       0x66 ./Drivers/STM32H7xx_HAL_Driver/Src/stm32h7xx_hal_cortex.o
 *fill*         0x00000000080016e6        0x2 
 .text.SysTick_Config
                0x00000000080016e8       0x44 ./Drivers/STM32H7xx_HAL_Driver/Src/stm32h7xx_hal_cortex.o
 .text.HAL_NVIC_SetPriorityGrouping
                0x000000000800172c       0x16 ./Drivers/STM32H7xx_HAL_Driver/Src/stm32h7xx_hal_cortex.o
                0x000000000800172c                HAL_NVIC_SetPriorityGrouping
 .text.HAL_NVIC_SetPriority
                0x0000000008001742       0x34 ./Drivers/STM32H7xx_HAL_Driver/Src/stm32h7xx_hal_cortex.o
                0x0000000008001742                HAL_NVIC_SetPriority
 .text.HAL_NVIC_EnableIRQ
                0x0000000008001776       0x1c ./Drivers/STM32H7xx_HAL_Driver/Src/stm32h7xx_hal_cortex.o
                0x0000000008001776                HAL_NVIC_EnableIRQ
 .text.HAL_SYSTICK_Config
                0x0000000008001792       0x18 ./Drivers/STM32H7xx_HAL_Driver/Src/stm32h7xx_hal_cortex.o
                0x0000000008001792                HAL_SYSTICK_Config
 *fill*         0x00000000080017aa        0x2 
 .text.HAL_GPIO_Init
                0x00000000080017ac      0x360 ./Drivers/STM32H7xx_HAL_Driver/Src/stm32h7xx_hal_gpio.o
                0x00000000080017ac                HAL_GPIO_Init
 .text.HAL_GPIO_WritePin
                0x0000000008001b0c       0x32 ./Drivers/STM32H7xx_HAL_Driver/Src/stm32h7xx_hal_gpio.o
                0x0000000008001b0c                HAL_GPIO_WritePin
 *fill*         0x0000000008001b3e        0x2 
 .text.HAL_I2C_Init
                0x0000000008001b40      0x120 ./Drivers/STM32H7xx_HAL_Driver/Src/stm32h7xx_hal_i2c.o
                0x0000000008001b40                HAL_I2C_Init
 .text.HAL_I2C_Mem_Write
                0x0000000008001c60      0x228 ./Drivers/STM32H7xx_HAL_Driver/Src/stm32h7xx_hal_i2c.o
                0x0000000008001c60                HAL_I2C_Mem_Write
 .text.I2C_RequestMemoryWrite
                0x0000000008001e88       0xa8 ./Drivers/STM32H7xx_HAL_Driver/Src/stm32h7xx_hal_i2c.o
 .text.I2C_Flush_TXDR
                0x0000000008001f30       0x48 ./Drivers/STM32H7xx_HAL_Driver/Src/stm32h7xx_hal_i2c.o
 .text.I2C_WaitOnFlagUntilTimeout
                0x0000000008001f78       0x80 ./Drivers/STM32H7xx_HAL_Driver/Src/stm32h7xx_hal_i2c.o
 .text.I2C_WaitOnTXISFlagUntilTimeout
                0x0000000008001ff8       0x80 ./Drivers/STM32H7xx_HAL_Driver/Src/stm32h7xx_hal_i2c.o
 .text.I2C_WaitOnSTOPFlagUntilTimeout
                0x0000000008002078       0x78 ./Drivers/STM32H7xx_HAL_Driver/Src/stm32h7xx_hal_i2c.o
 .text.I2C_IsErrorOccurred
                0x00000000080020f0      0x1d8 ./Drivers/STM32H7xx_HAL_Driver/Src/stm32h7xx_hal_i2c.o
 .text.I2C_TransferConfig
                0x00000000080022c8       0x64 ./Drivers/STM32H7xx_HAL_Driver/Src/stm32h7xx_hal_i2c.o
 .text.HAL_I2CEx_ConfigAnalogFilter
                0x000000000800232c       0x96 ./Drivers/STM32H7xx_HAL_Driver/Src/stm32h7xx_hal_i2c_ex.o
                0x000000000800232c                HAL_I2CEx_ConfigAnalogFilter
 .text.HAL_I2CEx_ConfigDigitalFilter
                0x00000000080023c2       0x98 ./Drivers/STM32H7xx_HAL_Driver/Src/stm32h7xx_hal_i2c_ex.o
                0x00000000080023c2                HAL_I2CEx_ConfigDigitalFilter
 *fill*         0x000000000800245a        0x2 
 .text.HAL_PWREx_ConfigSupply
                0x000000000800245c       0xb4 ./Drivers/STM32H7xx_HAL_Driver/Src/stm32h7xx_hal_pwr_ex.o
                0x000000000800245c                HAL_PWREx_ConfigSupply
 .text.HAL_RCC_OscConfig
                0x0000000008002510      0x808 ./Drivers/STM32H7xx_HAL_Driver/Src/stm32h7xx_hal_rcc.o
                0x0000000008002510                HAL_RCC_OscConfig
 .text.HAL_RCC_ClockConfig
                0x0000000008002d18      0x36c ./Drivers/STM32H7xx_HAL_Driver/Src/stm32h7xx_hal_rcc.o
                0x0000000008002d18                HAL_RCC_ClockConfig
 .text.HAL_RCC_GetSysClockFreq
                0x0000000008003084      0x2f4 ./Drivers/STM32H7xx_HAL_Driver/Src/stm32h7xx_hal_rcc.o
                0x0000000008003084                HAL_RCC_GetSysClockFreq
 .text.HAL_RCC_GetHCLKFreq
                0x0000000008003378       0x60 ./Drivers/STM32H7xx_HAL_Driver/Src/stm32h7xx_hal_rcc.o
                0x0000000008003378                HAL_RCC_GetHCLKFreq
 .text.HAL_RCC_GetPCLK1Freq
                0x00000000080033d8       0x2c ./Drivers/STM32H7xx_HAL_Driver/Src/stm32h7xx_hal_rcc.o
                0x00000000080033d8                HAL_RCC_GetPCLK1Freq
 .text.HAL_RCC_GetPCLK2Freq
                0x0000000008003404       0x2c ./Drivers/STM32H7xx_HAL_Driver/Src/stm32h7xx_hal_rcc.o
                0x0000000008003404                HAL_RCC_GetPCLK2Freq
 .text.HAL_RCCEx_PeriphCLKConfig
                0x0000000008003430      0xe18 ./Drivers/STM32H7xx_HAL_Driver/Src/stm32h7xx_hal_rcc_ex.o
                0x0000000008003430                HAL_RCCEx_PeriphCLKConfig
 .text.HAL_RCCEx_GetD3PCLK1Freq
                0x0000000008004248       0x2c ./Drivers/STM32H7xx_HAL_Driver/Src/stm32h7xx_hal_rcc_ex.o
                0x0000000008004248                HAL_RCCEx_GetD3PCLK1Freq
 .text.HAL_RCCEx_GetPLL2ClockFreq
                0x0000000008004274      0x2a8 ./Drivers/STM32H7xx_HAL_Driver/Src/stm32h7xx_hal_rcc_ex.o
                0x0000000008004274                HAL_RCCEx_GetPLL2ClockFreq
 .text.HAL_RCCEx_GetPLL3ClockFreq
                0x000000000800451c      0x2a8 ./Drivers/STM32H7xx_HAL_Driver/Src/stm32h7xx_hal_rcc_ex.o
                0x000000000800451c                HAL_RCCEx_GetPLL3ClockFreq
 .text.RCCEx_PLL2_Config
                0x00000000080047c4      0x164 ./Drivers/STM32H7xx_HAL_Driver/Src/stm32h7xx_hal_rcc_ex.o
 .text.RCCEx_PLL3_Config
                0x0000000008004928      0x164 ./Drivers/STM32H7xx_HAL_Driver/Src/stm32h7xx_hal_rcc_ex.o
 .text.HAL_TIM_Base_Init
                0x0000000008004a8c       0xae ./Drivers/STM32H7xx_HAL_Driver/Src/stm32h7xx_hal_tim.o
                0x0000000008004a8c                HAL_TIM_Base_Init
 *fill*         0x0000000008004b3a        0x2 
 .text.HAL_TIM_Base_Start_IT
                0x0000000008004b3c       0xf0 ./Drivers/STM32H7xx_HAL_Driver/Src/stm32h7xx_hal_tim.o
                0x0000000008004b3c                HAL_TIM_Base_Start_IT
 .text.HAL_TIM_IRQHandler
                0x0000000008004c2c      0x23e ./Drivers/STM32H7xx_HAL_Driver/Src/stm32h7xx_hal_tim.o
                0x0000000008004c2c                HAL_TIM_IRQHandler
 .text.HAL_TIM_OC_DelayElapsedCallback
                0x0000000008004e6a       0x14 ./Drivers/STM32H7xx_HAL_Driver/Src/stm32h7xx_hal_tim.o
                0x0000000008004e6a                HAL_TIM_OC_DelayElapsedCallback
 .text.HAL_TIM_IC_CaptureCallback
                0x0000000008004e7e       0x14 ./Drivers/STM32H7xx_HAL_Driver/Src/stm32h7xx_hal_tim.o
                0x0000000008004e7e                HAL_TIM_IC_CaptureCallback
 .text.HAL_TIM_PWM_PulseFinishedCallback
                0x0000000008004e92       0x14 ./Drivers/STM32H7xx_HAL_Driver/Src/stm32h7xx_hal_tim.o
                0x0000000008004e92                HAL_TIM_PWM_PulseFinishedCallback
 .text.HAL_TIM_TriggerCallback
                0x0000000008004ea6       0x14 ./Drivers/STM32H7xx_HAL_Driver/Src/stm32h7xx_hal_tim.o
                0x0000000008004ea6                HAL_TIM_TriggerCallback
 *fill*         0x0000000008004eba        0x2 
 .text.TIM_Base_SetConfig
                0x0000000008004ebc      0x134 ./Drivers/STM32H7xx_HAL_Driver/Src/stm32h7xx_hal_tim.o
                0x0000000008004ebc                TIM_Base_SetConfig
 .text.HAL_TIMEx_MasterConfigSynchronization
                0x0000000008004ff0      0x11c ./Drivers/STM32H7xx_HAL_Driver/Src/stm32h7xx_hal_tim_ex.o
                0x0000000008004ff0                HAL_TIMEx_MasterConfigSynchronization
 .text.HAL_TIMEx_CommutCallback
                0x000000000800510c       0x14 ./Drivers/STM32H7xx_HAL_Driver/Src/stm32h7xx_hal_tim_ex.o
                0x000000000800510c                HAL_TIMEx_CommutCallback
 .text.HAL_TIMEx_BreakCallback
                0x0000000008005120       0x14 ./Drivers/STM32H7xx_HAL_Driver/Src/stm32h7xx_hal_tim_ex.o
                0x0000000008005120                HAL_TIMEx_BreakCallback
 .text.HAL_TIMEx_Break2Callback
                0x0000000008005134       0x14 ./Drivers/STM32H7xx_HAL_Driver/Src/stm32h7xx_hal_tim_ex.o
                0x0000000008005134                HAL_TIMEx_Break2Callback
 .text.HAL_UART_Init
                0x0000000008005148       0xa0 ./Drivers/STM32H7xx_HAL_Driver/Src/stm32h7xx_hal_uart.o
                0x0000000008005148                HAL_UART_Init
 .text.UART_SetConfig
                0x00000000080051e8      0xcd8 ./Drivers/STM32H7xx_HAL_Driver/Src/stm32h7xx_hal_uart.o
                0x00000000080051e8                UART_SetConfig
 .text.UART_AdvFeatureConfig
                0x0000000008005ec0      0x144 ./Drivers/STM32H7xx_HAL_Driver/Src/stm32h7xx_hal_uart.o
                0x0000000008005ec0                UART_AdvFeatureConfig
 .text.UART_CheckIdleState
                0x0000000008006004       0x96 ./Drivers/STM32H7xx_HAL_Driver/Src/stm32h7xx_hal_uart.o
                0x0000000008006004                UART_CheckIdleState
 .text.UART_WaitOnFlagUntilTimeout
                0x000000000800609a      0x190 ./Drivers/STM32H7xx_HAL_Driver/Src/stm32h7xx_hal_uart.o
                0x000000000800609a                UART_WaitOnFlagUntilTimeout
 .text.HAL_UARTEx_DisableFifoMode
                0x000000000800622a       0x72 ./Drivers/STM32H7xx_HAL_Driver/Src/stm32h7xx_hal_uart_ex.o
                0x000000000800622a                HAL_UARTEx_DisableFifoMode
 .text.HAL_UARTEx_SetTxFifoThreshold
                0x000000000800629c       0x7c ./Drivers/STM32H7xx_HAL_Driver/Src/stm32h7xx_hal_uart_ex.o
                0x000000000800629c                HAL_UARTEx_SetTxFifoThreshold
 .text.HAL_UARTEx_SetRxFifoThreshold
                0x0000000008006318       0x7c ./Drivers/STM32H7xx_HAL_Driver/Src/stm32h7xx_hal_uart_ex.o
                0x0000000008006318                HAL_UARTEx_SetRxFifoThreshold
 .text.UARTEx_SetNbDataToProcess
                0x0000000008006394       0x9c ./Drivers/STM32H7xx_HAL_Driver/Src/stm32h7xx_hal_uart_ex.o
 .text.__libc_init_array
                0x0000000008006430       0x48 /opt/st/stm32cubeide_1.10.1/plugins/com.st.stm32cube.ide.mcu.externaltools.gnu-tools-for-stm32.10.3-2021.10.linux64_1.0.0.202111181127/tools/bin/../lib/gcc/arm-none-eabi/10.3.1/../../../../arm-none-eabi/lib/thumb/v7e-m+dp/hard/libc_nano.a(lib_a-init.o)
                0x0000000008006430                __libc_init_array
 .text.memset   0x0000000008006478       0x10 /opt/st/stm32cubeide_1.10.1/plugins/com.st.stm32cube.ide.mcu.externaltools.gnu-tools-for-stm32.10.3-2021.10.linux64_1.0.0.202111181127/tools/bin/../lib/gcc/arm-none-eabi/10.3.1/../../../../arm-none-eabi/lib/thumb/v7e-m+dp/hard/libc_nano.a(lib_a-memset.o)
                0x0000000008006478                memset
 *(.glue_7)
 .glue_7        0x0000000008006488        0x0 linker stubs
 *(.glue_7t)
 .glue_7t       0x0000000008006488        0x0 linker stubs
 *(.eh_frame)
 .eh_frame      0x0000000008006488        0x0 /opt/st/stm32cubeide_1.10.1/plugins/com.st.stm32cube.ide.mcu.externaltools.gnu-tools-for-stm32.10.3-2021.10.linux64_1.0.0.202111181127/tools/bin/../lib/gcc/arm-none-eabi/10.3.1/thumb/v7e-m+dp/hard/crtbegin.o
 *(.init)
 .init          0x0000000008006488        0x4 /opt/st/stm32cubeide_1.10.1/plugins/com.st.stm32cube.ide.mcu.externaltools.gnu-tools-for-stm32.10.3-2021.10.linux64_1.0.0.202111181127/tools/bin/../lib/gcc/arm-none-eabi/10.3.1/thumb/v7e-m+dp/hard/crti.o
                0x0000000008006488                _init
 .init          0x000000000800648c        0x8 /opt/st/stm32cubeide_1.10.1/plugins/com.st.stm32cube.ide.mcu.externaltools.gnu-tools-for-stm32.10.3-2021.10.linux64_1.0.0.202111181127/tools/bin/../lib/gcc/arm-none-eabi/10.3.1/thumb/v7e-m+dp/hard/crtn.o
 *(.fini)
 .fini          0x0000000008006494        0x4 /opt/st/stm32cubeide_1.10.1/plugins/com.st.stm32cube.ide.mcu.externaltools.gnu-tools-for-stm32.10.3-2021.10.linux64_1.0.0.202111181127/tools/bin/../lib/gcc/arm-none-eabi/10.3.1/thumb/v7e-m+dp/hard/crti.o
                0x0000000008006494                _fini
 .fini          0x0000000008006498        0x8 /opt/st/stm32cubeide_1.10.1/plugins/com.st.stm32cube.ide.mcu.externaltools.gnu-tools-for-stm32.10.3-2021.10.linux64_1.0.0.202111181127/tools/bin/../lib/gcc/arm-none-eabi/10.3.1/thumb/v7e-m+dp/hard/crtn.o
                0x00000000080064a0                . = ALIGN (0x4)
                0x00000000080064a0                _etext = .

.vfp11_veneer   0x00000000080064a0        0x0
 .vfp11_veneer  0x00000000080064a0        0x0 linker stubs

.v4_bx          0x00000000080064a0        0x0
 .v4_bx         0x00000000080064a0        0x0 linker stubs

.iplt           0x00000000080064a0        0x0
 .iplt          0x00000000080064a0        0x0 /opt/st/stm32cubeide_1.10.1/plugins/com.st.stm32cube.ide.mcu.externaltools.gnu-tools-for-stm32.10.3-2021.10.linux64_1.0.0.202111181127/tools/bin/../lib/gcc/arm-none-eabi/10.3.1/thumb/v7e-m+dp/hard/crtbegin.o

.rodata         0x00000000080064a0      0xcf0
                0x00000000080064a0                . = ALIGN (0x4)
 *(.rodata)
 *(.rodata*)
 .rodata.F6x8   0x00000000080064a0      0x228 ./Core/Src/oled.o
                0x00000000080064a0                F6x8
 .rodata.F8X16  0x00000000080066c8      0x5f0 ./Core/Src/oled.o
                0x00000000080066c8                F8X16
 .rodata.gImage_1
                0x0000000008006cb8      0x400 ./Core/Src/oled.o
                0x0000000008006cb8                gImage_1
 .rodata.mouch  0x00000000080070b8       0xa0 ./Core/Src/oled.o
                0x00000000080070b8                mouch
 .rodata.D1CorePrescTable
                0x0000000008007158       0x10 ./Core/Src/system_stm32h7xx.o
                0x0000000008007158                D1CorePrescTable
 .rodata.UARTPrescTable
                0x0000000008007168       0x18 ./Drivers/STM32H7xx_HAL_Driver/Src/stm32h7xx_hal_uart.o
                0x0000000008007168                UARTPrescTable
 .rodata.numerator.1
                0x0000000008007180        0x8 ./Drivers/STM32H7xx_HAL_Driver/Src/stm32h7xx_hal_uart_ex.o
 .rodata.denominator.0
                0x0000000008007188        0x8 ./Drivers/STM32H7xx_HAL_Driver/Src/stm32h7xx_hal_uart_ex.o
                0x0000000008007190                . = ALIGN (0x4)

.ARM.extab
 *(.ARM.extab* .gnu.linkonce.armextab.*)

.ARM            0x0000000008007190        0x8
                0x0000000008007190                __exidx_start = .
 *(.ARM.exidx*)
 .ARM.exidx     0x0000000008007190        0x8 /opt/st/stm32cubeide_1.10.1/plugins/com.st.stm32cube.ide.mcu.externaltools.gnu-tools-for-stm32.10.3-2021.10.linux64_1.0.0.202111181127/tools/bin/../lib/gcc/arm-none-eabi/10.3.1/thumb/v7e-m+dp/hard/libgcc.a(_udivmoddi4.o)
                0x0000000008007198                __exidx_end = .

.rel.dyn        0x0000000008007198        0x0
 .rel.iplt      0x0000000008007198        0x0 /opt/st/stm32cubeide_1.10.1/plugins/com.st.stm32cube.ide.mcu.externaltools.gnu-tools-for-stm32.10.3-2021.10.linux64_1.0.0.202111181127/tools/bin/../lib/gcc/arm-none-eabi/10.3.1/thumb/v7e-m+dp/hard/crtbegin.o

.preinit_array  0x0000000008007198        0x0
                0x0000000008007198                PROVIDE (__preinit_array_start = .)
 *(.preinit_array*)
                0x0000000008007198                PROVIDE (__preinit_array_end = .)

.init_array     0x0000000008007198        0x4
                0x0000000008007198                PROVIDE (__init_array_start = .)
 *(SORT_BY_NAME(.init_array.*))
 *(.init_array*)
 .init_array    0x0000000008007198        0x4 /opt/st/stm32cubeide_1.10.1/plugins/com.st.stm32cube.ide.mcu.externaltools.gnu-tools-for-stm32.10.3-2021.10.linux64_1.0.0.202111181127/tools/bin/../lib/gcc/arm-none-eabi/10.3.1/thumb/v7e-m+dp/hard/crtbegin.o
                0x000000000800719c                PROVIDE (__init_array_end = .)

.fini_array     0x000000000800719c        0x4
                [!provide]                        PROVIDE (__fini_array_start = .)
 *(SORT_BY_NAME(.fini_array.*))
 *(.fini_array*)
 .fini_array    0x000000000800719c        0x4 /opt/st/stm32cubeide_1.10.1/plugins/com.st.stm32cube.ide.mcu.externaltools.gnu-tools-for-stm32.10.3-2021.10.linux64_1.0.0.202111181127/tools/bin/../lib/gcc/arm-none-eabi/10.3.1/thumb/v7e-m+dp/hard/crtbegin.o
                [!provide]                        PROVIDE (__fini_array_end = .)
                0x00000000080071a0                _sidata = LOADADDR (.data)

.data           0x0000000024000000       0x10 load address 0x00000000080071a0
                0x0000000024000000                . = ALIGN (0x4)
                0x0000000024000000                _sdata = .
 *(.data)
 *(.data*)
 .data.SystemCoreClock
                0x0000000024000000        0x4 ./Core/Src/system_stm32h7xx.o
                0x0000000024000000                SystemCoreClock
 .data.SystemD2Clock
                0x0000000024000004        0x4 ./Core/Src/system_stm32h7xx.o
                0x0000000024000004                SystemD2Clock
 .data.uwTickPrio
                0x0000000024000008        0x4 ./Drivers/STM32H7xx_HAL_Driver/Src/stm32h7xx_hal.o
                0x0000000024000008                uwTickPrio
 .data.uwTickFreq
                0x000000002400000c        0x1 ./Drivers/STM32H7xx_HAL_Driver/Src/stm32h7xx_hal.o
                0x000000002400000c                uwTickFreq
 *(.RamFunc)
 *(.RamFunc*)
                0x0000000024000010                . = ALIGN (0x4)
 *fill*         0x000000002400000d        0x3 
                0x0000000024000010                _edata = .

.igot.plt       0x0000000024000010        0x0 load address 0x00000000080071b0
 .igot.plt      0x0000000024000010        0x0 /opt/st/stm32cubeide_1.10.1/plugins/com.st.stm32cube.ide.mcu.externaltools.gnu-tools-for-stm32.10.3-2021.10.linux64_1.0.0.202111181127/tools/bin/../lib/gcc/arm-none-eabi/10.3.1/thumb/v7e-m+dp/hard/crtbegin.o
                0x0000000024000010                . = ALIGN (0x4)

.bss            0x0000000024000010      0x14c load address 0x00000000080071b0
                0x0000000024000010                _sbss = .
                0x0000000024000010                __bss_start__ = _sbss
 *(.bss)
 .bss           0x0000000024000010       0x1c /opt/st/stm32cubeide_1.10.1/plugins/com.st.stm32cube.ide.mcu.externaltools.gnu-tools-for-stm32.10.3-2021.10.linux64_1.0.0.202111181127/tools/bin/../lib/gcc/arm-none-eabi/10.3.1/thumb/v7e-m+dp/hard/crtbegin.o
 *(.bss*)
 .bss.hi2c1     0x000000002400002c       0x4c ./Core/Src/i2c.o
                0x000000002400002c                hi2c1
 .bss.t         0x0000000024000078        0x4 ./Core/Src/main.o
                0x0000000024000078                t
 .bss.htim6     0x000000002400007c       0x4c ./Core/Src/tim.o
                0x000000002400007c                htim6
 .bss.huart3    0x00000000240000c8       0x90 ./Core/Src/usart.o
                0x00000000240000c8                huart3
 .bss.uwTick    0x0000000024000158        0x4 ./Drivers/STM32H7xx_HAL_Driver/Src/stm32h7xx_hal.o
                0x0000000024000158                uwTick
 *(COMMON)
                0x000000002400015c                . = ALIGN (0x4)
                0x000000002400015c                _ebss = .
                0x000000002400015c                __bss_end__ = _ebss

._user_heap_stack
                0x000000002400015c      0x604 load address 0x00000000080071b0
                0x0000000024000160                . = ALIGN (0x8)
 *fill*         0x000000002400015c        0x4 
                [!provide]                        PROVIDE (end = .)
                0x0000000024000160                PROVIDE (_end = .)
                0x0000000024000360                . = (. + _Min_Heap_Size)
 *fill*         0x0000000024000160      0x200 
                0x0000000024000760                . = (. + _Min_Stack_Size)
 *fill*         0x0000000024000360      0x400 
                0x0000000024000760                . = ALIGN (0x8)

/DISCARD/
 libc.a(*)
 libm.a(*)
 libgcc.a(*)

.ARM.attributes
                0x0000000000000000       0x2e
 *(.ARM.attributes)
 .ARM.attributes
                0x0000000000000000       0x1e /opt/st/stm32cubeide_1.10.1/plugins/com.st.stm32cube.ide.mcu.externaltools.gnu-tools-for-stm32.10.3-2021.10.linux64_1.0.0.202111181127/tools/bin/../lib/gcc/arm-none-eabi/10.3.1/thumb/v7e-m+dp/hard/crti.o
 .ARM.attributes
                0x000000000000001e       0x32 /opt/st/stm32cubeide_1.10.1/plugins/com.st.stm32cube.ide.mcu.externaltools.gnu-tools-for-stm32.10.3-2021.10.linux64_1.0.0.202111181127/tools/bin/../lib/gcc/arm-none-eabi/10.3.1/thumb/v7e-m+dp/hard/crtbegin.o
 .ARM.attributes
                0x0000000000000050       0x32 ./Core/Src/gpio.o
 .ARM.attributes
                0x0000000000000082       0x32 ./Core/Src/i2c.o
 .ARM.attributes
                0x00000000000000b4       0x32 ./Core/Src/main.o
 .ARM.attributes
                0x00000000000000e6       0x32 ./Core/Src/oled.o
 .ARM.attributes
                0x0000000000000118       0x32 ./Core/Src/stm32h7xx_hal_msp.o
 .ARM.attributes
                0x000000000000014a       0x32 ./Core/Src/stm32h7xx_it.o
 .ARM.attributes
                0x000000000000017c       0x32 ./Core/Src/system_stm32h7xx.o
 .ARM.attributes
                0x00000000000001ae       0x32 ./Core/Src/tim.o
 .ARM.attributes
                0x00000000000001e0       0x32 ./Core/Src/usart.o
 .ARM.attributes
                0x0000000000000212       0x32 ./Core/Src/usb_otg.o
 .ARM.attributes
                0x0000000000000244       0x21 ./Core/Startup/startup_stm32h7a3zitxq.o
 .ARM.attributes
                0x0000000000000265       0x32 ./Drivers/STM32H7xx_HAL_Driver/Src/stm32h7xx_hal.o
 .ARM.attributes
                0x0000000000000297       0x32 ./Drivers/STM32H7xx_HAL_Driver/Src/stm32h7xx_hal_cortex.o
 .ARM.attributes
                0x00000000000002c9       0x32 ./Drivers/STM32H7xx_HAL_Driver/Src/stm32h7xx_hal_gpio.o
 .ARM.attributes
                0x00000000000002fb       0x32 ./Drivers/STM32H7xx_HAL_Driver/Src/stm32h7xx_hal_i2c.o
 .ARM.attributes
                0x000000000000032d       0x32 ./Drivers/STM32H7xx_HAL_Driver/Src/stm32h7xx_hal_i2c_ex.o
 .ARM.attributes
                0x000000000000035f       0x32 ./Drivers/STM32H7xx_HAL_Driver/Src/stm32h7xx_hal_pwr_ex.o
 .ARM.attributes
                0x0000000000000391       0x32 ./Drivers/STM32H7xx_HAL_Driver/Src/stm32h7xx_hal_rcc.o
 .ARM.attributes
                0x00000000000003c3       0x32 ./Drivers/STM32H7xx_HAL_Driver/Src/stm32h7xx_hal_rcc_ex.o
 .ARM.attributes
                0x00000000000003f5       0x32 ./Drivers/STM32H7xx_HAL_Driver/Src/stm32h7xx_hal_tim.o
 .ARM.attributes
                0x0000000000000427       0x32 ./Drivers/STM32H7xx_HAL_Driver/Src/stm32h7xx_hal_tim_ex.o
 .ARM.attributes
                0x0000000000000459       0x32 ./Drivers/STM32H7xx_HAL_Driver/Src/stm32h7xx_hal_uart.o
 .ARM.attributes
                0x000000000000048b       0x32 ./Drivers/STM32H7xx_HAL_Driver/Src/stm32h7xx_hal_uart_ex.o
 .ARM.attributes
                0x00000000000004bd       0x32 /opt/st/stm32cubeide_1.10.1/plugins/com.st.stm32cube.ide.mcu.externaltools.gnu-tools-for-stm32.10.3-2021.10.linux64_1.0.0.202111181127/tools/bin/../lib/gcc/arm-none-eabi/10.3.1/../../../../arm-none-eabi/lib/thumb/v7e-m+dp/hard/libc_nano.a(lib_a-init.o)
 .ARM.attributes
                0x00000000000004ef       0x32 /opt/st/stm32cubeide_1.10.1/plugins/com.st.stm32cube.ide.mcu.externaltools.gnu-tools-for-stm32.10.3-2021.10.linux64_1.0.0.202111181127/tools/bin/../lib/gcc/arm-none-eabi/10.3.1/../../../../arm-none-eabi/lib/thumb/v7e-m+dp/hard/libc_nano.a(lib_a-memset.o)
 .ARM.attributes
                0x0000000000000521       0x1e /opt/st/stm32cubeide_1.10.1/plugins/com.st.stm32cube.ide.mcu.externaltools.gnu-tools-for-stm32.10.3-2021.10.linux64_1.0.0.202111181127/tools/bin/../lib/gcc/arm-none-eabi/10.3.1/thumb/v7e-m+dp/hard/libgcc.a(_aeabi_uldivmod.o)
 .ARM.attributes
                0x000000000000053f       0x32 /opt/st/stm32cubeide_1.10.1/plugins/com.st.stm32cube.ide.mcu.externaltools.gnu-tools-for-stm32.10.3-2021.10.linux64_1.0.0.202111181127/tools/bin/../lib/gcc/arm-none-eabi/10.3.1/thumb/v7e-m+dp/hard/libgcc.a(_udivmoddi4.o)
 .ARM.attributes
                0x0000000000000571       0x1e /opt/st/stm32cubeide_1.10.1/plugins/com.st.stm32cube.ide.mcu.externaltools.gnu-tools-for-stm32.10.3-2021.10.linux64_1.0.0.202111181127/tools/bin/../lib/gcc/arm-none-eabi/10.3.1/thumb/v7e-m+dp/hard/libgcc.a(_dvmd_tls.o)
 .ARM.attributes
                0x000000000000058f       0x1e /opt/st/stm32cubeide_1.10.1/plugins/com.st.stm32cube.ide.mcu.externaltools.gnu-tools-for-stm32.10.3-2021.10.linux64_1.0.0.202111181127/tools/bin/../lib/gcc/arm-none-eabi/10.3.1/thumb/v7e-m+dp/hard/crtn.o
OUTPUT(oled1.elf elf32-littlearm)
LOAD linker stubs
LOAD /opt/st/stm32cubeide_1.10.1/plugins/com.st.stm32cube.ide.mcu.externaltools.gnu-tools-for-stm32.10.3-2021.10.linux64_1.0.0.202111181127/tools/bin/../lib/gcc/arm-none-eabi/10.3.1/../../../../arm-none-eabi/lib/thumb/v7e-m+dp/hard/libc.a
LOAD /opt/st/stm32cubeide_1.10.1/plugins/com.st.stm32cube.ide.mcu.externaltools.gnu-tools-for-stm32.10.3-2021.10.linux64_1.0.0.202111181127/tools/bin/../lib/gcc/arm-none-eabi/10.3.1/../../../../arm-none-eabi/lib/thumb/v7e-m+dp/hard/libm.a
LOAD /opt/st/stm32cubeide_1.10.1/plugins/com.st.stm32cube.ide.mcu.externaltools.gnu-tools-for-stm32.10.3-2021.10.linux64_1.0.0.202111181127/tools/bin/../lib/gcc/arm-none-eabi/10.3.1/thumb/v7e-m+dp/hard/libgcc.a

.debug_info     0x0000000000000000    0x1a81d
 .debug_info    0x0000000000000000      0x73f ./Core/Src/gpio.o
 .debug_info    0x000000000000073f     0x103c ./Core/Src/i2c.o
 .debug_info    0x000000000000177b      0xfbd ./Core/Src/main.o
 .debug_info    0x0000000000002738      0xc57 ./Core/Src/oled.o
 .debug_info    0x000000000000338f      0x4cc ./Core/Src/stm32h7xx_hal_msp.o
 .debug_info    0x000000000000385b      0x8a7 ./Core/Src/stm32h7xx_it.o
 .debug_info    0x0000000000004102      0xc8a ./Core/Src/system_stm32h7xx.o
 .debug_info    0x0000000000004d8c     0x108a ./Core/Src/tim.o
 .debug_info    0x0000000000005e16     0x10e8 ./Core/Src/usart.o
 .debug_info    0x0000000000006efe       0x9e ./Core/Src/usb_otg.o
 .debug_info    0x0000000000006f9c       0x22 ./Core/Startup/startup_stm32h7a3zitxq.o
 .debug_info    0x0000000000006fbe     0x1476 ./Drivers/STM32H7xx_HAL_Driver/Src/stm32h7xx_hal.o
 .debug_info    0x0000000000008434     0x114f ./Drivers/STM32H7xx_HAL_Driver/Src/stm32h7xx_hal_cortex.o
 .debug_info    0x0000000000009583      0xbe7 ./Drivers/STM32H7xx_HAL_Driver/Src/stm32h7xx_hal_gpio.o
 .debug_info    0x000000000000a16a     0x23b3 ./Drivers/STM32H7xx_HAL_Driver/Src/stm32h7xx_hal_i2c.o
 .debug_info    0x000000000000c51d      0xcf8 ./Drivers/STM32H7xx_HAL_Driver/Src/stm32h7xx_hal_i2c_ex.o
 .debug_info    0x000000000000d215      0xfba ./Drivers/STM32H7xx_HAL_Driver/Src/stm32h7xx_hal_pwr_ex.o
 .debug_info    0x000000000000e1cf      0xf8f ./Drivers/STM32H7xx_HAL_Driver/Src/stm32h7xx_hal_rcc.o
 .debug_info    0x000000000000f15e     0x12a4 ./Drivers/STM32H7xx_HAL_Driver/Src/stm32h7xx_hal_rcc_ex.o
 .debug_info    0x0000000000010402     0x2dd1 ./Drivers/STM32H7xx_HAL_Driver/Src/stm32h7xx_hal_tim.o
 .debug_info    0x00000000000131d3     0x19d5 ./Drivers/STM32H7xx_HAL_Driver/Src/stm32h7xx_hal_tim_ex.o
 .debug_info    0x0000000000014ba8     0x4c6a ./Drivers/STM32H7xx_HAL_Driver/Src/stm32h7xx_hal_uart.o
 .debug_info    0x0000000000019812     0x100b ./Drivers/STM32H7xx_HAL_Driver/Src/stm32h7xx_hal_uart_ex.o

.debug_abbrev   0x0000000000000000     0x2fb3
 .debug_abbrev  0x0000000000000000      0x18c ./Core/Src/gpio.o
 .debug_abbrev  0x000000000000018c      0x248 ./Core/Src/i2c.o
 .debug_abbrev  0x00000000000003d4      0x279 ./Core/Src/main.o
 .debug_abbrev  0x000000000000064d      0x27e ./Core/Src/oled.o
 .debug_abbrev  0x00000000000008cb       0xeb ./Core/Src/stm32h7xx_hal_msp.o
 .debug_abbrev  0x00000000000009b6      0x1d9 ./Core/Src/stm32h7xx_it.o
 .debug_abbrev  0x0000000000000b8f      0x147 ./Core/Src/system_stm32h7xx.o
 .debug_abbrev  0x0000000000000cd6      0x211 ./Core/Src/tim.o
 .debug_abbrev  0x0000000000000ee7      0x244 ./Core/Src/usart.o
 .debug_abbrev  0x000000000000112b       0x47 ./Core/Src/usb_otg.o
 .debug_abbrev  0x0000000000001172       0x12 ./Core/Startup/startup_stm32h7a3zitxq.o
 .debug_abbrev  0x0000000000001184      0x289 ./Drivers/STM32H7xx_HAL_Driver/Src/stm32h7xx_hal.o
 .debug_abbrev  0x000000000000140d      0x329 ./Drivers/STM32H7xx_HAL_Driver/Src/stm32h7xx_hal_cortex.o
 .debug_abbrev  0x0000000000001736      0x1ec ./Drivers/STM32H7xx_HAL_Driver/Src/stm32h7xx_hal_gpio.o
 .debug_abbrev  0x0000000000001922      0x243 ./Drivers/STM32H7xx_HAL_Driver/Src/stm32h7xx_hal_i2c.o
 .debug_abbrev  0x0000000000001b65      0x1e1 ./Drivers/STM32H7xx_HAL_Driver/Src/stm32h7xx_hal_i2c_ex.o
 .debug_abbrev  0x0000000000001d46      0x27e ./Drivers/STM32H7xx_HAL_Driver/Src/stm32h7xx_hal_pwr_ex.o
 .debug_abbrev  0x0000000000001fc4      0x2b8 ./Drivers/STM32H7xx_HAL_Driver/Src/stm32h7xx_hal_rcc.o
 .debug_abbrev  0x000000000000227c      0x26d ./Drivers/STM32H7xx_HAL_Driver/Src/stm32h7xx_hal_rcc_ex.o
 .debug_abbrev  0x00000000000024e9      0x25d ./Drivers/STM32H7xx_HAL_Driver/Src/stm32h7xx_hal_tim.o
 .debug_abbrev  0x0000000000002746      0x27a ./Drivers/STM32H7xx_HAL_Driver/Src/stm32h7xx_hal_tim_ex.o
 .debug_abbrev  0x00000000000029c0      0x336 ./Drivers/STM32H7xx_HAL_Driver/Src/stm32h7xx_hal_uart.o
 .debug_abbrev  0x0000000000002cf6      0x2bd ./Drivers/STM32H7xx_HAL_Driver/Src/stm32h7xx_hal_uart_ex.o

.debug_aranges  0x0000000000000000     0x13d8
 .debug_aranges
                0x0000000000000000       0x20 ./Core/Src/gpio.o
 .debug_aranges
                0x0000000000000020       0x30 ./Core/Src/i2c.o
 .debug_aranges
                0x0000000000000050       0x30 ./Core/Src/main.o
 .debug_aranges
                0x0000000000000080       0xa8 ./Core/Src/oled.o
 .debug_aranges
                0x0000000000000128       0x20 ./Core/Src/stm32h7xx_hal_msp.o
 .debug_aranges
                0x0000000000000148       0x70 ./Core/Src/stm32h7xx_it.o
 .debug_aranges
                0x00000000000001b8       0x28 ./Core/Src/system_stm32h7xx.o
 .debug_aranges
                0x00000000000001e0       0x30 ./Core/Src/tim.o
 .debug_aranges
                0x0000000000000210       0x30 ./Core/Src/usart.o
 .debug_aranges
                0x0000000000000240       0x20 ./Core/Src/usb_otg.o
 .debug_aranges
                0x0000000000000260       0x28 ./Core/Startup/startup_stm32h7a3zitxq.o
 .debug_aranges
                0x0000000000000288      0x1a0 ./Drivers/STM32H7xx_HAL_Driver/Src/stm32h7xx_hal.o
 .debug_aranges
                0x0000000000000428      0x120 ./Drivers/STM32H7xx_HAL_Driver/Src/stm32h7xx_hal_cortex.o
 .debug_aranges
                0x0000000000000548       0x58 ./Drivers/STM32H7xx_HAL_Driver/Src/stm32h7xx_hal_gpio.o
 .debug_aranges
                0x00000000000005a0      0x290 ./Drivers/STM32H7xx_HAL_Driver/Src/stm32h7xx_hal_i2c.o
 .debug_aranges
                0x0000000000000830       0x48 ./Drivers/STM32H7xx_HAL_Driver/Src/stm32h7xx_hal_i2c_ex.o
 .debug_aranges
                0x0000000000000878      0x188 ./Drivers/STM32H7xx_HAL_Driver/Src/stm32h7xx_hal_pwr_ex.o
 .debug_aranges
                0x0000000000000a00       0x88 ./Drivers/STM32H7xx_HAL_Driver/Src/stm32h7xx_hal_rcc.o
 .debug_aranges
                0x0000000000000a88       0xf0 ./Drivers/STM32H7xx_HAL_Driver/Src/stm32h7xx_hal_rcc_ex.o
 .debug_aranges
                0x0000000000000b78      0x3e0 ./Drivers/STM32H7xx_HAL_Driver/Src/stm32h7xx_hal_tim.o
 .debug_aranges
                0x0000000000000f58      0x198 ./Drivers/STM32H7xx_HAL_Driver/Src/stm32h7xx_hal_tim_ex.o
 .debug_aranges
                0x00000000000010f0      0x248 ./Drivers/STM32H7xx_HAL_Driver/Src/stm32h7xx_hal_uart.o
 .debug_aranges
                0x0000000000001338       0xa0 ./Drivers/STM32H7xx_HAL_Driver/Src/stm32h7xx_hal_uart_ex.o

.debug_ranges   0x0000000000000000     0x12a0
 .debug_ranges  0x0000000000000000       0x10 ./Core/Src/gpio.o
 .debug_ranges  0x0000000000000010       0x20 ./Core/Src/i2c.o
 .debug_ranges  0x0000000000000030       0x20 ./Core/Src/main.o
 .debug_ranges  0x0000000000000050       0x98 ./Core/Src/oled.o
 .debug_ranges  0x00000000000000e8       0x10 ./Core/Src/stm32h7xx_hal_msp.o
 .debug_ranges  0x00000000000000f8       0x60 ./Core/Src/stm32h7xx_it.o
 .debug_ranges  0x0000000000000158       0x18 ./Core/Src/system_stm32h7xx.o
 .debug_ranges  0x0000000000000170       0x20 ./Core/Src/tim.o
 .debug_ranges  0x0000000000000190       0x20 ./Core/Src/usart.o
 .debug_ranges  0x00000000000001b0       0x10 ./Core/Src/usb_otg.o
 .debug_ranges  0x00000000000001c0       0x20 ./Core/Startup/startup_stm32h7a3zitxq.o
 .debug_ranges  0x00000000000001e0      0x190 ./Drivers/STM32H7xx_HAL_Driver/Src/stm32h7xx_hal.o
 .debug_ranges  0x0000000000000370      0x110 ./Drivers/STM32H7xx_HAL_Driver/Src/stm32h7xx_hal_cortex.o
 .debug_ranges  0x0000000000000480       0x48 ./Drivers/STM32H7xx_HAL_Driver/Src/stm32h7xx_hal_gpio.o
 .debug_ranges  0x00000000000004c8      0x280 ./Drivers/STM32H7xx_HAL_Driver/Src/stm32h7xx_hal_i2c.o
 .debug_ranges  0x0000000000000748       0x38 ./Drivers/STM32H7xx_HAL_Driver/Src/stm32h7xx_hal_i2c_ex.o
 .debug_ranges  0x0000000000000780      0x178 ./Drivers/STM32H7xx_HAL_Driver/Src/stm32h7xx_hal_pwr_ex.o
 .debug_ranges  0x00000000000008f8       0x78 ./Drivers/STM32H7xx_HAL_Driver/Src/stm32h7xx_hal_rcc.o
 .debug_ranges  0x0000000000000970       0xe0 ./Drivers/STM32H7xx_HAL_Driver/Src/stm32h7xx_hal_rcc_ex.o
 .debug_ranges  0x0000000000000a50      0x3d0 ./Drivers/STM32H7xx_HAL_Driver/Src/stm32h7xx_hal_tim.o
 .debug_ranges  0x0000000000000e20      0x188 ./Drivers/STM32H7xx_HAL_Driver/Src/stm32h7xx_hal_tim_ex.o
 .debug_ranges  0x0000000000000fa8      0x268 ./Drivers/STM32H7xx_HAL_Driver/Src/stm32h7xx_hal_uart.o
 .debug_ranges  0x0000000000001210       0x90 ./Drivers/STM32H7xx_HAL_Driver/Src/stm32h7xx_hal_uart_ex.o

.debug_macro    0x0000000000000000    0x314b0
 .debug_macro   0x0000000000000000      0x2c1 ./Core/Src/gpio.o
 .debug_macro   0x00000000000002c1      0xa90 ./Core/Src/gpio.o
 .debug_macro   0x0000000000000d51      0x238 ./Core/Src/gpio.o
 .debug_macro   0x0000000000000f89       0x2e ./Core/Src/gpio.o
 .debug_macro   0x0000000000000fb7       0x42 ./Core/Src/gpio.o
 .debug_macro   0x0000000000000ff9       0x22 ./Core/Src/gpio.o
 .debug_macro   0x000000000000101b       0x8e ./Core/Src/gpio.o
 .debug_macro   0x00000000000010a9       0x51 ./Core/Src/gpio.o
 .debug_macro   0x00000000000010fa      0x103 ./Core/Src/gpio.o
 .debug_macro   0x00000000000011fd       0x6a ./Core/Src/gpio.o
 .debug_macro   0x0000000000001267      0x1df ./Core/Src/gpio.o
 .debug_macro   0x0000000000001446       0x1c ./Core/Src/gpio.o
 .debug_macro   0x0000000000001462       0x22 ./Core/Src/gpio.o
 .debug_macro   0x0000000000001484       0xfb ./Core/Src/gpio.o
 .debug_macro   0x000000000000157f     0x1305 ./Core/Src/gpio.o
 .debug_macro   0x0000000000002884      0x11f ./Core/Src/gpio.o
 .debug_macro   0x00000000000029a3       0x27 ./Core/Src/gpio.o
 .debug_macro   0x00000000000029ca    0x1e8d1 ./Core/Src/gpio.o
 .debug_macro   0x000000000002129b       0x6d ./Core/Src/gpio.o
 .debug_macro   0x0000000000021308     0x3d29 ./Core/Src/gpio.o
 .debug_macro   0x0000000000025031      0x174 ./Core/Src/gpio.o
 .debug_macro   0x00000000000251a5       0x52 ./Core/Src/gpio.o
 .debug_macro   0x00000000000251f7       0x1d ./Core/Src/gpio.o
 .debug_macro   0x0000000000025214       0x3c ./Core/Src/gpio.o
 .debug_macro   0x0000000000025250       0x34 ./Core/Src/gpio.o
 .debug_macro   0x0000000000025284       0x16 ./Core/Src/gpio.o
 .debug_macro   0x000000000002529a       0x43 ./Core/Src/gpio.o
 .debug_macro   0x00000000000252dd       0x34 ./Core/Src/gpio.o
 .debug_macro   0x0000000000025311       0x10 ./Core/Src/gpio.o
 .debug_macro   0x0000000000025321       0x58 ./Core/Src/gpio.o
 .debug_macro   0x0000000000025379       0x71 ./Core/Src/gpio.o
 .debug_macro   0x00000000000253ea       0x1c ./Core/Src/gpio.o
 .debug_macro   0x0000000000025406      0x12a ./Core/Src/gpio.o
 .debug_macro   0x0000000000025530      0x341 ./Core/Src/gpio.o
 .debug_macro   0x0000000000025871      0x19b ./Core/Src/gpio.o
 .debug_macro   0x0000000000025a0c       0x5d ./Core/Src/gpio.o
 .debug_macro   0x0000000000025a69     0x24ee ./Core/Src/gpio.o
 .debug_macro   0x0000000000027f57     0x1010 ./Core/Src/gpio.o
 .debug_macro   0x0000000000028f67      0x14d ./Core/Src/gpio.o
 .debug_macro   0x00000000000290b4      0x114 ./Core/Src/gpio.o
 .debug_macro   0x00000000000291c8      0x3bf ./Core/Src/gpio.o
 .debug_macro   0x0000000000029587       0xac ./Core/Src/gpio.o
 .debug_macro   0x0000000000029633      0x70a ./Core/Src/gpio.o
 .debug_macro   0x0000000000029d3d      0x20c ./Core/Src/gpio.o
 .debug_macro   0x0000000000029f49       0x66 ./Core/Src/gpio.o
 .debug_macro   0x0000000000029faf      0x3c9 ./Core/Src/gpio.o
 .debug_macro   0x000000000002a378      0x3eb ./Core/Src/gpio.o
 .debug_macro   0x000000000002a763      0x275 ./Core/Src/gpio.o
 .debug_macro   0x000000000002a9d8      0x6c8 ./Core/Src/gpio.o
 .debug_macro   0x000000000002b0a0      0x520 ./Core/Src/gpio.o
 .debug_macro   0x000000000002b5c0       0x58 ./Core/Src/gpio.o
 .debug_macro   0x000000000002b618       0x4a ./Core/Src/gpio.o
 .debug_macro   0x000000000002b662      0x22c ./Core/Src/gpio.o
 .debug_macro   0x000000000002b88e       0x67 ./Core/Src/gpio.o
 .debug_macro   0x000000000002b8f5       0xa5 ./Core/Src/gpio.o
 .debug_macro   0x000000000002b99a      0x1bd ./Core/Src/gpio.o
 .debug_macro   0x000000000002bb57      0x2dc ./Core/Src/gpio.o
 .debug_macro   0x000000000002be33       0x35 ./Core/Src/gpio.o
 .debug_macro   0x000000000002be68      0xb16 ./Core/Src/gpio.o
 .debug_macro   0x000000000002c97e      0x29f ./Core/Src/gpio.o
 .debug_macro   0x000000000002cc1d      0x67e ./Core/Src/gpio.o
 .debug_macro   0x000000000002d29b       0xa6 ./Core/Src/gpio.o
 .debug_macro   0x000000000002d341      0x5be ./Core/Src/gpio.o
 .debug_macro   0x000000000002d8ff       0xdc ./Core/Src/gpio.o
 .debug_macro   0x000000000002d9db      0x2c1 ./Core/Src/i2c.o
 .debug_macro   0x000000000002dc9c      0x2f6 ./Core/Src/main.o
 .debug_macro   0x000000000002df92       0x4c ./Core/Src/main.o
 .debug_macro   0x000000000002dfde      0x2d0 ./Core/Src/oled.o
 .debug_macro   0x000000000002e2ae      0x2b7 ./Core/Src/stm32h7xx_hal_msp.o
 .debug_macro   0x000000000002e565      0x2ca ./Core/Src/stm32h7xx_it.o
 .debug_macro   0x000000000002e82f      0x2a8 ./Core/Src/system_stm32h7xx.o
 .debug_macro   0x000000000002ead7      0x2c1 ./Core/Src/tim.o
 .debug_macro   0x000000000002ed98      0x2c1 ./Core/Src/usart.o
 .debug_macro   0x000000000002f059      0x2c1 ./Core/Src/usb_otg.o
 .debug_macro   0x000000000002f31a      0x2d2 ./Drivers/STM32H7xx_HAL_Driver/Src/stm32h7xx_hal.o
 .debug_macro   0x000000000002f5ec      0x2a8 ./Drivers/STM32H7xx_HAL_Driver/Src/stm32h7xx_hal_cortex.o
 .debug_macro   0x000000000002f894      0x2af ./Drivers/STM32H7xx_HAL_Driver/Src/stm32h7xx_hal_gpio.o
 .debug_macro   0x000000000002fb43      0x374 ./Drivers/STM32H7xx_HAL_Driver/Src/stm32h7xx_hal_i2c.o
 .debug_macro   0x000000000002feb7      0x2a8 ./Drivers/STM32H7xx_HAL_Driver/Src/stm32h7xx_hal_i2c_ex.o
 .debug_macro   0x000000000003015f      0x2e1 ./Drivers/STM32H7xx_HAL_Driver/Src/stm32h7xx_hal_pwr_ex.o
 .debug_macro   0x0000000000030440      0x2cc ./Drivers/STM32H7xx_HAL_Driver/Src/stm32h7xx_hal_rcc.o
 .debug_macro   0x000000000003070c      0x2c6 ./Drivers/STM32H7xx_HAL_Driver/Src/stm32h7xx_hal_rcc_ex.o
 .debug_macro   0x00000000000309d2      0x2a9 ./Drivers/STM32H7xx_HAL_Driver/Src/stm32h7xx_hal_tim.o
 .debug_macro   0x0000000000030c7b      0x2ae ./Drivers/STM32H7xx_HAL_Driver/Src/stm32h7xx_hal_tim_ex.o
 .debug_macro   0x0000000000030f29      0x2d3 ./Drivers/STM32H7xx_HAL_Driver/Src/stm32h7xx_hal_uart.o
 .debug_macro   0x00000000000311fc      0x2b4 ./Drivers/STM32H7xx_HAL_Driver/Src/stm32h7xx_hal_uart_ex.o

.debug_line     0x0000000000000000    0x1ac56
 .debug_line    0x0000000000000000      0x88a ./Core/Src/gpio.o
 .debug_line    0x000000000000088a      0x8ae ./Core/Src/i2c.o
 .debug_line    0x0000000000001138      0x8fc ./Core/Src/main.o
 .debug_line    0x0000000000001a34      0xc3c ./Core/Src/oled.o
 .debug_line    0x0000000000002670      0x81e ./Core/Src/stm32h7xx_hal_msp.o
 .debug_line    0x0000000000002e8e      0x928 ./Core/Src/stm32h7xx_it.o
 .debug_line    0x00000000000037b6      0x9c4 ./Core/Src/system_stm32h7xx.o
 .debug_line    0x000000000000417a      0x87a ./Core/Src/tim.o
 .debug_line    0x00000000000049f4      0x8c0 ./Core/Src/usart.o
 .debug_line    0x00000000000052b4      0x81e ./Core/Src/usb_otg.o
 .debug_line    0x0000000000005ad2       0x89 ./Core/Startup/startup_stm32h7a3zitxq.o
 .debug_line    0x0000000000005b5b      0xdda ./Drivers/STM32H7xx_HAL_Driver/Src/stm32h7xx_hal.o
 .debug_line    0x0000000000006935      0xdd3 ./Drivers/STM32H7xx_HAL_Driver/Src/stm32h7xx_hal_cortex.o
 .debug_line    0x0000000000007708      0xc90 ./Drivers/STM32H7xx_HAL_Driver/Src/stm32h7xx_hal_gpio.o
 .debug_line    0x0000000000008398     0x37e5 ./Drivers/STM32H7xx_HAL_Driver/Src/stm32h7xx_hal_i2c.o
 .debug_line    0x000000000000bb7d      0xa3d ./Drivers/STM32H7xx_HAL_Driver/Src/stm32h7xx_hal_i2c_ex.o
 .debug_line    0x000000000000c5ba      0xf5b ./Drivers/STM32H7xx_HAL_Driver/Src/stm32h7xx_hal_pwr_ex.o
 .debug_line    0x000000000000d515     0x12da ./Drivers/STM32H7xx_HAL_Driver/Src/stm32h7xx_hal_rcc.o
 .debug_line    0x000000000000e7ef     0x1a14 ./Drivers/STM32H7xx_HAL_Driver/Src/stm32h7xx_hal_rcc_ex.o
 .debug_line    0x0000000000010203     0x3e9a ./Drivers/STM32H7xx_HAL_Driver/Src/stm32h7xx_hal_tim.o
 .debug_line    0x000000000001409d     0x1e77 ./Drivers/STM32H7xx_HAL_Driver/Src/stm32h7xx_hal_tim_ex.o
 .debug_line    0x0000000000015f14     0x3e97 ./Drivers/STM32H7xx_HAL_Driver/Src/stm32h7xx_hal_uart.o
 .debug_line    0x0000000000019dab      0xeab ./Drivers/STM32H7xx_HAL_Driver/Src/stm32h7xx_hal_uart_ex.o

.debug_str      0x0000000000000000   0x13f7cb
 .debug_str     0x0000000000000000   0x138d59 ./Core/Src/gpio.o
                                     0x1391d5 (size before relaxing)
 .debug_str     0x0000000000138d59      0x8f2 ./Core/Src/i2c.o
                                     0x139b57 (size before relaxing)
 .debug_str     0x000000000013964b      0x618 ./Core/Src/main.o
                                     0x139b0a (size before relaxing)
 .debug_str     0x0000000000139c63      0x139 ./Core/Src/oled.o
                                     0x1396ab (size before relaxing)
 .debug_str     0x0000000000139d9c       0x2c ./Core/Src/stm32h7xx_hal_msp.o
                                     0x1390f8 (size before relaxing)
 .debug_str     0x0000000000139dc8      0x113 ./Core/Src/stm32h7xx_it.o
                                     0x139672 (size before relaxing)
 .debug_str     0x0000000000139edb      0x30e ./Core/Src/system_stm32h7xx.o
                                     0x139094 (size before relaxing)
 .debug_str     0x000000000013a1e9      0x7ec ./Core/Src/tim.o
                                     0x13a06a (size before relaxing)
 .debug_str     0x000000000013a9d5      0x2c3 ./Core/Src/usart.o
                                     0x139b2b (size before relaxing)
 .debug_str     0x000000000013ac98       0x16 ./Core/Src/usb_otg.o
                                     0x138ea9 (size before relaxing)
 .debug_str     0x000000000013acae       0x37 ./Core/Startup/startup_stm32h7a3zitxq.o
                                         0x6e (size before relaxing)
 .debug_str     0x000000000013ace5      0x7f7 ./Drivers/STM32H7xx_HAL_Driver/Src/stm32h7xx_hal.o
                                     0x139f68 (size before relaxing)
 .debug_str     0x000000000013b4dc      0x333 ./Drivers/STM32H7xx_HAL_Driver/Src/stm32h7xx_hal_cortex.o
                                     0x139978 (size before relaxing)
 .debug_str     0x000000000013b80f       0xec ./Drivers/STM32H7xx_HAL_Driver/Src/stm32h7xx_hal_gpio.o
                                     0x139045 (size before relaxing)
 .debug_str     0x000000000013b8fb      0xe06 ./Drivers/STM32H7xx_HAL_Driver/Src/stm32h7xx_hal_i2c.o
                                     0x13a0bc (size before relaxing)
 .debug_str     0x000000000013c701       0xb8 ./Drivers/STM32H7xx_HAL_Driver/Src/stm32h7xx_hal_i2c_ex.o
                                     0x13949e (size before relaxing)
 .debug_str     0x000000000013c7b9      0x74f ./Drivers/STM32H7xx_HAL_Driver/Src/stm32h7xx_hal_pwr_ex.o
                                     0x1395ca (size before relaxing)
 .debug_str     0x000000000013cf08      0x22e ./Drivers/STM32H7xx_HAL_Driver/Src/stm32h7xx_hal_rcc.o
                                     0x13946d (size before relaxing)
 .debug_str     0x000000000013d136      0x611 ./Drivers/STM32H7xx_HAL_Driver/Src/stm32h7xx_hal_rcc_ex.o
                                     0x1398d9 (size before relaxing)
 .debug_str     0x000000000013d747      0xe3b ./Drivers/STM32H7xx_HAL_Driver/Src/stm32h7xx_hal_tim.o
                                     0x13a1ca (size before relaxing)
 .debug_str     0x000000000013e582      0x5ff ./Drivers/STM32H7xx_HAL_Driver/Src/stm32h7xx_hal_tim_ex.o
                                     0x139b87 (size before relaxing)
 .debug_str     0x000000000013eb81      0x9fe ./Drivers/STM32H7xx_HAL_Driver/Src/stm32h7xx_hal_uart.o
                                     0x139f75 (size before relaxing)
 .debug_str     0x000000000013f57f      0x24c ./Drivers/STM32H7xx_HAL_Driver/Src/stm32h7xx_hal_uart_ex.o
                                     0x1394fa (size before relaxing)

.comment        0x0000000000000000       0x50
 .comment       0x0000000000000000       0x50 ./Core/Src/gpio.o
                                         0x51 (size before relaxing)
 .comment       0x0000000000000050       0x51 ./Core/Src/i2c.o
 .comment       0x0000000000000050       0x51 ./Core/Src/main.o
 .comment       0x0000000000000050       0x51 ./Core/Src/oled.o
 .comment       0x0000000000000050       0x51 ./Core/Src/stm32h7xx_hal_msp.o
 .comment       0x0000000000000050       0x51 ./Core/Src/stm32h7xx_it.o
 .comment       0x0000000000000050       0x51 ./Core/Src/system_stm32h7xx.o
 .comment       0x0000000000000050       0x51 ./Core/Src/tim.o
 .comment       0x0000000000000050       0x51 ./Core/Src/usart.o
 .comment       0x0000000000000050       0x51 ./Core/Src/usb_otg.o
 .comment       0x0000000000000050       0x51 ./Drivers/STM32H7xx_HAL_Driver/Src/stm32h7xx_hal.o
 .comment       0x0000000000000050       0x51 ./Drivers/STM32H7xx_HAL_Driver/Src/stm32h7xx_hal_cortex.o
 .comment       0x0000000000000050       0x51 ./Drivers/STM32H7xx_HAL_Driver/Src/stm32h7xx_hal_gpio.o
 .comment       0x0000000000000050       0x51 ./Drivers/STM32H7xx_HAL_Driver/Src/stm32h7xx_hal_i2c.o
 .comment       0x0000000000000050       0x51 ./Drivers/STM32H7xx_HAL_Driver/Src/stm32h7xx_hal_i2c_ex.o
 .comment       0x0000000000000050       0x51 ./Drivers/STM32H7xx_HAL_Driver/Src/stm32h7xx_hal_pwr_ex.o
 .comment       0x0000000000000050       0x51 ./Drivers/STM32H7xx_HAL_Driver/Src/stm32h7xx_hal_rcc.o
 .comment       0x0000000000000050       0x51 ./Drivers/STM32H7xx_HAL_Driver/Src/stm32h7xx_hal_rcc_ex.o
 .comment       0x0000000000000050       0x51 ./Drivers/STM32H7xx_HAL_Driver/Src/stm32h7xx_hal_tim.o
 .comment       0x0000000000000050       0x51 ./Drivers/STM32H7xx_HAL_Driver/Src/stm32h7xx_hal_tim_ex.o
 .comment       0x0000000000000050       0x51 ./Drivers/STM32H7xx_HAL_Driver/Src/stm32h7xx_hal_uart.o
 .comment       0x0000000000000050       0x51 ./Drivers/STM32H7xx_HAL_Driver/Src/stm32h7xx_hal_uart_ex.o

.debug_frame    0x0000000000000000     0x537c
 .debug_frame   0x0000000000000000       0x38 ./Core/Src/gpio.o
 .debug_frame   0x0000000000000038       0x78 ./Core/Src/i2c.o
 .debug_frame   0x00000000000000b0       0x68 ./Core/Src/main.o
 .debug_frame   0x0000000000000118      0x28c ./Core/Src/oled.o
 .debug_frame   0x00000000000003a4       0x38 ./Core/Src/stm32h7xx_hal_msp.o
 .debug_frame   0x00000000000003dc      0x144 ./Core/Src/stm32h7xx_it.o
 .debug_frame   0x0000000000000520       0x58 ./Core/Src/system_stm32h7xx.o
 .debug_frame   0x0000000000000578       0x7c ./Core/Src/tim.o
 .debug_frame   0x00000000000005f4       0x78 ./Core/Src/usart.o
 .debug_frame   0x000000000000066c       0x30 ./Core/Src/usb_otg.o
 .debug_frame   0x000000000000069c      0x6a8 ./Drivers/STM32H7xx_HAL_Driver/Src/stm32h7xx_hal.o
 .debug_frame   0x0000000000000d44      0x4b8 ./Drivers/STM32H7xx_HAL_Driver/Src/stm32h7xx_hal_cortex.o
 .debug_frame   0x00000000000011fc      0x14c ./Drivers/STM32H7xx_HAL_Driver/Src/stm32h7xx_hal_gpio.o
 .debug_frame   0x0000000000001348      0xbf0 ./Drivers/STM32H7xx_HAL_Driver/Src/stm32h7xx_hal_i2c.o
 .debug_frame   0x0000000000001f38      0x100 ./Drivers/STM32H7xx_HAL_Driver/Src/stm32h7xx_hal_i2c_ex.o
 .debug_frame   0x0000000000002038      0x660 ./Drivers/STM32H7xx_HAL_Driver/Src/stm32h7xx_hal_pwr_ex.o
 .debug_frame   0x0000000000002698      0x1fc ./Drivers/STM32H7xx_HAL_Driver/Src/stm32h7xx_hal_rcc.o
 .debug_frame   0x0000000000002894      0x3cc ./Drivers/STM32H7xx_HAL_Driver/Src/stm32h7xx_hal_rcc_ex.o
 .debug_frame   0x0000000000002c60     0x121c ./Drivers/STM32H7xx_HAL_Driver/Src/stm32h7xx_hal_tim.o
 .debug_frame   0x0000000000003e7c      0x724 ./Drivers/STM32H7xx_HAL_Driver/Src/stm32h7xx_hal_tim_ex.o
 .debug_frame   0x00000000000045a0      0xa94 ./Drivers/STM32H7xx_HAL_Driver/Src/stm32h7xx_hal_uart.o
 .debug_frame   0x0000000000005034      0x29c ./Drivers/STM32H7xx_HAL_Driver/Src/stm32h7xx_hal_uart_ex.o
 .debug_frame   0x00000000000052d0       0x2c /opt/st/stm32cubeide_1.10.1/plugins/com.st.stm32cube.ide.mcu.externaltools.gnu-tools-for-stm32.10.3-2021.10.linux64_1.0.0.202111181127/tools/bin/../lib/gcc/arm-none-eabi/10.3.1/../../../../arm-none-eabi/lib/thumb/v7e-m+dp/hard/libc_nano.a(lib_a-init.o)
 .debug_frame   0x00000000000052fc       0x20 /opt/st/stm32cubeide_1.10.1/plugins/com.st.stm32cube.ide.mcu.externaltools.gnu-tools-for-stm32.10.3-2021.10.linux64_1.0.0.202111181127/tools/bin/../lib/gcc/arm-none-eabi/10.3.1/../../../../arm-none-eabi/lib/thumb/v7e-m+dp/hard/libc_nano.a(lib_a-memset.o)
 .debug_frame   0x000000000000531c       0x2c /opt/st/stm32cubeide_1.10.1/plugins/com.st.stm32cube.ide.mcu.externaltools.gnu-tools-for-stm32.10.3-2021.10.linux64_1.0.0.202111181127/tools/bin/../lib/gcc/arm-none-eabi/10.3.1/thumb/v7e-m+dp/hard/libgcc.a(_aeabi_uldivmod.o)
 .debug_frame   0x0000000000005348       0x34 /opt/st/stm32cubeide_1.10.1/plugins/com.st.stm32cube.ide.mcu.externaltools.gnu-tools-for-stm32.10.3-2021.10.linux64_1.0.0.202111181127/tools/bin/../lib/gcc/arm-none-eabi/10.3.1/thumb/v7e-m+dp/hard/libgcc.a(_udivmoddi4.o)
