00:38:10 **** Incremental Build of configuration Debug for project bs ****
make -j16 all 
arm-none-eabi-gcc "../Core/Src/main.c" -mcpu=cortex-m7 -std=gnu11 -g3 -DDEBUG -DUSE_HAL_DRIVER -DSTM32H7A3xxQ -c -I../Core/Inc -I../Drivers/STM32H7xx_HAL_Driver/Inc -I../Drivers/STM32H7xx_HAL_Driver/Inc/Legacy -I../Drivers/CMSIS/Device/ST/STM32H7xx/Include -I../Drivers/CMSIS/Include -O0 -ffunction-sections -fdata-sections -Wall -fstack-usage -fcyclomatic-complexity -MMD -MP -MF"Core/Src/main.d" -MT"Core/Src/main.o" --specs=nano.specs -mfpu=fpv5-d16 -mfloat-abi=hard -mthumb -o "Core/Src/main.o"
arm-none-eabi-gcc -o "bs.elf" @"objects.list"   -mcpu=cortex-m7 -T"D:\Project\smart_bookshelf\board_system\bs\STM32H7A3ZITXQ_FLASH.ld" --specs=nosys.specs -Wl,-Map="bs.map" -Wl,--gc-sections -static --specs=nano.specs -mfpu=fpv5-d16 -mfloat-abi=hard -mthumb -u _printf_float -Wl,--start-group -lc -lm -Wl,--end-group
Finished building target: bs.elf
 
arm-none-eabi-size   bs.elf 
arm-none-eabi-objdump -h -S  bs.elf  > "bs.list"
   text	   data	    bss	    dec	    hex	filename
  82472	    492	   5620	  88584	  15a08	bs.elf
Finished building: default.size.stdout
 
Finished building: bs.list
 

00:38:14 Build Finished. 0 errors, 0 warnings. (took 4s.69ms)

