21:57:43 **** Incremental Build of configuration Debug for project bs ****
make -j16 all 
arm-none-eabi-size   bs.elf 
   text	   data	    bss	    dec	    hex	filename
  81856	    492	   5196	  87544	  155f8	bs.elf
Finished building: default.size.stdout
 
21:57:57 **** Incremental Build of configuration Debug for project bs ****
make -j16 all 
arm-none-eabi-size   bs.elf 
   text	   data	    bss	    dec	    hex	filename
  81856	    492	   5196	  87544	  155f8	bs.elf
Finished building: default.size.stdout
 
22:06:16 **** Incremental Build of configuration Debug for project bs ****
make -j16 all 
arm-none-eabi-gcc "../Core/Src/camera.c" -mcpu=cortex-m7 -std=gnu11 -g3 -DDEBUG -DUSE_HAL_DRIVER -DSTM32H7A3xxQ -c -I../Core/Inc -I../Drivers/STM32H7xx_HAL_Driver/Inc -I../Drivers/STM32H7xx_HAL_Driver/Inc/Legacy -I../Drivers/CMSIS/Device/ST/STM32H7xx/Include -I../Drivers/CMSIS/Include -O0 -ffunction-sections -fdata-sections -Wall -fstack-usage -fcyclomatic-complexity -MMD -MP -MF"Core/Src/camera.d" -MT"Core/Src/camera.o" --specs=nano.specs -mfpu=fpv5-d16 -mfloat-abi=hard -mthumb -o "Core/Src/camera.o"
arm-none-eabi-gcc -o "bs.elf" @"objects.list"   -mcpu=cortex-m7 -T"D:\Project\smart_bookshelf\board_system\bs\STM32H7A3ZITXQ_FLASH.ld" --specs=nosys.specs -Wl,-Map="bs.map" -Wl,--gc-sections -static --specs=nano.specs -mfpu=fpv5-d16 -mfloat-abi=hard -mthumb -u _printf_float -Wl,--start-group -lc -lm -Wl,--end-group
Finished building target: bs.elf
 
arm-none-eabi-size   bs.elf 
arm-none-eabi-objdump -h -S  bs.elf  > "bs.list"
   text	   data	    bss	    dec	    hex	filename
  82144	    492	   5196	  87832	  15718	bs.elf
Finished building: default.size.stdout
 
Finished building: bs.list
 
22:07:05 **** Incremental Build of configuration Debug for project bs ****
make -j16 all 
arm-none-eabi-gcc "../Core/Src/dma.c" -mcpu=cortex-m7 -std=gnu11 -g3 -DDEBUG -DUSE_HAL_DRIVER -DSTM32H7A3xxQ -c -I../Core/Inc -I../Drivers/STM32H7xx_HAL_Driver/Inc -I../Drivers/STM32H7xx_HAL_Driver/Inc/Legacy -I../Drivers/CMSIS/Device/ST/STM32H7xx/Include -I../Drivers/CMSIS/Include -O0 -ffunction-sections -fdata-sections -Wall -fstack-usage -fcyclomatic-complexity -MMD -MP -MF"Core/Src/dma.d" -MT"Core/Src/dma.o" --specs=nano.specs -mfpu=fpv5-d16 -mfloat-abi=hard -mthumb -o "Core/Src/dma.o"
arm-none-eabi-gcc "../Core/Src/stm32h7xx_it.c" -mcpu=cortex-m7 -std=gnu11 -g3 -DDEBUG -DUSE_HAL_DRIVER -DSTM32H7A3xxQ -c -I../Core/Inc -I../Drivers/STM32H7xx_HAL_Driver/Inc -I../Drivers/STM32H7xx_HAL_Driver/Inc/Legacy -I../Drivers/CMSIS/Device/ST/STM32H7xx/Include -I../Drivers/CMSIS/Include -O0 -ffunction-sections -fdata-sections -Wall -fstack-usage -fcyclomatic-complexity -MMD -MP -MF"Core/Src/stm32h7xx_it.d" -MT"Core/Src/stm32h7xx_it.o" --specs=nano.specs -mfpu=fpv5-d16 -mfloat-abi=hard -mthumb -o "Core/Src/stm32h7xx_it.o"
arm-none-eabi-gcc "../Core/Src/usart.c" -mcpu=cortex-m7 -std=gnu11 -g3 -DDEBUG -DUSE_HAL_DRIVER -DSTM32H7A3xxQ -c -I../Core/Inc -I../Drivers/STM32H7xx_HAL_Driver/Inc -I../Drivers/STM32H7xx_HAL_Driver/Inc/Legacy -I../Drivers/CMSIS/Device/ST/STM32H7xx/Include -I../Drivers/CMSIS/Include -O0 -ffunction-sections -fdata-sections -Wall -fstack-usage -fcyclomatic-complexity -MMD -MP -MF"Core/Src/usart.d" -MT"Core/Src/usart.o" --specs=nano.specs -mfpu=fpv5-d16 -mfloat-abi=hard -mthumb -o "Core/Src/usart.o"
arm-none-eabi-gcc -o "bs.elf" @"objects.list"   -mcpu=cortex-m7 -T"D:\Project\smart_bookshelf\board_system\bs\STM32H7A3ZITXQ_FLASH.ld" --specs=nosys.specs -Wl,-Map="bs.map" -Wl,--gc-sections -static --specs=nano.specs -mfpu=fpv5-d16 -mfloat-abi=hard -mthumb -u _printf_float -Wl,--start-group -lc -lm -Wl,--end-group
Finished building target: bs.elf
 
arm-none-eabi-size   bs.elf 
arm-none-eabi-objdump -h -S  bs.elf  > "bs.list"
   text	   data	    bss	    dec	    hex	filename
  82008	    492	   5076	  87576	  15618	bs.elf
Finished building: default.size.stdout
 
Finished building: bs.list
 
22:13:47 **** Incremental Build of configuration Debug for project bs ****
make -j16 all 
arm-none-eabi-gcc "../Core/Src/main.c" -mcpu=cortex-m7 -std=gnu11 -g3 -DDEBUG -DUSE_HAL_DRIVER -DSTM32H7A3xxQ -c -I../Core/Inc -I../Drivers/STM32H7xx_HAL_Driver/Inc -I../Drivers/STM32H7xx_HAL_Driver/Inc/Legacy -I../Drivers/CMSIS/Device/ST/STM32H7xx/Include -I../Drivers/CMSIS/Include -O0 -ffunction-sections -fdata-sections -Wall -fstack-usage -fcyclomatic-complexity -MMD -MP -MF"Core/Src/main.d" -MT"Core/Src/main.o" --specs=nano.specs -mfpu=fpv5-d16 -mfloat-abi=hard -mthumb -o "Core/Src/main.o"
arm-none-eabi-gcc -o "bs.elf" @"objects.list"   -mcpu=cortex-m7 -T"D:\Project\smart_bookshelf\board_system\bs\STM32H7A3ZITXQ_FLASH.ld" --specs=nosys.specs -Wl,-Map="bs.map" -Wl,--gc-sections -static --specs=nano.specs -mfpu=fpv5-d16 -mfloat-abi=hard -mthumb -u _printf_float -Wl,--start-group -lc -lm -Wl,--end-group
Finished building target: bs.elf
 
arm-none-eabi-size   bs.elf 
arm-none-eabi-objdump -h -S  bs.elf  > "bs.list"
   text	   data	    bss	    dec	    hex	filename
  82008	    492	   5076	  87576	  15618	bs.elf
Finished building: default.size.stdout
 
Finished building: bs.list
 
22:18:14 **** Incremental Build of configuration Debug for project bs ****
make -j16 all 
arm-none-eabi-gcc "../Core/Src/camera.c" -mcpu=cortex-m7 -std=gnu11 -g3 -DDEBUG -DUSE_HAL_DRIVER -DSTM32H7A3xxQ -c -I../Core/Inc -I../Drivers/STM32H7xx_HAL_Driver/Inc -I../Drivers/STM32H7xx_HAL_Driver/Inc/Legacy -I../Drivers/CMSIS/Device/ST/STM32H7xx/Include -I../Drivers/CMSIS/Include -O0 -ffunction-sections -fdata-sections -Wall -fstack-usage -fcyclomatic-complexity -MMD -MP -MF"Core/Src/camera.d" -MT"Core/Src/camera.o" --specs=nano.specs -mfpu=fpv5-d16 -mfloat-abi=hard -mthumb -o "Core/Src/camera.o"
../Core/Src/camera.c: In function 'Camera_Take':
../Core/Src/camera.c:27:36: warning: passing argument 2 of 'HAL_UART_Transmit' makes pointer from integer without a cast [-Wint-conversion]
   27 |    HAL_UART_Transmit(camera->uart, 'k', sizeof('k'), 10);
      |                                    ^~~
      |                                    |
      |                                    int
In file included from ../Core/Inc/stm32h7xx_hal_conf.h:463,
                 from ../Drivers/STM32H7xx_HAL_Driver/Inc/stm32h7xx_hal.h:29,
                 from ../Core/Inc/main.h:30,
                 from ../Core/Inc/gpio.h:29,
                 from ../Core/Inc/camera.h:11,
                 from ../Core/Src/camera.c:8:
../Drivers/STM32H7xx_HAL_Driver/Inc/stm32h7xx_hal_uart.h:1637:79: note: expected 'const uint8_t *' {aka 'const unsigned char *'} but argument is of type 'int'
 1637 | HAL_StatusTypeDef HAL_UART_Transmit(UART_HandleTypeDef *huart, const uint8_t *pData, uint16_t Size, uint32_t Timeout);
      |                                                                ~~~~~~~~~~~~~~~^~~~~
arm-none-eabi-gcc -o "bs.elf" @"objects.list"   -mcpu=cortex-m7 -T"D:\Project\smart_bookshelf\board_system\bs\STM32H7A3ZITXQ_FLASH.ld" --specs=nosys.specs -Wl,-Map="bs.map" -Wl,--gc-sections -static --specs=nano.specs -mfpu=fpv5-d16 -mfloat-abi=hard -mthumb -u _printf_float -Wl,--start-group -lc -lm -Wl,--end-group
Finished building target: bs.elf
 
arm-none-eabi-size   bs.elf 
arm-none-eabi-objdump -h -S  bs.elf  > "bs.list"
   text	   data	    bss	    dec	    hex	filename
  82008	    492	   5076	  87576	  15618	bs.elf
Finished building: default.size.stdout
 
Finished building: bs.list
 
22:19:53 **** Incremental Build of configuration Debug for project bs ****
make -j16 all 
arm-none-eabi-gcc "../Core/Src/camera.c" -mcpu=cortex-m7 -std=gnu11 -g3 -DDEBUG -DUSE_HAL_DRIVER -DSTM32H7A3xxQ -c -I../Core/Inc -I../Drivers/STM32H7xx_HAL_Driver/Inc -I../Drivers/STM32H7xx_HAL_Driver/Inc/Legacy -I../Drivers/CMSIS/Device/ST/STM32H7xx/Include -I../Drivers/CMSIS/Include -O0 -ffunction-sections -fdata-sections -Wall -fstack-usage -fcyclomatic-complexity -MMD -MP -MF"Core/Src/camera.d" -MT"Core/Src/camera.o" --specs=nano.specs -mfpu=fpv5-d16 -mfloat-abi=hard -mthumb -o "Core/Src/camera.o"
../Core/Src/camera.c: In function 'Camera_Take':
../Core/Src/camera.c:27:20: error: invalid initializer
   27 |    uint8_t msg[] = 'k';
      |                    ^~~
make: *** [Core/Src/subdir.mk:82: Core/Src/camera.o] Error 1
"make -j16 all" terminated with exit code 2. Build might be incomplete.
22:20:02 **** Incremental Build of configuration Debug for project bs ****
make -j16 all 
arm-none-eabi-gcc "../Core/Src/camera.c" -mcpu=cortex-m7 -std=gnu11 -g3 -DDEBUG -DUSE_HAL_DRIVER -DSTM32H7A3xxQ -c -I../Core/Inc -I../Drivers/STM32H7xx_HAL_Driver/Inc -I../Drivers/STM32H7xx_HAL_Driver/Inc/Legacy -I../Drivers/CMSIS/Device/ST/STM32H7xx/Include -I../Drivers/CMSIS/Include -O0 -ffunction-sections -fdata-sections -Wall -fstack-usage -fcyclomatic-complexity -MMD -MP -MF"Core/Src/camera.d" -MT"Core/Src/camera.o" --specs=nano.specs -mfpu=fpv5-d16 -mfloat-abi=hard -mthumb -o "Core/Src/camera.o"
arm-none-eabi-gcc -o "bs.elf" @"objects.list"   -mcpu=cortex-m7 -T"D:\Project\smart_bookshelf\board_system\bs\STM32H7A3ZITXQ_FLASH.ld" --specs=nosys.specs -Wl,-Map="bs.map" -Wl,--gc-sections -static --specs=nano.specs -mfpu=fpv5-d16 -mfloat-abi=hard -mthumb -u _printf_float -Wl,--start-group -lc -lm -Wl,--end-group
Finished building target: bs.elf
 
arm-none-eabi-size   bs.elf 
arm-none-eabi-objdump -h -S  bs.elf  > "bs.list"
   text	   data	    bss	    dec	    hex	filename
  82016	    492	   5076	  87584	  15620	bs.elf
Finished building: default.size.stdout
 
Finished building: bs.list
 
22:20:58 **** Incremental Build of configuration Debug for project bs ****
make -j16 all 
arm-none-eabi-gcc "../Core/Src/main.c" -mcpu=cortex-m7 -std=gnu11 -g3 -DDEBUG -DUSE_HAL_DRIVER -DSTM32H7A3xxQ -c -I../Core/Inc -I../Drivers/STM32H7xx_HAL_Driver/Inc -I../Drivers/STM32H7xx_HAL_Driver/Inc/Legacy -I../Drivers/CMSIS/Device/ST/STM32H7xx/Include -I../Drivers/CMSIS/Include -O0 -ffunction-sections -fdata-sections -Wall -fstack-usage -fcyclomatic-complexity -MMD -MP -MF"Core/Src/main.d" -MT"Core/Src/main.o" --specs=nano.specs -mfpu=fpv5-d16 -mfloat-abi=hard -mthumb -o "Core/Src/main.o"
arm-none-eabi-gcc -o "bs.elf" @"objects.list"   -mcpu=cortex-m7 -T"D:\Project\smart_bookshelf\board_system\bs\STM32H7A3ZITXQ_FLASH.ld" --specs=nosys.specs -Wl,-Map="bs.map" -Wl,--gc-sections -static --specs=nano.specs -mfpu=fpv5-d16 -mfloat-abi=hard -mthumb -u _printf_float -Wl,--start-group -lc -lm -Wl,--end-group
Finished building target: bs.elf
 
arm-none-eabi-size   bs.elf 
arm-none-eabi-objdump -h -S  bs.elf  > "bs.list"
   text	   data	    bss	    dec	    hex	filename
  82008	    492	   5076	  87576	  15618	bs.elf
Finished building: default.size.stdout
 
Finished building: bs.list
 
22:31:51 **** Incremental Build of configuration Debug for project bs ****
make -j16 all 
arm-none-eabi-gcc "../Core/Src/callback.c" -mcpu=cortex-m7 -std=gnu11 -g3 -DDEBUG -DUSE_HAL_DRIVER -DSTM32H7A3xxQ -c -I../Core/Inc -I../Drivers/STM32H7xx_HAL_Driver/Inc -I../Drivers/STM32H7xx_HAL_Driver/Inc/Legacy -I../Drivers/CMSIS/Device/ST/STM32H7xx/Include -I../Drivers/CMSIS/Include -O0 -ffunction-sections -fdata-sections -Wall -fstack-usage -fcyclomatic-complexity -MMD -MP -MF"Core/Src/callback.d" -MT"Core/Src/callback.o" --specs=nano.specs -mfpu=fpv5-d16 -mfloat-abi=hard -mthumb -o "Core/Src/callback.o"
arm-none-eabi-gcc "../Core/Src/main.c" -mcpu=cortex-m7 -std=gnu11 -g3 -DDEBUG -DUSE_HAL_DRIVER -DSTM32H7A3xxQ -c -I../Core/Inc -I../Drivers/STM32H7xx_HAL_Driver/Inc -I../Drivers/STM32H7xx_HAL_Driver/Inc/Legacy -I../Drivers/CMSIS/Device/ST/STM32H7xx/Include -I../Drivers/CMSIS/Include -O0 -ffunction-sections -fdata-sections -Wall -fstack-usage -fcyclomatic-complexity -MMD -MP -MF"Core/Src/main.d" -MT"Core/Src/main.o" --specs=nano.specs -mfpu=fpv5-d16 -mfloat-abi=hard -mthumb -o "Core/Src/main.o"
arm-none-eabi-gcc -o "bs.elf" @"objects.list"   -mcpu=cortex-m7 -T"D:\Project\smart_bookshelf\board_system\bs\STM32H7A3ZITXQ_FLASH.ld" --specs=nosys.specs -Wl,-Map="bs.map" -Wl,--gc-sections -static --specs=nano.specs -mfpu=fpv5-d16 -mfloat-abi=hard -mthumb -u _printf_float -Wl,--start-group -lc -lm -Wl,--end-group
Finished building target: bs.elf
 
arm-none-eabi-size   bs.elf 
arm-none-eabi-objdump -h -S  bs.elf  > "bs.list"
   text	   data	    bss	    dec	    hex	filename
  82008	    492	   5076	  87576	  15618	bs.elf
Finished building: default.size.stdout
 
Finished building: bs.list
 
22:49:41 **** Incremental Build of configuration Debug for project bs ****
make -j16 all 
arm-none-eabi-gcc "../Core/Src/main.c" -mcpu=cortex-m7 -std=gnu11 -g3 -DDEBUG -DUSE_HAL_DRIVER -DSTM32H7A3xxQ -c -I../Core/Inc -I../Drivers/STM32H7xx_HAL_Driver/Inc -I../Drivers/STM32H7xx_HAL_Driver/Inc/Legacy -I../Drivers/CMSIS/Device/ST/STM32H7xx/Include -I../Drivers/CMSIS/Include -O0 -ffunction-sections -fdata-sections -Wall -fstack-usage -fcyclomatic-complexity -MMD -MP -MF"Core/Src/main.d" -MT"Core/Src/main.o" --specs=nano.specs -mfpu=fpv5-d16 -mfloat-abi=hard -mthumb -o "Core/Src/main.o"
../Core/Src/main.c: In function 'main':
../Core/Src/main.c:143:18: warning: format '%d' expects argument of type 'int', but argument 3 has type 'int32_t' {aka 'long int'} [-Wformat=]
  143 |   sprintf(msg, "%d\n", press);
      |                 ~^     ~~~~~
      |                  |     |
      |                  int   int32_t {aka long int}
      |                 %ld
arm-none-eabi-gcc -o "bs.elf" @"objects.list"   -mcpu=cortex-m7 -T"D:\Project\smart_bookshelf\board_system\bs\STM32H7A3ZITXQ_FLASH.ld" --specs=nosys.specs -Wl,-Map="bs.map" -Wl,--gc-sections -static --specs=nano.specs -mfpu=fpv5-d16 -mfloat-abi=hard -mthumb -u _printf_float -Wl,--start-group -lc -lm -Wl,--end-group
Finished building target: bs.elf
 
arm-none-eabi-size   bs.elf 
arm-none-eabi-objdump -h -S  bs.elf  > "bs.list"
   text	   data	    bss	    dec	    hex	filename
  82968	    492	   5076	  88536	  159d8	bs.elf
Finished building: default.size.stdout
 
Finished building: bs.list
 
22:51:48 **** Incremental Build of configuration Debug for project bs ****
make -j16 all 
arm-none-eabi-gcc "../Core/Src/adc.c" -mcpu=cortex-m7 -std=gnu11 -g3 -DDEBUG -DUSE_HAL_DRIVER -DSTM32H7A3xxQ -c -I../Core/Inc -I../Drivers/STM32H7xx_HAL_Driver/Inc -I../Drivers/STM32H7xx_HAL_Driver/Inc/Legacy -I../Drivers/CMSIS/Device/ST/STM32H7xx/Include -I../Drivers/CMSIS/Include -O0 -ffunction-sections -fdata-sections -Wall -fstack-usage -fcyclomatic-complexity -MMD -MP -MF"Core/Src/adc.d" -MT"Core/Src/adc.o" --specs=nano.specs -mfpu=fpv5-d16 -mfloat-abi=hard -mthumb -o "Core/Src/adc.o"
arm-none-eabi-gcc "../Core/Src/callback.c" -mcpu=cortex-m7 -std=gnu11 -g3 -DDEBUG -DUSE_HAL_DRIVER -DSTM32H7A3xxQ -c -I../Core/Inc -I../Drivers/STM32H7xx_HAL_Driver/Inc -I../Drivers/STM32H7xx_HAL_Driver/Inc/Legacy -I../Drivers/CMSIS/Device/ST/STM32H7xx/Include -I../Drivers/CMSIS/Include -O0 -ffunction-sections -fdata-sections -Wall -fstack-usage -fcyclomatic-complexity -MMD -MP -MF"Core/Src/callback.d" -MT"Core/Src/callback.o" --specs=nano.specs -mfpu=fpv5-d16 -mfloat-abi=hard -mthumb -o "Core/Src/callback.o"
arm-none-eabi-gcc "../Core/Src/camera.c" -mcpu=cortex-m7 -std=gnu11 -g3 -DDEBUG -DUSE_HAL_DRIVER -DSTM32H7A3xxQ -c -I../Core/Inc -I../Drivers/STM32H7xx_HAL_Driver/Inc -I../Drivers/STM32H7xx_HAL_Driver/Inc/Legacy -I../Drivers/CMSIS/Device/ST/STM32H7xx/Include -I../Drivers/CMSIS/Include -O0 -ffunction-sections -fdata-sections -Wall -fstack-usage -fcyclomatic-complexity -MMD -MP -MF"Core/Src/camera.d" -MT"Core/Src/camera.o" --specs=nano.specs -mfpu=fpv5-d16 -mfloat-abi=hard -mthumb -o "Core/Src/camera.o"
arm-none-eabi-gcc "../Core/Src/dma.c" -mcpu=cortex-m7 -std=gnu11 -g3 -DDEBUG -DUSE_HAL_DRIVER -DSTM32H7A3xxQ -c -I../Core/Inc -I../Drivers/STM32H7xx_HAL_Driver/Inc -I../Drivers/STM32H7xx_HAL_Driver/Inc/Legacy -I../Drivers/CMSIS/Device/ST/STM32H7xx/Include -I../Drivers/CMSIS/Include -O0 -ffunction-sections -fdata-sections -Wall -fstack-usage -fcyclomatic-complexity -MMD -MP -MF"Core/Src/dma.d" -MT"Core/Src/dma.o" --specs=nano.specs -mfpu=fpv5-d16 -mfloat-abi=hard -mthumb -o "Core/Src/dma.o"
arm-none-eabi-gcc "../Core/Src/gpio.c" -mcpu=cortex-m7 -std=gnu11 -g3 -DDEBUG -DUSE_HAL_DRIVER -DSTM32H7A3xxQ -c -I../Core/Inc -I../Drivers/STM32H7xx_HAL_Driver/Inc -I../Drivers/STM32H7xx_HAL_Driver/Inc/Legacy -I../Drivers/CMSIS/Device/ST/STM32H7xx/Include -I../Drivers/CMSIS/Include -O0 -ffunction-sections -fdata-sections -Wall -fstack-usage -fcyclomatic-complexity -MMD -MP -MF"Core/Src/gpio.d" -MT"Core/Src/gpio.o" --specs=nano.specs -mfpu=fpv5-d16 -mfloat-abi=hard -mthumb -o "Core/Src/gpio.o"
arm-none-eabi-gcc "../Core/Src/i2c.c" -mcpu=cortex-m7 -std=gnu11 -g3 -DDEBUG -DUSE_HAL_DRIVER -DSTM32H7A3xxQ -c -I../Core/Inc -I../Drivers/STM32H7xx_HAL_Driver/Inc -I../Drivers/STM32H7xx_HAL_Driver/Inc/Legacy -I../Drivers/CMSIS/Device/ST/STM32H7xx/Include -I../Drivers/CMSIS/Include -O0 -ffunction-sections -fdata-sections -Wall -fstack-usage -fcyclomatic-complexity -MMD -MP -MF"Core/Src/i2c.d" -MT"Core/Src/i2c.o" --specs=nano.specs -mfpu=fpv5-d16 -mfloat-abi=hard -mthumb -o "Core/Src/i2c.o"
arm-none-eabi-gcc "../Core/Src/led_control.c" -mcpu=cortex-m7 -std=gnu11 -g3 -DDEBUG -DUSE_HAL_DRIVER -DSTM32H7A3xxQ -c -I../Core/Inc -I../Drivers/STM32H7xx_HAL_Driver/Inc -I../Drivers/STM32H7xx_HAL_Driver/Inc/Legacy -I../Drivers/CMSIS/Device/ST/STM32H7xx/Include -I../Drivers/CMSIS/Include -O0 -ffunction-sections -fdata-sections -Wall -fstack-usage -fcyclomatic-complexity -MMD -MP -MF"Core/Src/led_control.d" -MT"Core/Src/led_control.o" --specs=nano.specs -mfpu=fpv5-d16 -mfloat-abi=hard -mthumb -o "Core/Src/led_control.o"
arm-none-eabi-gcc "../Core/Src/main.c" -mcpu=cortex-m7 -std=gnu11 -g3 -DDEBUG -DUSE_HAL_DRIVER -DSTM32H7A3xxQ -c -I../Core/Inc -I../Drivers/STM32H7xx_HAL_Driver/Inc -I../Drivers/STM32H7xx_HAL_Driver/Inc/Legacy -I../Drivers/CMSIS/Device/ST/STM32H7xx/Include -I../Drivers/CMSIS/Include -O0 -ffunction-sections -fdata-sections -Wall -fstack-usage -fcyclomatic-complexity -MMD -MP -MF"Core/Src/main.d" -MT"Core/Src/main.o" --specs=nano.specs -mfpu=fpv5-d16 -mfloat-abi=hard -mthumb -o "Core/Src/main.o"
arm-none-eabi-gcc "../Core/Src/oled.c" -mcpu=cortex-m7 -std=gnu11 -g3 -DDEBUG -DUSE_HAL_DRIVER -DSTM32H7A3xxQ -c -I../Core/Inc -I../Drivers/STM32H7xx_HAL_Driver/Inc -I../Drivers/STM32H7xx_HAL_Driver/Inc/Legacy -I../Drivers/CMSIS/Device/ST/STM32H7xx/Include -I../Drivers/CMSIS/Include -O0 -ffunction-sections -fdata-sections -Wall -fstack-usage -fcyclomatic-complexity -MMD -MP -MF"Core/Src/oled.d" -MT"Core/Src/oled.o" --specs=nano.specs -mfpu=fpv5-d16 -mfloat-abi=hard -mthumb -o "Core/Src/oled.o"
arm-none-eabi-gcc "../Core/Src/pressure.c" -mcpu=cortex-m7 -std=gnu11 -g3 -DDEBUG -DUSE_HAL_DRIVER -DSTM32H7A3xxQ -c -I../Core/Inc -I../Drivers/STM32H7xx_HAL_Driver/Inc -I../Drivers/STM32H7xx_HAL_Driver/Inc/Legacy -I../Drivers/CMSIS/Device/ST/STM32H7xx/Include -I../Drivers/CMSIS/Include -O0 -ffunction-sections -fdata-sections -Wall -fstack-usage -fcyclomatic-complexity -MMD -MP -MF"Core/Src/pressure.d" -MT"Core/Src/pressure.o" --specs=nano.specs -mfpu=fpv5-d16 -mfloat-abi=hard -mthumb -o "Core/Src/pressure.o"
arm-none-eabi-gcc "../Core/Src/stm32h7xx_hal_msp.c" -mcpu=cortex-m7 -std=gnu11 -g3 -DDEBUG -DUSE_HAL_DRIVER -DSTM32H7A3xxQ -c -I../Core/Inc -I../Drivers/STM32H7xx_HAL_Driver/Inc -I../Drivers/STM32H7xx_HAL_Driver/Inc/Legacy -I../Drivers/CMSIS/Device/ST/STM32H7xx/Include -I../Drivers/CMSIS/Include -O0 -ffunction-sections -fdata-sections -Wall -fstack-usage -fcyclomatic-complexity -MMD -MP -MF"Core/Src/stm32h7xx_hal_msp.d" -MT"Core/Src/stm32h7xx_hal_msp.o" --specs=nano.specs -mfpu=fpv5-d16 -mfloat-abi=hard -mthumb -o "Core/Src/stm32h7xx_hal_msp.o"
arm-none-eabi-gcc "../Core/Src/stm32h7xx_it.c" -mcpu=cortex-m7 -std=gnu11 -g3 -DDEBUG -DUSE_HAL_DRIVER -DSTM32H7A3xxQ -c -I../Core/Inc -I../Drivers/STM32H7xx_HAL_Driver/Inc -I../Drivers/STM32H7xx_HAL_Driver/Inc/Legacy -I../Drivers/CMSIS/Device/ST/STM32H7xx/Include -I../Drivers/CMSIS/Include -O0 -ffunction-sections -fdata-sections -Wall -fstack-usage -fcyclomatic-complexity -MMD -MP -MF"Core/Src/stm32h7xx_it.d" -MT"Core/Src/stm32h7xx_it.o" --specs=nano.specs -mfpu=fpv5-d16 -mfloat-abi=hard -mthumb -o "Core/Src/stm32h7xx_it.o"
arm-none-eabi-gcc "../Core/Src/tim.c" -mcpu=cortex-m7 -std=gnu11 -g3 -DDEBUG -DUSE_HAL_DRIVER -DSTM32H7A3xxQ -c -I../Core/Inc -I../Drivers/STM32H7xx_HAL_Driver/Inc -I../Drivers/STM32H7xx_HAL_Driver/Inc/Legacy -I../Drivers/CMSIS/Device/ST/STM32H7xx/Include -I../Drivers/CMSIS/Include -O0 -ffunction-sections -fdata-sections -Wall -fstack-usage -fcyclomatic-complexity -MMD -MP -MF"Core/Src/tim.d" -MT"Core/Src/tim.o" --specs=nano.specs -mfpu=fpv5-d16 -mfloat-abi=hard -mthumb -o "Core/Src/tim.o"
arm-none-eabi-gcc "../Core/Src/usart.c" -mcpu=cortex-m7 -std=gnu11 -g3 -DDEBUG -DUSE_HAL_DRIVER -DSTM32H7A3xxQ -c -I../Core/Inc -I../Drivers/STM32H7xx_HAL_Driver/Inc -I../Drivers/STM32H7xx_HAL_Driver/Inc/Legacy -I../Drivers/CMSIS/Device/ST/STM32H7xx/Include -I../Drivers/CMSIS/Include -O0 -ffunction-sections -fdata-sections -Wall -fstack-usage -fcyclomatic-complexity -MMD -MP -MF"Core/Src/usart.d" -MT"Core/Src/usart.o" --specs=nano.specs -mfpu=fpv5-d16 -mfloat-abi=hard -mthumb -o "Core/Src/usart.o"
arm-none-eabi-gcc "../Core/Src/usb_otg.c" -mcpu=cortex-m7 -std=gnu11 -g3 -DDEBUG -DUSE_HAL_DRIVER -DSTM32H7A3xxQ -c -I../Core/Inc -I../Drivers/STM32H7xx_HAL_Driver/Inc -I../Drivers/STM32H7xx_HAL_Driver/Inc/Legacy -I../Drivers/CMSIS/Device/ST/STM32H7xx/Include -I../Drivers/CMSIS/Include -O0 -ffunction-sections -fdata-sections -Wall -fstack-usage -fcyclomatic-complexity -MMD -MP -MF"Core/Src/usb_otg.d" -MT"Core/Src/usb_otg.o" --specs=nano.specs -mfpu=fpv5-d16 -mfloat-abi=hard -mthumb -o "Core/Src/usb_otg.o"
arm-none-eabi-gcc "../Core/Src/utils.c" -mcpu=cortex-m7 -std=gnu11 -g3 -DDEBUG -DUSE_HAL_DRIVER -DSTM32H7A3xxQ -c -I../Core/Inc -I../Drivers/STM32H7xx_HAL_Driver/Inc -I../Drivers/STM32H7xx_HAL_Driver/Inc/Legacy -I../Drivers/CMSIS/Device/ST/STM32H7xx/Include -I../Drivers/CMSIS/Include -O0 -ffunction-sections -fdata-sections -Wall -fstack-usage -fcyclomatic-complexity -MMD -MP -MF"Core/Src/utils.d" -MT"Core/Src/utils.o" --specs=nano.specs -mfpu=fpv5-d16 -mfloat-abi=hard -mthumb -o "Core/Src/utils.o"
../Core/Src/oled.c: In function 'DrawBG':
../Core/Src/oled.c:261:25: warning: passing argument 5 of 'OLED_DrawBMP' discards 'const' qualifier from pointer target type [-Wdiscarded-qualifiers]
  261 |  OLED_DrawBMP(0,0,128,8,gImage_1);
      |                         ^~~~~~~~
../Core/Src/oled.c:206:103: note: expected 'unsigned char *' but argument is of type 'const unsigned char *'
  206 | void OLED_DrawBMP(unsigned char x0, unsigned char y0,unsigned char x1, unsigned char y1,unsigned char BMP[])
      |                                                                                         ~~~~~~~~~~~~~~^~~~~
../Core/Src/oled.c: In function 'DrawMouch':
../Core/Src/oled.c:264:30: warning: passing argument 5 of 'OLED_DrawBMP' discards 'const' qualifier from pointer target type [-Wdiscarded-qualifiers]
  264 |  OLED_DrawBMP(54,3,74,5,mouch[id]);
      |                         ~~~~~^~~~
../Core/Src/oled.c:206:103: note: expected 'unsigned char *' but argument is of type 'const unsigned char *'
  206 | void OLED_DrawBMP(unsigned char x0, unsigned char y0,unsigned char x1, unsigned char y1,unsigned char BMP[])
      |                                                                                         ~~~~~~~~~~~~~~^~~~~
../Core/Src/oled.c: In function 'DrawPosition':
../Core/Src/oled.c:267:2: warning: implicit declaration of function 'OLED_ShowNum' [-Wimplicit-function-declaration]
  267 |  OLED_ShowNum(80,6,x,1,16);
      |  ^~~~~~~~~~~~
../Core/Src/oled.c: In function 'DrawText':
../Core/Src/oled.c:271:28: warning: passing argument 5 of 'OLED_DrawBMP' discards 'const' qualifier from pointer target type [-Wdiscarded-qualifiers]
  271 |  OLED_DrawBMP(30,6,94,8,txt[typ]);
      |                         ~~~^~~~~
../Core/Src/oled.c:206:103: note: expected 'unsigned char *' but argument is of type 'const unsigned char *'
  206 | void OLED_DrawBMP(unsigned char x0, unsigned char y0,unsigned char x1, unsigned char y1,unsigned char BMP[])
      |                                                                                         ~~~~~~~~~~~~~~^~~~~
../Core/Src/main.c: In function 'main':
../Core/Src/main.c:143:18: warning: format '%d' expects argument of type 'int', but argument 3 has type 'int32_t' {aka 'long int'} [-Wformat=]
  143 |   sprintf(msg, "%d\n", press);
      |                 ~^     ~~~~~
      |                  |     |
      |                  int   int32_t {aka long int}
      |                 %ld
../Core/Src/utils.c: In function 'parseStringToArray':
../Core/Src/utils.c:29:15: warning: comparison between pointer and integer
   29 |     if (count != 1)
      |               ^~
arm-none-eabi-gcc -o "bs.elf" @"objects.list"   -mcpu=cortex-m7 -T"D:\Project\smart_bookshelf\board_system\bs\STM32H7A3ZITXQ_FLASH.ld" --specs=nosys.specs -Wl,-Map="bs.map" -Wl,--gc-sections -static --specs=nano.specs -mfpu=fpv5-d16 -mfloat-abi=hard -mthumb -u _printf_float -Wl,--start-group -lc -lm -Wl,--end-group
Finished building target: bs.elf
 
arm-none-eabi-size   bs.elf 
arm-none-eabi-objdump -h -S  bs.elf  > "bs.list"
   text	   data	    bss	    dec	    hex	filename
  82936	    492	   5076	  88504	  159b8	bs.elf
Finished building: default.size.stdout
 
Finished building: bs.list
 
22:53:47 **** Incremental Build of configuration Debug for project bs ****
make -j16 all 
arm-none-eabi-gcc "../Core/Src/main.c" -mcpu=cortex-m7 -std=gnu11 -g3 -DDEBUG -DUSE_HAL_DRIVER -DSTM32H7A3xxQ -c -I../Core/Inc -I../Drivers/STM32H7xx_HAL_Driver/Inc -I../Drivers/STM32H7xx_HAL_Driver/Inc/Legacy -I../Drivers/CMSIS/Device/ST/STM32H7xx/Include -I../Drivers/CMSIS/Include -O0 -ffunction-sections -fdata-sections -Wall -fstack-usage -fcyclomatic-complexity -MMD -MP -MF"Core/Src/main.d" -MT"Core/Src/main.o" --specs=nano.specs -mfpu=fpv5-d16 -mfloat-abi=hard -mthumb -o "Core/Src/main.o"
../Core/Src/main.c: In function 'main':
../Core/Src/main.c:143:18: warning: format '%d' expects argument of type 'int', but argument 3 has type 'int32_t' {aka 'long int'} [-Wformat=]
  143 |   sprintf(msg, "%d\n", press);
      |                 ~^     ~~~~~
      |                  |     |
      |                  int   int32_t {aka long int}
      |                 %ld
arm-none-eabi-gcc -o "bs.elf" @"objects.list"   -mcpu=cortex-m7 -T"D:\Project\smart_bookshelf\board_system\bs\STM32H7A3ZITXQ_FLASH.ld" --specs=nosys.specs -Wl,-Map="bs.map" -Wl,--gc-sections -static --specs=nano.specs -mfpu=fpv5-d16 -mfloat-abi=hard -mthumb -u _printf_float -Wl,--start-group -lc -lm -Wl,--end-group
Finished building target: bs.elf
 
arm-none-eabi-size   bs.elf 
arm-none-eabi-objdump -h -S  bs.elf  > "bs.list"
   text	   data	    bss	    dec	    hex	filename
  82936	    492	   5076	  88504	  159b8	bs.elf
Finished building: default.size.stdout
 
Finished building: bs.list
 
22:53:58 **** Incremental Build of configuration Debug for project bs ****
make -j16 all 
arm-none-eabi-gcc "../Core/Src/main.c" -mcpu=cortex-m7 -std=gnu11 -g3 -DDEBUG -DUSE_HAL_DRIVER -DSTM32H7A3xxQ -c -I../Core/Inc -I../Drivers/STM32H7xx_HAL_Driver/Inc -I../Drivers/STM32H7xx_HAL_Driver/Inc/Legacy -I../Drivers/CMSIS/Device/ST/STM32H7xx/Include -I../Drivers/CMSIS/Include -O0 -ffunction-sections -fdata-sections -Wall -fstack-usage -fcyclomatic-complexity -MMD -MP -MF"Core/Src/main.d" -MT"Core/Src/main.o" --specs=nano.specs -mfpu=fpv5-d16 -mfloat-abi=hard -mthumb -o "Core/Src/main.o"
arm-none-eabi-gcc -o "bs.elf" @"objects.list"   -mcpu=cortex-m7 -T"D:\Project\smart_bookshelf\board_system\bs\STM32H7A3ZITXQ_FLASH.ld" --specs=nosys.specs -Wl,-Map="bs.map" -Wl,--gc-sections -static --specs=nano.specs -mfpu=fpv5-d16 -mfloat-abi=hard -mthumb -u _printf_float -Wl,--start-group -lc -lm -Wl,--end-group
Finished building target: bs.elf
 
arm-none-eabi-size   bs.elf 
arm-none-eabi-objdump -h -S  bs.elf  > "bs.list"
   text	   data	    bss	    dec	    hex	filename
  81976	    492	   5076	  87544	  155f8	bs.elf
Finished building: default.size.stdout
 
Finished building: bs.list
 
22:56:52 **** Incremental Build of configuration Debug for project bs ****
make -j16 all 
arm-none-eabi-gcc "../Core/Src/camera.c" -mcpu=cortex-m7 -std=gnu11 -g3 -DDEBUG -DUSE_HAL_DRIVER -DSTM32H7A3xxQ -c -I../Core/Inc -I../Drivers/STM32H7xx_HAL_Driver/Inc -I../Drivers/STM32H7xx_HAL_Driver/Inc/Legacy -I../Drivers/CMSIS/Device/ST/STM32H7xx/Include -I../Drivers/CMSIS/Include -O0 -ffunction-sections -fdata-sections -Wall -fstack-usage -fcyclomatic-complexity -MMD -MP -MF"Core/Src/camera.d" -MT"Core/Src/camera.o" --specs=nano.specs -mfpu=fpv5-d16 -mfloat-abi=hard -mthumb -o "Core/Src/camera.o"
arm-none-eabi-gcc -o "bs.elf" @"objects.list"   -mcpu=cortex-m7 -T"D:\Project\smart_bookshelf\board_system\bs\STM32H7A3ZITXQ_FLASH.ld" --specs=nosys.specs -Wl,-Map="bs.map" -Wl,--gc-sections -static --specs=nano.specs -mfpu=fpv5-d16 -mfloat-abi=hard -mthumb -u _printf_float -Wl,--start-group -lc -lm -Wl,--end-group
Finished building target: bs.elf
 
arm-none-eabi-size   bs.elf 
arm-none-eabi-objdump -h -S  bs.elf  > "bs.list"
   text	   data	    bss	    dec	    hex	filename
  81976	    492	   5076	  87544	  155f8	bs.elf
Finished building: default.size.stdout
 
Finished building: bs.list
 
22:58:40 **** Incremental Build of configuration Debug for project bs ****
make -j16 all 
arm-none-eabi-gcc "../Core/Src/camera.c" -mcpu=cortex-m7 -std=gnu11 -g3 -DDEBUG -DUSE_HAL_DRIVER -DSTM32H7A3xxQ -c -I../Core/Inc -I../Drivers/STM32H7xx_HAL_Driver/Inc -I../Drivers/STM32H7xx_HAL_Driver/Inc/Legacy -I../Drivers/CMSIS/Device/ST/STM32H7xx/Include -I../Drivers/CMSIS/Include -O0 -ffunction-sections -fdata-sections -Wall -fstack-usage -fcyclomatic-complexity -MMD -MP -MF"Core/Src/camera.d" -MT"Core/Src/camera.o" --specs=nano.specs -mfpu=fpv5-d16 -mfloat-abi=hard -mthumb -o "Core/Src/camera.o"
arm-none-eabi-gcc -o "bs.elf" @"objects.list"   -mcpu=cortex-m7 -T"D:\Project\smart_bookshelf\board_system\bs\STM32H7A3ZITXQ_FLASH.ld" --specs=nosys.specs -Wl,-Map="bs.map" -Wl,--gc-sections -static --specs=nano.specs -mfpu=fpv5-d16 -mfloat-abi=hard -mthumb -u _printf_float -Wl,--start-group -lc -lm -Wl,--end-group
Finished building target: bs.elf
 
arm-none-eabi-size   bs.elf 
arm-none-eabi-objdump -h -S  bs.elf  > "bs.list"
   text	   data	    bss	    dec	    hex	filename
  81984	    492	   5076	  87552	  15600	bs.elf
Finished building: default.size.stdout
 
Finished building: bs.list
 
00:25:38 **** Incremental Build of configuration Debug for project bs ****
make -j16 all 
arm-none-eabi-gcc "../Core/Src/callback.c" -mcpu=cortex-m7 -std=gnu11 -g3 -DDEBUG -DUSE_HAL_DRIVER -DSTM32H7A3xxQ -c -I../Core/Inc -I../Drivers/STM32H7xx_HAL_Driver/Inc -I../Drivers/STM32H7xx_HAL_Driver/Inc/Legacy -I../Drivers/CMSIS/Device/ST/STM32H7xx/Include -I../Drivers/CMSIS/Include -O0 -ffunction-sections -fdata-sections -Wall -fstack-usage -fcyclomatic-complexity -MMD -MP -MF"Core/Src/callback.d" -MT"Core/Src/callback.o" --specs=nano.specs -mfpu=fpv5-d16 -mfloat-abi=hard -mthumb -o "Core/Src/callback.o"
arm-none-eabi-gcc "../Core/Src/camera.c" -mcpu=cortex-m7 -std=gnu11 -g3 -DDEBUG -DUSE_HAL_DRIVER -DSTM32H7A3xxQ -c -I../Core/Inc -I../Drivers/STM32H7xx_HAL_Driver/Inc -I../Drivers/STM32H7xx_HAL_Driver/Inc/Legacy -I../Drivers/CMSIS/Device/ST/STM32H7xx/Include -I../Drivers/CMSIS/Include -O0 -ffunction-sections -fdata-sections -Wall -fstack-usage -fcyclomatic-complexity -MMD -MP -MF"Core/Src/camera.d" -MT"Core/Src/camera.o" --specs=nano.specs -mfpu=fpv5-d16 -mfloat-abi=hard -mthumb -o "Core/Src/camera.o"
../Core/Src/camera.c: In function 'Camera_Take':
../Core/Src/camera.c:25:7: warning: suggest parentheses around assignment used as truth value [-Wparentheses]
   25 |   if (camera->count = 0)
      |       ^~~~~~
arm-none-eabi-gcc -o "bs.elf" @"objects.list"   -mcpu=cortex-m7 -T"D:\Project\smart_bookshelf\board_system\bs\STM32H7A3ZITXQ_FLASH.ld" --specs=nosys.specs -Wl,-Map="bs.map" -Wl,--gc-sections -static --specs=nano.specs -mfpu=fpv5-d16 -mfloat-abi=hard -mthumb -u _printf_float -Wl,--start-group -lc -lm -Wl,--end-group
Finished building target: bs.elf
 
arm-none-eabi-size   bs.elf 
arm-none-eabi-objdump -h -S  bs.elf  > "bs.list"
   text	   data	    bss	    dec	    hex	filename
  81664	    492	   5076	  87232	  154c0	bs.elf
Finished building: default.size.stdout
 
Finished building: bs.list
 
00:31:20 **** Incremental Build of configuration Debug for project bs ****
make -j16 all 
arm-none-eabi-gcc "../Core/Src/camera.c" -mcpu=cortex-m7 -std=gnu11 -g3 -DDEBUG -DUSE_HAL_DRIVER -DSTM32H7A3xxQ -c -I../Core/Inc -I../Drivers/STM32H7xx_HAL_Driver/Inc -I../Drivers/STM32H7xx_HAL_Driver/Inc/Legacy -I../Drivers/CMSIS/Device/ST/STM32H7xx/Include -I../Drivers/CMSIS/Include -O0 -ffunction-sections -fdata-sections -Wall -fstack-usage -fcyclomatic-complexity -MMD -MP -MF"Core/Src/camera.d" -MT"Core/Src/camera.o" --specs=nano.specs -mfpu=fpv5-d16 -mfloat-abi=hard -mthumb -o "Core/Src/camera.o"
arm-none-eabi-gcc "../Core/Src/main.c" -mcpu=cortex-m7 -std=gnu11 -g3 -DDEBUG -DUSE_HAL_DRIVER -DSTM32H7A3xxQ -c -I../Core/Inc -I../Drivers/STM32H7xx_HAL_Driver/Inc -I../Drivers/STM32H7xx_HAL_Driver/Inc/Legacy -I../Drivers/CMSIS/Device/ST/STM32H7xx/Include -I../Drivers/CMSIS/Include -O0 -ffunction-sections -fdata-sections -Wall -fstack-usage -fcyclomatic-complexity -MMD -MP -MF"Core/Src/main.d" -MT"Core/Src/main.o" --specs=nano.specs -mfpu=fpv5-d16 -mfloat-abi=hard -mthumb -o "Core/Src/main.o"
arm-none-eabi-gcc -o "bs.elf" @"objects.list"   -mcpu=cortex-m7 -T"D:\Project\smart_bookshelf\board_system\bs\STM32H7A3ZITXQ_FLASH.ld" --specs=nosys.specs -Wl,-Map="bs.map" -Wl,--gc-sections -static --specs=nano.specs -mfpu=fpv5-d16 -mfloat-abi=hard -mthumb -u _printf_float -Wl,--start-group -lc -lm -Wl,--end-group
Finished building target: bs.elf
 
arm-none-eabi-size   bs.elf 
arm-none-eabi-objdump -h -S  bs.elf  > "bs.list"
   text	   data	    bss	    dec	    hex	filename
  81976	    492	   5076	  87544	  155f8	bs.elf
Finished building: default.size.stdout
 
Finished building: bs.list
 
03:43:17 **** Incremental Build of configuration Debug for project bs ****
make -j16 all 
arm-none-eabi-gcc "../Core/Src/adc.c" -mcpu=cortex-m7 -std=gnu11 -g3 -DDEBUG -DUSE_HAL_DRIVER -DSTM32H7A3xxQ -c -I../Core/Inc -I../Drivers/STM32H7xx_HAL_Driver/Inc -I../Drivers/STM32H7xx_HAL_Driver/Inc/Legacy -I../Drivers/CMSIS/Device/ST/STM32H7xx/Include -I../Drivers/CMSIS/Include -O0 -ffunction-sections -fdata-sections -Wall -fstack-usage -fcyclomatic-complexity -MMD -MP -MF"Core/Src/adc.d" -MT"Core/Src/adc.o" --specs=nano.specs -mfpu=fpv5-d16 -mfloat-abi=hard -mthumb -o "Core/Src/adc.o"
arm-none-eabi-gcc "../Core/Src/callback.c" -mcpu=cortex-m7 -std=gnu11 -g3 -DDEBUG -DUSE_HAL_DRIVER -DSTM32H7A3xxQ -c -I../Core/Inc -I../Drivers/STM32H7xx_HAL_Driver/Inc -I../Drivers/STM32H7xx_HAL_Driver/Inc/Legacy -I../Drivers/CMSIS/Device/ST/STM32H7xx/Include -I../Drivers/CMSIS/Include -O0 -ffunction-sections -fdata-sections -Wall -fstack-usage -fcyclomatic-complexity -MMD -MP -MF"Core/Src/callback.d" -MT"Core/Src/callback.o" --specs=nano.specs -mfpu=fpv5-d16 -mfloat-abi=hard -mthumb -o "Core/Src/callback.o"
arm-none-eabi-gcc "../Core/Src/camera.c" -mcpu=cortex-m7 -std=gnu11 -g3 -DDEBUG -DUSE_HAL_DRIVER -DSTM32H7A3xxQ -c -I../Core/Inc -I../Drivers/STM32H7xx_HAL_Driver/Inc -I../Drivers/STM32H7xx_HAL_Driver/Inc/Legacy -I../Drivers/CMSIS/Device/ST/STM32H7xx/Include -I../Drivers/CMSIS/Include -O0 -ffunction-sections -fdata-sections -Wall -fstack-usage -fcyclomatic-complexity -MMD -MP -MF"Core/Src/camera.d" -MT"Core/Src/camera.o" --specs=nano.specs -mfpu=fpv5-d16 -mfloat-abi=hard -mthumb -o "Core/Src/camera.o"
arm-none-eabi-gcc "../Core/Src/dma.c" -mcpu=cortex-m7 -std=gnu11 -g3 -DDEBUG -DUSE_HAL_DRIVER -DSTM32H7A3xxQ -c -I../Core/Inc -I../Drivers/STM32H7xx_HAL_Driver/Inc -I../Drivers/STM32H7xx_HAL_Driver/Inc/Legacy -I../Drivers/CMSIS/Device/ST/STM32H7xx/Include -I../Drivers/CMSIS/Include -O0 -ffunction-sections -fdata-sections -Wall -fstack-usage -fcyclomatic-complexity -MMD -MP -MF"Core/Src/dma.d" -MT"Core/Src/dma.o" --specs=nano.specs -mfpu=fpv5-d16 -mfloat-abi=hard -mthumb -o "Core/Src/dma.o"
arm-none-eabi-gcc "../Core/Src/gpio.c" -mcpu=cortex-m7 -std=gnu11 -g3 -DDEBUG -DUSE_HAL_DRIVER -DSTM32H7A3xxQ -c -I../Core/Inc -I../Drivers/STM32H7xx_HAL_Driver/Inc -I../Drivers/STM32H7xx_HAL_Driver/Inc/Legacy -I../Drivers/CMSIS/Device/ST/STM32H7xx/Include -I../Drivers/CMSIS/Include -O0 -ffunction-sections -fdata-sections -Wall -fstack-usage -fcyclomatic-complexity -MMD -MP -MF"Core/Src/gpio.d" -MT"Core/Src/gpio.o" --specs=nano.specs -mfpu=fpv5-d16 -mfloat-abi=hard -mthumb -o "Core/Src/gpio.o"
arm-none-eabi-gcc "../Core/Src/i2c.c" -mcpu=cortex-m7 -std=gnu11 -g3 -DDEBUG -DUSE_HAL_DRIVER -DSTM32H7A3xxQ -c -I../Core/Inc -I../Drivers/STM32H7xx_HAL_Driver/Inc -I../Drivers/STM32H7xx_HAL_Driver/Inc/Legacy -I../Drivers/CMSIS/Device/ST/STM32H7xx/Include -I../Drivers/CMSIS/Include -O0 -ffunction-sections -fdata-sections -Wall -fstack-usage -fcyclomatic-complexity -MMD -MP -MF"Core/Src/i2c.d" -MT"Core/Src/i2c.o" --specs=nano.specs -mfpu=fpv5-d16 -mfloat-abi=hard -mthumb -o "Core/Src/i2c.o"
arm-none-eabi-gcc "../Core/Src/led_control.c" -mcpu=cortex-m7 -std=gnu11 -g3 -DDEBUG -DUSE_HAL_DRIVER -DSTM32H7A3xxQ -c -I../Core/Inc -I../Drivers/STM32H7xx_HAL_Driver/Inc -I../Drivers/STM32H7xx_HAL_Driver/Inc/Legacy -I../Drivers/CMSIS/Device/ST/STM32H7xx/Include -I../Drivers/CMSIS/Include -O0 -ffunction-sections -fdata-sections -Wall -fstack-usage -fcyclomatic-complexity -MMD -MP -MF"Core/Src/led_control.d" -MT"Core/Src/led_control.o" --specs=nano.specs -mfpu=fpv5-d16 -mfloat-abi=hard -mthumb -o "Core/Src/led_control.o"
arm-none-eabi-gcc "../Core/Src/main.c" -mcpu=cortex-m7 -std=gnu11 -g3 -DDEBUG -DUSE_HAL_DRIVER -DSTM32H7A3xxQ -c -I../Core/Inc -I../Drivers/STM32H7xx_HAL_Driver/Inc -I../Drivers/STM32H7xx_HAL_Driver/Inc/Legacy -I../Drivers/CMSIS/Device/ST/STM32H7xx/Include -I../Drivers/CMSIS/Include -O0 -ffunction-sections -fdata-sections -Wall -fstack-usage -fcyclomatic-complexity -MMD -MP -MF"Core/Src/main.d" -MT"Core/Src/main.o" --specs=nano.specs -mfpu=fpv5-d16 -mfloat-abi=hard -mthumb -o "Core/Src/main.o"
arm-none-eabi-gcc "../Core/Src/oled.c" -mcpu=cortex-m7 -std=gnu11 -g3 -DDEBUG -DUSE_HAL_DRIVER -DSTM32H7A3xxQ -c -I../Core/Inc -I../Drivers/STM32H7xx_HAL_Driver/Inc -I../Drivers/STM32H7xx_HAL_Driver/Inc/Legacy -I../Drivers/CMSIS/Device/ST/STM32H7xx/Include -I../Drivers/CMSIS/Include -O0 -ffunction-sections -fdata-sections -Wall -fstack-usage -fcyclomatic-complexity -MMD -MP -MF"Core/Src/oled.d" -MT"Core/Src/oled.o" --specs=nano.specs -mfpu=fpv5-d16 -mfloat-abi=hard -mthumb -o "Core/Src/oled.o"
arm-none-eabi-gcc "../Core/Src/pressure.c" -mcpu=cortex-m7 -std=gnu11 -g3 -DDEBUG -DUSE_HAL_DRIVER -DSTM32H7A3xxQ -c -I../Core/Inc -I../Drivers/STM32H7xx_HAL_Driver/Inc -I../Drivers/STM32H7xx_HAL_Driver/Inc/Legacy -I../Drivers/CMSIS/Device/ST/STM32H7xx/Include -I../Drivers/CMSIS/Include -O0 -ffunction-sections -fdata-sections -Wall -fstack-usage -fcyclomatic-complexity -MMD -MP -MF"Core/Src/pressure.d" -MT"Core/Src/pressure.o" --specs=nano.specs -mfpu=fpv5-d16 -mfloat-abi=hard -mthumb -o "Core/Src/pressure.o"
arm-none-eabi-gcc "../Core/Src/stm32h7xx_hal_msp.c" -mcpu=cortex-m7 -std=gnu11 -g3 -DDEBUG -DUSE_HAL_DRIVER -DSTM32H7A3xxQ -c -I../Core/Inc -I../Drivers/STM32H7xx_HAL_Driver/Inc -I../Drivers/STM32H7xx_HAL_Driver/Inc/Legacy -I../Drivers/CMSIS/Device/ST/STM32H7xx/Include -I../Drivers/CMSIS/Include -O0 -ffunction-sections -fdata-sections -Wall -fstack-usage -fcyclomatic-complexity -MMD -MP -MF"Core/Src/stm32h7xx_hal_msp.d" -MT"Core/Src/stm32h7xx_hal_msp.o" --specs=nano.specs -mfpu=fpv5-d16 -mfloat-abi=hard -mthumb -o "Core/Src/stm32h7xx_hal_msp.o"
arm-none-eabi-gcc "../Core/Src/stm32h7xx_it.c" -mcpu=cortex-m7 -std=gnu11 -g3 -DDEBUG -DUSE_HAL_DRIVER -DSTM32H7A3xxQ -c -I../Core/Inc -I../Drivers/STM32H7xx_HAL_Driver/Inc -I../Drivers/STM32H7xx_HAL_Driver/Inc/Legacy -I../Drivers/CMSIS/Device/ST/STM32H7xx/Include -I../Drivers/CMSIS/Include -O0 -ffunction-sections -fdata-sections -Wall -fstack-usage -fcyclomatic-complexity -MMD -MP -MF"Core/Src/stm32h7xx_it.d" -MT"Core/Src/stm32h7xx_it.o" --specs=nano.specs -mfpu=fpv5-d16 -mfloat-abi=hard -mthumb -o "Core/Src/stm32h7xx_it.o"
arm-none-eabi-gcc "../Core/Src/tim.c" -mcpu=cortex-m7 -std=gnu11 -g3 -DDEBUG -DUSE_HAL_DRIVER -DSTM32H7A3xxQ -c -I../Core/Inc -I../Drivers/STM32H7xx_HAL_Driver/Inc -I../Drivers/STM32H7xx_HAL_Driver/Inc/Legacy -I../Drivers/CMSIS/Device/ST/STM32H7xx/Include -I../Drivers/CMSIS/Include -O0 -ffunction-sections -fdata-sections -Wall -fstack-usage -fcyclomatic-complexity -MMD -MP -MF"Core/Src/tim.d" -MT"Core/Src/tim.o" --specs=nano.specs -mfpu=fpv5-d16 -mfloat-abi=hard -mthumb -o "Core/Src/tim.o"
arm-none-eabi-gcc "../Core/Src/usart.c" -mcpu=cortex-m7 -std=gnu11 -g3 -DDEBUG -DUSE_HAL_DRIVER -DSTM32H7A3xxQ -c -I../Core/Inc -I../Drivers/STM32H7xx_HAL_Driver/Inc -I../Drivers/STM32H7xx_HAL_Driver/Inc/Legacy -I../Drivers/CMSIS/Device/ST/STM32H7xx/Include -I../Drivers/CMSIS/Include -O0 -ffunction-sections -fdata-sections -Wall -fstack-usage -fcyclomatic-complexity -MMD -MP -MF"Core/Src/usart.d" -MT"Core/Src/usart.o" --specs=nano.specs -mfpu=fpv5-d16 -mfloat-abi=hard -mthumb -o "Core/Src/usart.o"
arm-none-eabi-gcc "../Core/Src/usb_otg.c" -mcpu=cortex-m7 -std=gnu11 -g3 -DDEBUG -DUSE_HAL_DRIVER -DSTM32H7A3xxQ -c -I../Core/Inc -I../Drivers/STM32H7xx_HAL_Driver/Inc -I../Drivers/STM32H7xx_HAL_Driver/Inc/Legacy -I../Drivers/CMSIS/Device/ST/STM32H7xx/Include -I../Drivers/CMSIS/Include -O0 -ffunction-sections -fdata-sections -Wall -fstack-usage -fcyclomatic-complexity -MMD -MP -MF"Core/Src/usb_otg.d" -MT"Core/Src/usb_otg.o" --specs=nano.specs -mfpu=fpv5-d16 -mfloat-abi=hard -mthumb -o "Core/Src/usb_otg.o"
arm-none-eabi-gcc "../Core/Src/utils.c" -mcpu=cortex-m7 -std=gnu11 -g3 -DDEBUG -DUSE_HAL_DRIVER -DSTM32H7A3xxQ -c -I../Core/Inc -I../Drivers/STM32H7xx_HAL_Driver/Inc -I../Drivers/STM32H7xx_HAL_Driver/Inc/Legacy -I../Drivers/CMSIS/Device/ST/STM32H7xx/Include -I../Drivers/CMSIS/Include -O0 -ffunction-sections -fdata-sections -Wall -fstack-usage -fcyclomatic-complexity -MMD -MP -MF"Core/Src/utils.d" -MT"Core/Src/utils.o" --specs=nano.specs -mfpu=fpv5-d16 -mfloat-abi=hard -mthumb -o "Core/Src/utils.o"
../Core/Src/oled.c: In function 'DrawBG':
../Core/Src/oled.c:261:25: warning: passing argument 5 of 'OLED_DrawBMP' discards 'const' qualifier from pointer target type [-Wdiscarded-qualifiers]
  261 |  OLED_DrawBMP(0,0,128,8,gImage_1);
      |                         ^~~~~~~~
../Core/Src/oled.c:206:103: note: expected 'unsigned char *' but argument is of type 'const unsigned char *'
  206 | void OLED_DrawBMP(unsigned char x0, unsigned char y0,unsigned char x1, unsigned char y1,unsigned char BMP[])
      |                                                                                         ~~~~~~~~~~~~~~^~~~~
../Core/Src/oled.c: In function 'DrawMouch':
../Core/Src/oled.c:264:30: warning: passing argument 5 of 'OLED_DrawBMP' discards 'const' qualifier from pointer target type [-Wdiscarded-qualifiers]
  264 |  OLED_DrawBMP(54,3,74,5,mouch[id]);
      |                         ~~~~~^~~~
../Core/Src/oled.c:206:103: note: expected 'unsigned char *' but argument is of type 'const unsigned char *'
  206 | void OLED_DrawBMP(unsigned char x0, unsigned char y0,unsigned char x1, unsigned char y1,unsigned char BMP[])
      |                                                                                         ~~~~~~~~~~~~~~^~~~~
../Core/Src/oled.c: In function 'DrawPosition':
../Core/Src/oled.c:267:2: warning: implicit declaration of function 'OLED_ShowNum' [-Wimplicit-function-declaration]
  267 |  OLED_ShowNum(80,6,x,1,16);
      |  ^~~~~~~~~~~~
../Core/Src/oled.c: In function 'DrawText':
../Core/Src/oled.c:271:28: warning: passing argument 5 of 'OLED_DrawBMP' discards 'const' qualifier from pointer target type [-Wdiscarded-qualifiers]
  271 |  OLED_DrawBMP(30,6,94,8,txt[typ]);
      |                         ~~~^~~~~
../Core/Src/oled.c:206:103: note: expected 'unsigned char *' but argument is of type 'const unsigned char *'
  206 | void OLED_DrawBMP(unsigned char x0, unsigned char y0,unsigned char x1, unsigned char y1,unsigned char BMP[])
      |                                                                                         ~~~~~~~~~~~~~~^~~~~
../Core/Src/utils.c: In function 'parseStringToArray':
../Core/Src/utils.c:29:15: warning: comparison between pointer and integer
   29 |     if (count != 1)
      |               ^~
arm-none-eabi-gcc -o "bs.elf" @"objects.list"   -mcpu=cortex-m7 -T"D:\Project\smart_bookshelf\board_system\bs\STM32H7A3ZITXQ_FLASH.ld" --specs=nosys.specs -Wl,-Map="bs.map" -Wl,--gc-sections -static --specs=nano.specs -mfpu=fpv5-d16 -mfloat-abi=hard -mthumb -u _printf_float -Wl,--start-group -lc -lm -Wl,--end-group
Finished building target: bs.elf
 
arm-none-eabi-size   bs.elf 
arm-none-eabi-objdump -h -S  bs.elf  > "bs.list"
   text	   data	    bss	    dec	    hex	filename
  82024	    492	   4180	  86696	  152a8	bs.elf
Finished building: default.size.stdout
 
Finished building: bs.list
 
03:55:07 **** Incremental Build of configuration Debug for project bs ****
make -j16 all 
arm-none-eabi-gcc "../Core/Src/adc.c" -mcpu=cortex-m7 -std=gnu11 -g3 -DDEBUG -DUSE_HAL_DRIVER -DSTM32H7A3xxQ -c -I../Core/Inc -I../Drivers/STM32H7xx_HAL_Driver/Inc -I../Drivers/STM32H7xx_HAL_Driver/Inc/Legacy -I../Drivers/CMSIS/Device/ST/STM32H7xx/Include -I../Drivers/CMSIS/Include -O0 -ffunction-sections -fdata-sections -Wall -fstack-usage -fcyclomatic-complexity -MMD -MP -MF"Core/Src/adc.d" -MT"Core/Src/adc.o" --specs=nano.specs -mfpu=fpv5-d16 -mfloat-abi=hard -mthumb -o "Core/Src/adc.o"
arm-none-eabi-gcc "../Core/Src/callback.c" -mcpu=cortex-m7 -std=gnu11 -g3 -DDEBUG -DUSE_HAL_DRIVER -DSTM32H7A3xxQ -c -I../Core/Inc -I../Drivers/STM32H7xx_HAL_Driver/Inc -I../Drivers/STM32H7xx_HAL_Driver/Inc/Legacy -I../Drivers/CMSIS/Device/ST/STM32H7xx/Include -I../Drivers/CMSIS/Include -O0 -ffunction-sections -fdata-sections -Wall -fstack-usage -fcyclomatic-complexity -MMD -MP -MF"Core/Src/callback.d" -MT"Core/Src/callback.o" --specs=nano.specs -mfpu=fpv5-d16 -mfloat-abi=hard -mthumb -o "Core/Src/callback.o"
arm-none-eabi-gcc "../Core/Src/camera.c" -mcpu=cortex-m7 -std=gnu11 -g3 -DDEBUG -DUSE_HAL_DRIVER -DSTM32H7A3xxQ -c -I../Core/Inc -I../Drivers/STM32H7xx_HAL_Driver/Inc -I../Drivers/STM32H7xx_HAL_Driver/Inc/Legacy -I../Drivers/CMSIS/Device/ST/STM32H7xx/Include -I../Drivers/CMSIS/Include -O0 -ffunction-sections -fdata-sections -Wall -fstack-usage -fcyclomatic-complexity -MMD -MP -MF"Core/Src/camera.d" -MT"Core/Src/camera.o" --specs=nano.specs -mfpu=fpv5-d16 -mfloat-abi=hard -mthumb -o "Core/Src/camera.o"
arm-none-eabi-gcc "../Core/Src/dma.c" -mcpu=cortex-m7 -std=gnu11 -g3 -DDEBUG -DUSE_HAL_DRIVER -DSTM32H7A3xxQ -c -I../Core/Inc -I../Drivers/STM32H7xx_HAL_Driver/Inc -I../Drivers/STM32H7xx_HAL_Driver/Inc/Legacy -I../Drivers/CMSIS/Device/ST/STM32H7xx/Include -I../Drivers/CMSIS/Include -O0 -ffunction-sections -fdata-sections -Wall -fstack-usage -fcyclomatic-complexity -MMD -MP -MF"Core/Src/dma.d" -MT"Core/Src/dma.o" --specs=nano.specs -mfpu=fpv5-d16 -mfloat-abi=hard -mthumb -o "Core/Src/dma.o"
arm-none-eabi-gcc "../Core/Src/gpio.c" -mcpu=cortex-m7 -std=gnu11 -g3 -DDEBUG -DUSE_HAL_DRIVER -DSTM32H7A3xxQ -c -I../Core/Inc -I../Drivers/STM32H7xx_HAL_Driver/Inc -I../Drivers/STM32H7xx_HAL_Driver/Inc/Legacy -I../Drivers/CMSIS/Device/ST/STM32H7xx/Include -I../Drivers/CMSIS/Include -O0 -ffunction-sections -fdata-sections -Wall -fstack-usage -fcyclomatic-complexity -MMD -MP -MF"Core/Src/gpio.d" -MT"Core/Src/gpio.o" --specs=nano.specs -mfpu=fpv5-d16 -mfloat-abi=hard -mthumb -o "Core/Src/gpio.o"
arm-none-eabi-gcc "../Core/Src/i2c.c" -mcpu=cortex-m7 -std=gnu11 -g3 -DDEBUG -DUSE_HAL_DRIVER -DSTM32H7A3xxQ -c -I../Core/Inc -I../Drivers/STM32H7xx_HAL_Driver/Inc -I../Drivers/STM32H7xx_HAL_Driver/Inc/Legacy -I../Drivers/CMSIS/Device/ST/STM32H7xx/Include -I../Drivers/CMSIS/Include -O0 -ffunction-sections -fdata-sections -Wall -fstack-usage -fcyclomatic-complexity -MMD -MP -MF"Core/Src/i2c.d" -MT"Core/Src/i2c.o" --specs=nano.specs -mfpu=fpv5-d16 -mfloat-abi=hard -mthumb -o "Core/Src/i2c.o"
arm-none-eabi-gcc "../Core/Src/led_control.c" -mcpu=cortex-m7 -std=gnu11 -g3 -DDEBUG -DUSE_HAL_DRIVER -DSTM32H7A3xxQ -c -I../Core/Inc -I../Drivers/STM32H7xx_HAL_Driver/Inc -I../Drivers/STM32H7xx_HAL_Driver/Inc/Legacy -I../Drivers/CMSIS/Device/ST/STM32H7xx/Include -I../Drivers/CMSIS/Include -O0 -ffunction-sections -fdata-sections -Wall -fstack-usage -fcyclomatic-complexity -MMD -MP -MF"Core/Src/led_control.d" -MT"Core/Src/led_control.o" --specs=nano.specs -mfpu=fpv5-d16 -mfloat-abi=hard -mthumb -o "Core/Src/led_control.o"
arm-none-eabi-gcc "../Core/Src/main.c" -mcpu=cortex-m7 -std=gnu11 -g3 -DDEBUG -DUSE_HAL_DRIVER -DSTM32H7A3xxQ -c -I../Core/Inc -I../Drivers/STM32H7xx_HAL_Driver/Inc -I../Drivers/STM32H7xx_HAL_Driver/Inc/Legacy -I../Drivers/CMSIS/Device/ST/STM32H7xx/Include -I../Drivers/CMSIS/Include -O0 -ffunction-sections -fdata-sections -Wall -fstack-usage -fcyclomatic-complexity -MMD -MP -MF"Core/Src/main.d" -MT"Core/Src/main.o" --specs=nano.specs -mfpu=fpv5-d16 -mfloat-abi=hard -mthumb -o "Core/Src/main.o"
arm-none-eabi-gcc "../Core/Src/oled.c" -mcpu=cortex-m7 -std=gnu11 -g3 -DDEBUG -DUSE_HAL_DRIVER -DSTM32H7A3xxQ -c -I../Core/Inc -I../Drivers/STM32H7xx_HAL_Driver/Inc -I../Drivers/STM32H7xx_HAL_Driver/Inc/Legacy -I../Drivers/CMSIS/Device/ST/STM32H7xx/Include -I../Drivers/CMSIS/Include -O0 -ffunction-sections -fdata-sections -Wall -fstack-usage -fcyclomatic-complexity -MMD -MP -MF"Core/Src/oled.d" -MT"Core/Src/oled.o" --specs=nano.specs -mfpu=fpv5-d16 -mfloat-abi=hard -mthumb -o "Core/Src/oled.o"
arm-none-eabi-gcc "../Core/Src/pressure.c" -mcpu=cortex-m7 -std=gnu11 -g3 -DDEBUG -DUSE_HAL_DRIVER -DSTM32H7A3xxQ -c -I../Core/Inc -I../Drivers/STM32H7xx_HAL_Driver/Inc -I../Drivers/STM32H7xx_HAL_Driver/Inc/Legacy -I../Drivers/CMSIS/Device/ST/STM32H7xx/Include -I../Drivers/CMSIS/Include -O0 -ffunction-sections -fdata-sections -Wall -fstack-usage -fcyclomatic-complexity -MMD -MP -MF"Core/Src/pressure.d" -MT"Core/Src/pressure.o" --specs=nano.specs -mfpu=fpv5-d16 -mfloat-abi=hard -mthumb -o "Core/Src/pressure.o"
arm-none-eabi-gcc "../Core/Src/stm32h7xx_hal_msp.c" -mcpu=cortex-m7 -std=gnu11 -g3 -DDEBUG -DUSE_HAL_DRIVER -DSTM32H7A3xxQ -c -I../Core/Inc -I../Drivers/STM32H7xx_HAL_Driver/Inc -I../Drivers/STM32H7xx_HAL_Driver/Inc/Legacy -I../Drivers/CMSIS/Device/ST/STM32H7xx/Include -I../Drivers/CMSIS/Include -O0 -ffunction-sections -fdata-sections -Wall -fstack-usage -fcyclomatic-complexity -MMD -MP -MF"Core/Src/stm32h7xx_hal_msp.d" -MT"Core/Src/stm32h7xx_hal_msp.o" --specs=nano.specs -mfpu=fpv5-d16 -mfloat-abi=hard -mthumb -o "Core/Src/stm32h7xx_hal_msp.o"
arm-none-eabi-gcc "../Core/Src/stm32h7xx_it.c" -mcpu=cortex-m7 -std=gnu11 -g3 -DDEBUG -DUSE_HAL_DRIVER -DSTM32H7A3xxQ -c -I../Core/Inc -I../Drivers/STM32H7xx_HAL_Driver/Inc -I../Drivers/STM32H7xx_HAL_Driver/Inc/Legacy -I../Drivers/CMSIS/Device/ST/STM32H7xx/Include -I../Drivers/CMSIS/Include -O0 -ffunction-sections -fdata-sections -Wall -fstack-usage -fcyclomatic-complexity -MMD -MP -MF"Core/Src/stm32h7xx_it.d" -MT"Core/Src/stm32h7xx_it.o" --specs=nano.specs -mfpu=fpv5-d16 -mfloat-abi=hard -mthumb -o "Core/Src/stm32h7xx_it.o"
arm-none-eabi-gcc "../Core/Src/tim.c" -mcpu=cortex-m7 -std=gnu11 -g3 -DDEBUG -DUSE_HAL_DRIVER -DSTM32H7A3xxQ -c -I../Core/Inc -I../Drivers/STM32H7xx_HAL_Driver/Inc -I../Drivers/STM32H7xx_HAL_Driver/Inc/Legacy -I../Drivers/CMSIS/Device/ST/STM32H7xx/Include -I../Drivers/CMSIS/Include -O0 -ffunction-sections -fdata-sections -Wall -fstack-usage -fcyclomatic-complexity -MMD -MP -MF"Core/Src/tim.d" -MT"Core/Src/tim.o" --specs=nano.specs -mfpu=fpv5-d16 -mfloat-abi=hard -mthumb -o "Core/Src/tim.o"
arm-none-eabi-gcc "../Core/Src/usart.c" -mcpu=cortex-m7 -std=gnu11 -g3 -DDEBUG -DUSE_HAL_DRIVER -DSTM32H7A3xxQ -c -I../Core/Inc -I../Drivers/STM32H7xx_HAL_Driver/Inc -I../Drivers/STM32H7xx_HAL_Driver/Inc/Legacy -I../Drivers/CMSIS/Device/ST/STM32H7xx/Include -I../Drivers/CMSIS/Include -O0 -ffunction-sections -fdata-sections -Wall -fstack-usage -fcyclomatic-complexity -MMD -MP -MF"Core/Src/usart.d" -MT"Core/Src/usart.o" --specs=nano.specs -mfpu=fpv5-d16 -mfloat-abi=hard -mthumb -o "Core/Src/usart.o"
arm-none-eabi-gcc "../Core/Src/usb_otg.c" -mcpu=cortex-m7 -std=gnu11 -g3 -DDEBUG -DUSE_HAL_DRIVER -DSTM32H7A3xxQ -c -I../Core/Inc -I../Drivers/STM32H7xx_HAL_Driver/Inc -I../Drivers/STM32H7xx_HAL_Driver/Inc/Legacy -I../Drivers/CMSIS/Device/ST/STM32H7xx/Include -I../Drivers/CMSIS/Include -O0 -ffunction-sections -fdata-sections -Wall -fstack-usage -fcyclomatic-complexity -MMD -MP -MF"Core/Src/usb_otg.d" -MT"Core/Src/usb_otg.o" --specs=nano.specs -mfpu=fpv5-d16 -mfloat-abi=hard -mthumb -o "Core/Src/usb_otg.o"
arm-none-eabi-gcc "../Core/Src/utils.c" -mcpu=cortex-m7 -std=gnu11 -g3 -DDEBUG -DUSE_HAL_DRIVER -DSTM32H7A3xxQ -c -I../Core/Inc -I../Drivers/STM32H7xx_HAL_Driver/Inc -I../Drivers/STM32H7xx_HAL_Driver/Inc/Legacy -I../Drivers/CMSIS/Device/ST/STM32H7xx/Include -I../Drivers/CMSIS/Include -O0 -ffunction-sections -fdata-sections -Wall -fstack-usage -fcyclomatic-complexity -MMD -MP -MF"Core/Src/utils.d" -MT"Core/Src/utils.o" --specs=nano.specs -mfpu=fpv5-d16 -mfloat-abi=hard -mthumb -o "Core/Src/utils.o"
../Core/Src/oled.c: In function 'DrawBG':
../Core/Src/oled.c:261:25: warning: passing argument 5 of 'OLED_DrawBMP' discards 'const' qualifier from pointer target type [-Wdiscarded-qualifiers]
  261 |  OLED_DrawBMP(0,0,128,8,gImage_1);
      |                         ^~~~~~~~
../Core/Src/oled.c:206:103: note: expected 'unsigned char *' but argument is of type 'const unsigned char *'
  206 | void OLED_DrawBMP(unsigned char x0, unsigned char y0,unsigned char x1, unsigned char y1,unsigned char BMP[])
      |                                                                                         ~~~~~~~~~~~~~~^~~~~
../Core/Src/oled.c: In function 'DrawMouch':
../Core/Src/oled.c:264:30: warning: passing argument 5 of 'OLED_DrawBMP' discards 'const' qualifier from pointer target type [-Wdiscarded-qualifiers]
  264 |  OLED_DrawBMP(54,3,74,5,mouch[id]);
      |                         ~~~~~^~~~
../Core/Src/oled.c:206:103: note: expected 'unsigned char *' but argument is of type 'const unsigned char *'
  206 | void OLED_DrawBMP(unsigned char x0, unsigned char y0,unsigned char x1, unsigned char y1,unsigned char BMP[])
      |                                                                                         ~~~~~~~~~~~~~~^~~~~
../Core/Src/oled.c: In function 'DrawPosition':
../Core/Src/oled.c:267:2: warning: implicit declaration of function 'OLED_ShowNum' [-Wimplicit-function-declaration]
  267 |  OLED_ShowNum(80,6,x,1,16);
      |  ^~~~~~~~~~~~
../Core/Src/oled.c: In function 'DrawText':
../Core/Src/oled.c:271:28: warning: passing argument 5 of 'OLED_DrawBMP' discards 'const' qualifier from pointer target type [-Wdiscarded-qualifiers]
  271 |  OLED_DrawBMP(30,6,94,8,txt[typ]);
      |                         ~~~^~~~~
../Core/Src/oled.c:206:103: note: expected 'unsigned char *' but argument is of type 'const unsigned char *'
  206 | void OLED_DrawBMP(unsigned char x0, unsigned char y0,unsigned char x1, unsigned char y1,unsigned char BMP[])
      |                                                                                         ~~~~~~~~~~~~~~^~~~~
../Core/Src/utils.c: In function 'parseStringToArray':
../Core/Src/utils.c:29:15: warning: comparison between pointer and integer
   29 |     if (count != 1)
      |               ^~
arm-none-eabi-gcc -o "bs.elf" @"objects.list"   -mcpu=cortex-m7 -T"D:\Project\smart_bookshelf\board_system\bs\STM32H7A3ZITXQ_FLASH.ld" --specs=nosys.specs -Wl,-Map="bs.map" -Wl,--gc-sections -static --specs=nano.specs -mfpu=fpv5-d16 -mfloat-abi=hard -mthumb -u _printf_float -Wl,--start-group -lc -lm -Wl,--end-group
Finished building target: bs.elf
 
arm-none-eabi-size   bs.elf 
arm-none-eabi-objdump -h -S  bs.elf  > "bs.list"
   text	   data	    bss	    dec	    hex	filename
  82032	    492	   5076	  87600	  15630	bs.elf
Finished building: default.size.stdout
 
Finished building: bs.list
 
03:57:09 **** Incremental Build of configuration Debug for project bs ****
make -j16 all 
arm-none-eabi-gcc "../Core/Src/callback.c" -mcpu=cortex-m7 -std=gnu11 -g3 -DDEBUG -DUSE_HAL_DRIVER -DSTM32H7A3xxQ -c -I../Core/Inc -I../Drivers/STM32H7xx_HAL_Driver/Inc -I../Drivers/STM32H7xx_HAL_Driver/Inc/Legacy -I../Drivers/CMSIS/Device/ST/STM32H7xx/Include -I../Drivers/CMSIS/Include -O0 -ffunction-sections -fdata-sections -Wall -fstack-usage -fcyclomatic-complexity -MMD -MP -MF"Core/Src/callback.d" -MT"Core/Src/callback.o" --specs=nano.specs -mfpu=fpv5-d16 -mfloat-abi=hard -mthumb -o "Core/Src/callback.o"
arm-none-eabi-gcc -o "bs.elf" @"objects.list"   -mcpu=cortex-m7 -T"D:\Project\smart_bookshelf\board_system\bs\STM32H7A3ZITXQ_FLASH.ld" --specs=nosys.specs -Wl,-Map="bs.map" -Wl,--gc-sections -static --specs=nano.specs -mfpu=fpv5-d16 -mfloat-abi=hard -mthumb -u _printf_float -Wl,--start-group -lc -lm -Wl,--end-group
Finished building target: bs.elf
 
arm-none-eabi-size   bs.elf 
arm-none-eabi-objdump -h -S  bs.elf  > "bs.list"
   text	   data	    bss	    dec	    hex	filename
  82056	    492	   5076	  87624	  15648	bs.elf
Finished building: default.size.stdout
 
Finished building: bs.list
 
04:25:48 **** Incremental Build of configuration Debug for project bs ****
make -j16 all 
arm-none-eabi-gcc "../Core/Src/usart.c" -mcpu=cortex-m7 -std=gnu11 -g3 -DDEBUG -DUSE_HAL_DRIVER -DSTM32H7A3xxQ -c -I../Core/Inc -I../Drivers/STM32H7xx_HAL_Driver/Inc -I../Drivers/STM32H7xx_HAL_Driver/Inc/Legacy -I../Drivers/CMSIS/Device/ST/STM32H7xx/Include -I../Drivers/CMSIS/Include -O0 -ffunction-sections -fdata-sections -Wall -fstack-usage -fcyclomatic-complexity -MMD -MP -MF"Core/Src/usart.d" -MT"Core/Src/usart.o" --specs=nano.specs -mfpu=fpv5-d16 -mfloat-abi=hard -mthumb -o "Core/Src/usart.o"
arm-none-eabi-gcc -o "bs.elf" @"objects.list"   -mcpu=cortex-m7 -T"D:\Project\smart_bookshelf\board_system\bs\STM32H7A3ZITXQ_FLASH.ld" --specs=nosys.specs -Wl,-Map="bs.map" -Wl,--gc-sections -static --specs=nano.specs -mfpu=fpv5-d16 -mfloat-abi=hard -mthumb -u _printf_float -Wl,--start-group -lc -lm -Wl,--end-group
Finished building target: bs.elf
 
arm-none-eabi-size   bs.elf 
arm-none-eabi-objdump -h -S  bs.elf  > "bs.list"
   text	   data	    bss	    dec	    hex	filename
  82056	    492	   5076	  87624	  15648	bs.elf
Finished building: default.size.stdout
 
Finished building: bs.list
 
04:26:52 **** Incremental Build of configuration Debug for project bs ****
make -j16 all 
arm-none-eabi-gcc "../Core/Src/camera.c" -mcpu=cortex-m7 -std=gnu11 -g3 -DDEBUG -DUSE_HAL_DRIVER -DSTM32H7A3xxQ -c -I../Core/Inc -I../Drivers/STM32H7xx_HAL_Driver/Inc -I../Drivers/STM32H7xx_HAL_Driver/Inc/Legacy -I../Drivers/CMSIS/Device/ST/STM32H7xx/Include -I../Drivers/CMSIS/Include -O0 -ffunction-sections -fdata-sections -Wall -fstack-usage -fcyclomatic-complexity -MMD -MP -MF"Core/Src/camera.d" -MT"Core/Src/camera.o" --specs=nano.specs -mfpu=fpv5-d16 -mfloat-abi=hard -mthumb -o "Core/Src/camera.o"
../Core/Src/camera.c: In function 'Camera_Take':
../Core/Src/camera.c:27:12: warning: unused variable 'msg' [-Wunused-variable]
   27 |    uint8_t msg[] = "k";
      |            ^~~
arm-none-eabi-gcc -o "bs.elf" @"objects.list"   -mcpu=cortex-m7 -T"D:\Project\smart_bookshelf\board_system\bs\STM32H7A3ZITXQ_FLASH.ld" --specs=nosys.specs -Wl,-Map="bs.map" -Wl,--gc-sections -static --specs=nano.specs -mfpu=fpv5-d16 -mfloat-abi=hard -mthumb -u _printf_float -Wl,--start-group -lc -lm -Wl,--end-group
Finished building target: bs.elf
 
arm-none-eabi-size   bs.elf 
arm-none-eabi-objdump -h -S  bs.elf  > "bs.list"
   text	   data	    bss	    dec	    hex	filename
  81752	    492	   5076	  87320	  15518	bs.elf
Finished building: default.size.stdout
 
Finished building: bs.list
 
04:29:32 **** Incremental Build of configuration Debug for project bs ****
make -j16 all 
arm-none-eabi-gcc "../Core/Src/callback.c" -mcpu=cortex-m7 -std=gnu11 -g3 -DDEBUG -DUSE_HAL_DRIVER -DSTM32H7A3xxQ -c -I../Core/Inc -I../Drivers/STM32H7xx_HAL_Driver/Inc -I../Drivers/STM32H7xx_HAL_Driver/Inc/Legacy -I../Drivers/CMSIS/Device/ST/STM32H7xx/Include -I../Drivers/CMSIS/Include -O0 -ffunction-sections -fdata-sections -Wall -fstack-usage -fcyclomatic-complexity -MMD -MP -MF"Core/Src/callback.d" -MT"Core/Src/callback.o" --specs=nano.specs -mfpu=fpv5-d16 -mfloat-abi=hard -mthumb -o "Core/Src/callback.o"
arm-none-eabi-gcc "../Core/Src/camera.c" -mcpu=cortex-m7 -std=gnu11 -g3 -DDEBUG -DUSE_HAL_DRIVER -DSTM32H7A3xxQ -c -I../Core/Inc -I../Drivers/STM32H7xx_HAL_Driver/Inc -I../Drivers/STM32H7xx_HAL_Driver/Inc/Legacy -I../Drivers/CMSIS/Device/ST/STM32H7xx/Include -I../Drivers/CMSIS/Include -O0 -ffunction-sections -fdata-sections -Wall -fstack-usage -fcyclomatic-complexity -MMD -MP -MF"Core/Src/camera.d" -MT"Core/Src/camera.o" --specs=nano.specs -mfpu=fpv5-d16 -mfloat-abi=hard -mthumb -o "Core/Src/camera.o"
../Core/Src/callback.c: In function 'HAL_UARTEx_RxEventCallback':
../Core/Src/callback.c:14:2: error: too few arguments to function 'HAL_UART_Transmit'
   14 |  HAL_UART_Transmit(&huart3, (uint8_t *)"iterr", sizeof("iterr"));
      |  ^~~~~~~~~~~~~~~~~
In file included from ../Core/Inc/stm32h7xx_hal_conf.h:463,
                 from ../Drivers/STM32H7xx_HAL_Driver/Inc/stm32h7xx_hal.h:29,
                 from ../Core/Src/callback.c:1:
../Drivers/STM32H7xx_HAL_Driver/Inc/stm32h7xx_hal_uart.h:1637:19: note: declared here
 1637 | HAL_StatusTypeDef HAL_UART_Transmit(UART_HandleTypeDef *huart, const uint8_t *pData, uint16_t Size, uint32_t Timeout);
      |                   ^~~~~~~~~~~~~~~~~
make: *** [Core/Src/subdir.mk:82: Core/Src/callback.o] Error 1
make: *** Waiting for unfinished jobs....
"make -j16 all" terminated with exit code 2. Build might be incomplete.
04:29:48 **** Incremental Build of configuration Debug for project bs ****
make -j16 all 
arm-none-eabi-gcc "../Core/Src/callback.c" -mcpu=cortex-m7 -std=gnu11 -g3 -DDEBUG -DUSE_HAL_DRIVER -DSTM32H7A3xxQ -c -I../Core/Inc -I../Drivers/STM32H7xx_HAL_Driver/Inc -I../Drivers/STM32H7xx_HAL_Driver/Inc/Legacy -I../Drivers/CMSIS/Device/ST/STM32H7xx/Include -I../Drivers/CMSIS/Include -O0 -ffunction-sections -fdata-sections -Wall -fstack-usage -fcyclomatic-complexity -MMD -MP -MF"Core/Src/callback.d" -MT"Core/Src/callback.o" --specs=nano.specs -mfpu=fpv5-d16 -mfloat-abi=hard -mthumb -o "Core/Src/callback.o"
arm-none-eabi-gcc -o "bs.elf" @"objects.list"   -mcpu=cortex-m7 -T"D:\Project\smart_bookshelf\board_system\bs\STM32H7A3ZITXQ_FLASH.ld" --specs=nosys.specs -Wl,-Map="bs.map" -Wl,--gc-sections -static --specs=nano.specs -mfpu=fpv5-d16 -mfloat-abi=hard -mthumb -u _printf_float -Wl,--start-group -lc -lm -Wl,--end-group
Finished building target: bs.elf
 
arm-none-eabi-size   bs.elf 
arm-none-eabi-objdump -h -S  bs.elf  > "bs.list"
   text	   data	    bss	    dec	    hex	filename
  81592	    492	   5076	  87160	  15478	bs.elf
Finished building: default.size.stdout
 
Finished building: bs.list
 
04:31:45 **** Incremental Build of configuration Debug for project bs ****
make -j16 all 
arm-none-eabi-size   bs.elf 
   text	   data	    bss	    dec	    hex	filename
  81592	    492	   5076	  87160	  15478	bs.elf
Finished building: default.size.stdout
 
04:35:33 **** Incremental Build of configuration Debug for project bs ****
make -j16 all 
arm-none-eabi-gcc "../Core/Src/dma.c" -mcpu=cortex-m7 -std=gnu11 -g3 -DDEBUG -DUSE_HAL_DRIVER -DSTM32H7A3xxQ -c -I../Core/Inc -I../Drivers/STM32H7xx_HAL_Driver/Inc -I../Drivers/STM32H7xx_HAL_Driver/Inc/Legacy -I../Drivers/CMSIS/Device/ST/STM32H7xx/Include -I../Drivers/CMSIS/Include -O0 -ffunction-sections -fdata-sections -Wall -fstack-usage -fcyclomatic-complexity -MMD -MP -MF"Core/Src/dma.d" -MT"Core/Src/dma.o" --specs=nano.specs -mfpu=fpv5-d16 -mfloat-abi=hard -mthumb -o "Core/Src/dma.o"
arm-none-eabi-gcc "../Core/Src/usart.c" -mcpu=cortex-m7 -std=gnu11 -g3 -DDEBUG -DUSE_HAL_DRIVER -DSTM32H7A3xxQ -c -I../Core/Inc -I../Drivers/STM32H7xx_HAL_Driver/Inc -I../Drivers/STM32H7xx_HAL_Driver/Inc/Legacy -I../Drivers/CMSIS/Device/ST/STM32H7xx/Include -I../Drivers/CMSIS/Include -O0 -ffunction-sections -fdata-sections -Wall -fstack-usage -fcyclomatic-complexity -MMD -MP -MF"Core/Src/usart.d" -MT"Core/Src/usart.o" --specs=nano.specs -mfpu=fpv5-d16 -mfloat-abi=hard -mthumb -o "Core/Src/usart.o"
arm-none-eabi-gcc -o "bs.elf" @"objects.list"   -mcpu=cortex-m7 -T"D:\Project\smart_bookshelf\board_system\bs\STM32H7A3ZITXQ_FLASH.ld" --specs=nosys.specs -Wl,-Map="bs.map" -Wl,--gc-sections -static --specs=nano.specs -mfpu=fpv5-d16 -mfloat-abi=hard -mthumb -u _printf_float -Wl,--start-group -lc -lm -Wl,--end-group
Finished building target: bs.elf
 
arm-none-eabi-size   bs.elf 
arm-none-eabi-objdump -h -S  bs.elf  > "bs.list"
   text	   data	    bss	    dec	    hex	filename
  81592	    492	   5076	  87160	  15478	bs.elf
Finished building: default.size.stdout
 
Finished building: bs.list
 
04:37:17 **** Incremental Build of configuration Debug for project bs ****
make -j16 all 
arm-none-eabi-gcc "../Core/Src/callback.c" -mcpu=cortex-m7 -std=gnu11 -g3 -DDEBUG -DUSE_HAL_DRIVER -DSTM32H7A3xxQ -c -I../Core/Inc -I../Drivers/STM32H7xx_HAL_Driver/Inc -I../Drivers/STM32H7xx_HAL_Driver/Inc/Legacy -I../Drivers/CMSIS/Device/ST/STM32H7xx/Include -I../Drivers/CMSIS/Include -O0 -ffunction-sections -fdata-sections -Wall -fstack-usage -fcyclomatic-complexity -MMD -MP -MF"Core/Src/callback.d" -MT"Core/Src/callback.o" --specs=nano.specs -mfpu=fpv5-d16 -mfloat-abi=hard -mthumb -o "Core/Src/callback.o"
arm-none-eabi-gcc -o "bs.elf" @"objects.list"   -mcpu=cortex-m7 -T"D:\Project\smart_bookshelf\board_system\bs\STM32H7A3ZITXQ_FLASH.ld" --specs=nosys.specs -Wl,-Map="bs.map" -Wl,--gc-sections -static --specs=nano.specs -mfpu=fpv5-d16 -mfloat-abi=hard -mthumb -u _printf_float -Wl,--start-group -lc -lm -Wl,--end-group
Finished building target: bs.elf
 
arm-none-eabi-size   bs.elf 
arm-none-eabi-objdump -h -S  bs.elf  > "bs.list"
   text	   data	    bss	    dec	    hex	filename
  82032	    492	   5076	  87600	  15630	bs.elf
Finished building: default.size.stdout
 
Finished building: bs.list
 
04:38:45 **** Incremental Build of configuration Debug for project bs ****
make -j16 all 
arm-none-eabi-gcc "../Core/Src/callback.c" -mcpu=cortex-m7 -std=gnu11 -g3 -DDEBUG -DUSE_HAL_DRIVER -DSTM32H7A3xxQ -c -I../Core/Inc -I../Drivers/STM32H7xx_HAL_Driver/Inc -I../Drivers/STM32H7xx_HAL_Driver/Inc/Legacy -I../Drivers/CMSIS/Device/ST/STM32H7xx/Include -I../Drivers/CMSIS/Include -O0 -ffunction-sections -fdata-sections -Wall -fstack-usage -fcyclomatic-complexity -MMD -MP -MF"Core/Src/callback.d" -MT"Core/Src/callback.o" --specs=nano.specs -mfpu=fpv5-d16 -mfloat-abi=hard -mthumb -o "Core/Src/callback.o"
arm-none-eabi-gcc -o "bs.elf" @"objects.list"   -mcpu=cortex-m7 -T"D:\Project\smart_bookshelf\board_system\bs\STM32H7A3ZITXQ_FLASH.ld" --specs=nosys.specs -Wl,-Map="bs.map" -Wl,--gc-sections -static --specs=nano.specs -mfpu=fpv5-d16 -mfloat-abi=hard -mthumb -u _printf_float -Wl,--start-group -lc -lm -Wl,--end-group
Finished building target: bs.elf
 
arm-none-eabi-size   bs.elf 
arm-none-eabi-objdump -h -S  bs.elf  > "bs.list"
   text	   data	    bss	    dec	    hex	filename
  82032	    492	   5076	  87600	  15630	bs.elf
Finished building: default.size.stdout
 
Finished building: bs.list
 
04:48:16 **** Incremental Build of configuration Debug for project bs ****
make -j16 all 
arm-none-eabi-size   bs.elf 
   text	   data	    bss	    dec	    hex	filename
  82032	    492	   5076	  87600	  15630	bs.elf
Finished building: default.size.stdout
 
04:54:34 **** Incremental Build of configuration Debug for project bs ****
make -j16 all 
arm-none-eabi-gcc "../Core/Src/callback.c" -mcpu=cortex-m7 -std=gnu11 -g3 -DDEBUG -DUSE_HAL_DRIVER -DSTM32H7A3xxQ -c -I../Core/Inc -I../Drivers/STM32H7xx_HAL_Driver/Inc -I../Drivers/STM32H7xx_HAL_Driver/Inc/Legacy -I../Drivers/CMSIS/Device/ST/STM32H7xx/Include -I../Drivers/CMSIS/Include -O0 -ffunction-sections -fdata-sections -Wall -fstack-usage -fcyclomatic-complexity -MMD -MP -MF"Core/Src/callback.d" -MT"Core/Src/callback.o" --specs=nano.specs -mfpu=fpv5-d16 -mfloat-abi=hard -mthumb -o "Core/Src/callback.o"
arm-none-eabi-gcc -o "bs.elf" @"objects.list"   -mcpu=cortex-m7 -T"D:\Project\smart_bookshelf\board_system\bs\STM32H7A3ZITXQ_FLASH.ld" --specs=nosys.specs -Wl,-Map="bs.map" -Wl,--gc-sections -static --specs=nano.specs -mfpu=fpv5-d16 -mfloat-abi=hard -mthumb -u _printf_float -Wl,--start-group -lc -lm -Wl,--end-group
Finished building target: bs.elf
 
arm-none-eabi-size   bs.elf 
arm-none-eabi-objdump -h -S  bs.elf  > "bs.list"
   text	   data	    bss	    dec	    hex	filename
  82024	    492	   5076	  87592	  15628	bs.elf
Finished building: default.size.stdout
 
Finished building: bs.list
 
04:55:51 **** Incremental Build of configuration Debug for project bs ****
make -j16 all 
arm-none-eabi-gcc "../Core/Src/main.c" -mcpu=cortex-m7 -std=gnu11 -g3 -DDEBUG -DUSE_HAL_DRIVER -DSTM32H7A3xxQ -c -I../Core/Inc -I../Drivers/STM32H7xx_HAL_Driver/Inc -I../Drivers/STM32H7xx_HAL_Driver/Inc/Legacy -I../Drivers/CMSIS/Device/ST/STM32H7xx/Include -I../Drivers/CMSIS/Include -O0 -ffunction-sections -fdata-sections -Wall -fstack-usage -fcyclomatic-complexity -MMD -MP -MF"Core/Src/main.d" -MT"Core/Src/main.o" --specs=nano.specs -mfpu=fpv5-d16 -mfloat-abi=hard -mthumb -o "Core/Src/main.o"
arm-none-eabi-gcc -o "bs.elf" @"objects.list"   -mcpu=cortex-m7 -T"D:\Project\smart_bookshelf\board_system\bs\STM32H7A3ZITXQ_FLASH.ld" --specs=nosys.specs -Wl,-Map="bs.map" -Wl,--gc-sections -static --specs=nano.specs -mfpu=fpv5-d16 -mfloat-abi=hard -mthumb -u _printf_float -Wl,--start-group -lc -lm -Wl,--end-group
Finished building target: bs.elf
 
arm-none-eabi-size   bs.elf 
arm-none-eabi-objdump -h -S  bs.elf  > "bs.list"
   text	   data	    bss	    dec	    hex	filename
  82032	    492	   5076	  87600	  15630	bs.elf
Finished building: default.size.stdout
 
Finished building: bs.list
 
04:57:00 **** Incremental Build of configuration Debug for project bs ****
make -j16 all 
arm-none-eabi-gcc "../Core/Src/callback.c" -mcpu=cortex-m7 -std=gnu11 -g3 -DDEBUG -DUSE_HAL_DRIVER -DSTM32H7A3xxQ -c -I../Core/Inc -I../Drivers/STM32H7xx_HAL_Driver/Inc -I../Drivers/STM32H7xx_HAL_Driver/Inc/Legacy -I../Drivers/CMSIS/Device/ST/STM32H7xx/Include -I../Drivers/CMSIS/Include -O0 -ffunction-sections -fdata-sections -Wall -fstack-usage -fcyclomatic-complexity -MMD -MP -MF"Core/Src/callback.d" -MT"Core/Src/callback.o" --specs=nano.specs -mfpu=fpv5-d16 -mfloat-abi=hard -mthumb -o "Core/Src/callback.o"
arm-none-eabi-gcc -o "bs.elf" @"objects.list"   -mcpu=cortex-m7 -T"D:\Project\smart_bookshelf\board_system\bs\STM32H7A3ZITXQ_FLASH.ld" --specs=nosys.specs -Wl,-Map="bs.map" -Wl,--gc-sections -static --specs=nano.specs -mfpu=fpv5-d16 -mfloat-abi=hard -mthumb -u _printf_float -Wl,--start-group -lc -lm -Wl,--end-group
Finished building target: bs.elf
 
arm-none-eabi-size   bs.elf 
arm-none-eabi-objdump -h -S  bs.elf  > "bs.list"
   text	   data	    bss	    dec	    hex	filename
  82024	    492	   5076	  87592	  15628	bs.elf
Finished building: default.size.stdout
 
Finished building: bs.list
 
04:58:44 **** Incremental Build of configuration Debug for project bs ****
make -j16 all 
arm-none-eabi-gcc "../Core/Src/camera.c" -mcpu=cortex-m7 -std=gnu11 -g3 -DDEBUG -DUSE_HAL_DRIVER -DSTM32H7A3xxQ -c -I../Core/Inc -I../Drivers/STM32H7xx_HAL_Driver/Inc -I../Drivers/STM32H7xx_HAL_Driver/Inc/Legacy -I../Drivers/CMSIS/Device/ST/STM32H7xx/Include -I../Drivers/CMSIS/Include -O0 -ffunction-sections -fdata-sections -Wall -fstack-usage -fcyclomatic-complexity -MMD -MP -MF"Core/Src/camera.d" -MT"Core/Src/camera.o" --specs=nano.specs -mfpu=fpv5-d16 -mfloat-abi=hard -mthumb -o "Core/Src/camera.o"
arm-none-eabi-gcc -o "bs.elf" @"objects.list"   -mcpu=cortex-m7 -T"D:\Project\smart_bookshelf\board_system\bs\STM32H7A3ZITXQ_FLASH.ld" --specs=nosys.specs -Wl,-Map="bs.map" -Wl,--gc-sections -static --specs=nano.specs -mfpu=fpv5-d16 -mfloat-abi=hard -mthumb -u _printf_float -Wl,--start-group -lc -lm -Wl,--end-group
Finished building target: bs.elf
 
arm-none-eabi-size   bs.elf 
arm-none-eabi-objdump -h -S  bs.elf  > "bs.list"
   text	   data	    bss	    dec	    hex	filename
  82872	    492	   5076	  88440	  15978	bs.elf
Finished building: default.size.stdout
 
Finished building: bs.list
 
04:59:55 **** Incremental Build of configuration Debug for project bs ****
make -j16 all 
arm-none-eabi-gcc "../Core/Src/main.c" -mcpu=cortex-m7 -std=gnu11 -g3 -DDEBUG -DUSE_HAL_DRIVER -DSTM32H7A3xxQ -c -I../Core/Inc -I../Drivers/STM32H7xx_HAL_Driver/Inc -I../Drivers/STM32H7xx_HAL_Driver/Inc/Legacy -I../Drivers/CMSIS/Device/ST/STM32H7xx/Include -I../Drivers/CMSIS/Include -O0 -ffunction-sections -fdata-sections -Wall -fstack-usage -fcyclomatic-complexity -MMD -MP -MF"Core/Src/main.d" -MT"Core/Src/main.o" --specs=nano.specs -mfpu=fpv5-d16 -mfloat-abi=hard -mthumb -o "Core/Src/main.o"
arm-none-eabi-gcc -o "bs.elf" @"objects.list"   -mcpu=cortex-m7 -T"D:\Project\smart_bookshelf\board_system\bs\STM32H7A3ZITXQ_FLASH.ld" --specs=nosys.specs -Wl,-Map="bs.map" -Wl,--gc-sections -static --specs=nano.specs -mfpu=fpv5-d16 -mfloat-abi=hard -mthumb -u _printf_float -Wl,--start-group -lc -lm -Wl,--end-group
Finished building target: bs.elf
 
arm-none-eabi-size   bs.elf 
arm-none-eabi-objdump -h -S  bs.elf  > "bs.list"
   text	   data	    bss	    dec	    hex	filename
  82880	    492	   5076	  88448	  15980	bs.elf
Finished building: default.size.stdout
 
Finished building: bs.list
 
05:00:13 **** Incremental Build of configuration Debug for project bs ****
make -j16 all 
arm-none-eabi-gcc "../Core/Src/main.c" -mcpu=cortex-m7 -std=gnu11 -g3 -DDEBUG -DUSE_HAL_DRIVER -DSTM32H7A3xxQ -c -I../Core/Inc -I../Drivers/STM32H7xx_HAL_Driver/Inc -I../Drivers/STM32H7xx_HAL_Driver/Inc/Legacy -I../Drivers/CMSIS/Device/ST/STM32H7xx/Include -I../Drivers/CMSIS/Include -O0 -ffunction-sections -fdata-sections -Wall -fstack-usage -fcyclomatic-complexity -MMD -MP -MF"Core/Src/main.d" -MT"Core/Src/main.o" --specs=nano.specs -mfpu=fpv5-d16 -mfloat-abi=hard -mthumb -o "Core/Src/main.o"
arm-none-eabi-gcc -o "bs.elf" @"objects.list"   -mcpu=cortex-m7 -T"D:\Project\smart_bookshelf\board_system\bs\STM32H7A3ZITXQ_FLASH.ld" --specs=nosys.specs -Wl,-Map="bs.map" -Wl,--gc-sections -static --specs=nano.specs -mfpu=fpv5-d16 -mfloat-abi=hard -mthumb -u _printf_float -Wl,--start-group -lc -lm -Wl,--end-group
Finished building target: bs.elf
 
arm-none-eabi-size   bs.elf 
arm-none-eabi-objdump -h -S  bs.elf  > "bs.list"
   text	   data	    bss	    dec	    hex	filename
  82896	    492	   5076	  88464	  15990	bs.elf
Finished building: default.size.stdout
 
Finished building: bs.list
 
05:00:51 **** Incremental Build of configuration Debug for project bs ****
make -j16 all 
arm-none-eabi-gcc "../Core/Src/main.c" -mcpu=cortex-m7 -std=gnu11 -g3 -DDEBUG -DUSE_HAL_DRIVER -DSTM32H7A3xxQ -c -I../Core/Inc -I../Drivers/STM32H7xx_HAL_Driver/Inc -I../Drivers/STM32H7xx_HAL_Driver/Inc/Legacy -I../Drivers/CMSIS/Device/ST/STM32H7xx/Include -I../Drivers/CMSIS/Include -O0 -ffunction-sections -fdata-sections -Wall -fstack-usage -fcyclomatic-complexity -MMD -MP -MF"Core/Src/main.d" -MT"Core/Src/main.o" --specs=nano.specs -mfpu=fpv5-d16 -mfloat-abi=hard -mthumb -o "Core/Src/main.o"
arm-none-eabi-gcc -o "bs.elf" @"objects.list"   -mcpu=cortex-m7 -T"D:\Project\smart_bookshelf\board_system\bs\STM32H7A3ZITXQ_FLASH.ld" --specs=nosys.specs -Wl,-Map="bs.map" -Wl,--gc-sections -static --specs=nano.specs -mfpu=fpv5-d16 -mfloat-abi=hard -mthumb -u _printf_float -Wl,--start-group -lc -lm -Wl,--end-group
Finished building target: bs.elf
 
arm-none-eabi-size   bs.elf 
arm-none-eabi-objdump -h -S  bs.elf  > "bs.list"
   text	   data	    bss	    dec	    hex	filename
  82872	    492	   5076	  88440	  15978	bs.elf
Finished building: default.size.stdout
 
Finished building: bs.list
 
05:01:38 **** Incremental Build of configuration Debug for project bs ****
make -j16 all 
arm-none-eabi-gcc "../Core/Src/callback.c" -mcpu=cortex-m7 -std=gnu11 -g3 -DDEBUG -DUSE_HAL_DRIVER -DSTM32H7A3xxQ -c -I../Core/Inc -I../Drivers/STM32H7xx_HAL_Driver/Inc -I../Drivers/STM32H7xx_HAL_Driver/Inc/Legacy -I../Drivers/CMSIS/Device/ST/STM32H7xx/Include -I../Drivers/CMSIS/Include -O0 -ffunction-sections -fdata-sections -Wall -fstack-usage -fcyclomatic-complexity -MMD -MP -MF"Core/Src/callback.d" -MT"Core/Src/callback.o" --specs=nano.specs -mfpu=fpv5-d16 -mfloat-abi=hard -mthumb -o "Core/Src/callback.o"
arm-none-eabi-gcc -o "bs.elf" @"objects.list"   -mcpu=cortex-m7 -T"D:\Project\smart_bookshelf\board_system\bs\STM32H7A3ZITXQ_FLASH.ld" --specs=nosys.specs -Wl,-Map="bs.map" -Wl,--gc-sections -static --specs=nano.specs -mfpu=fpv5-d16 -mfloat-abi=hard -mthumb -u _printf_float -Wl,--start-group -lc -lm -Wl,--end-group
Finished building target: bs.elf
 
arm-none-eabi-size   bs.elf 
arm-none-eabi-objdump -h -S  bs.elf  > "bs.list"
   text	   data	    bss	    dec	    hex	filename
  82408	    492	   5076	  87976	  157a8	bs.elf
Finished building: default.size.stdout
 
Finished building: bs.list
 
05:02:15 **** Incremental Build of configuration Debug for project bs ****
make -j16 all 
arm-none-eabi-gcc "../Core/Src/camera.c" -mcpu=cortex-m7 -std=gnu11 -g3 -DDEBUG -DUSE_HAL_DRIVER -DSTM32H7A3xxQ -c -I../Core/Inc -I../Drivers/STM32H7xx_HAL_Driver/Inc -I../Drivers/STM32H7xx_HAL_Driver/Inc/Legacy -I../Drivers/CMSIS/Device/ST/STM32H7xx/Include -I../Drivers/CMSIS/Include -O0 -ffunction-sections -fdata-sections -Wall -fstack-usage -fcyclomatic-complexity -MMD -MP -MF"Core/Src/camera.d" -MT"Core/Src/camera.o" --specs=nano.specs -mfpu=fpv5-d16 -mfloat-abi=hard -mthumb -o "Core/Src/camera.o"
arm-none-eabi-gcc -o "bs.elf" @"objects.list"   -mcpu=cortex-m7 -T"D:\Project\smart_bookshelf\board_system\bs\STM32H7A3ZITXQ_FLASH.ld" --specs=nosys.specs -Wl,-Map="bs.map" -Wl,--gc-sections -static --specs=nano.specs -mfpu=fpv5-d16 -mfloat-abi=hard -mthumb -u _printf_float -Wl,--start-group -lc -lm -Wl,--end-group
Finished building target: bs.elf
 
arm-none-eabi-size   bs.elf 
arm-none-eabi-objdump -h -S  bs.elf  > "bs.list"
   text	   data	    bss	    dec	    hex	filename
  81560	    492	   5076	  87128	  15458	bs.elf
Finished building: default.size.stdout
 
Finished building: bs.list
 
05:02:44 **** Incremental Build of configuration Debug for project bs ****
make -j16 all 
arm-none-eabi-gcc "../Core/Src/main.c" -mcpu=cortex-m7 -std=gnu11 -g3 -DDEBUG -DUSE_HAL_DRIVER -DSTM32H7A3xxQ -c -I../Core/Inc -I../Drivers/STM32H7xx_HAL_Driver/Inc -I../Drivers/STM32H7xx_HAL_Driver/Inc/Legacy -I../Drivers/CMSIS/Device/ST/STM32H7xx/Include -I../Drivers/CMSIS/Include -O0 -ffunction-sections -fdata-sections -Wall -fstack-usage -fcyclomatic-complexity -MMD -MP -MF"Core/Src/main.d" -MT"Core/Src/main.o" --specs=nano.specs -mfpu=fpv5-d16 -mfloat-abi=hard -mthumb -o "Core/Src/main.o"
arm-none-eabi-gcc -o "bs.elf" @"objects.list"   -mcpu=cortex-m7 -T"D:\Project\smart_bookshelf\board_system\bs\STM32H7A3ZITXQ_FLASH.ld" --specs=nosys.specs -Wl,-Map="bs.map" -Wl,--gc-sections -static --specs=nano.specs -mfpu=fpv5-d16 -mfloat-abi=hard -mthumb -u _printf_float -Wl,--start-group -lc -lm -Wl,--end-group
Finished building target: bs.elf
 
arm-none-eabi-size   bs.elf 
arm-none-eabi-objdump -h -S  bs.elf  > "bs.list"
   text	   data	    bss	    dec	    hex	filename
  81568	    492	   5076	  87136	  15460	bs.elf
Finished building: default.size.stdout
 
Finished building: bs.list
 
05:03:02 **** Incremental Build of configuration Debug for project bs ****
make -j16 all 
[...]
make -j16 all 
arm-none-eabi-size   bs.elf 
   text	   data	    bss	    dec	    hex	filename
  82496	    492	   5620	  88608	  15a20	bs.elf
Finished building: default.size.stdout
 
22:10:07 **** Incremental Build of configuration Debug for project bs ****
make -j16 all 
arm-none-eabi-size   bs.elf 
   text	   data	    bss	    dec	    hex	filename
  82496	    492	   5620	  88608	  15a20	bs.elf
Finished building: default.size.stdout
 
22:25:01 **** Incremental Build of configuration Debug for project bs ****
make -j16 all 
arm-none-eabi-gcc "../Core/Src/callback.c" -mcpu=cortex-m7 -std=gnu11 -g3 -DDEBUG -DUSE_HAL_DRIVER -DSTM32H7A3xxQ -c -I../Core/Inc -I../Drivers/STM32H7xx_HAL_Driver/Inc -I../Drivers/STM32H7xx_HAL_Driver/Inc/Legacy -I../Drivers/CMSIS/Device/ST/STM32H7xx/Include -I../Drivers/CMSIS/Include -O0 -ffunction-sections -fdata-sections -Wall -fstack-usage -fcyclomatic-complexity -MMD -MP -MF"Core/Src/callback.d" -MT"Core/Src/callback.o" --specs=nano.specs -mfpu=fpv5-d16 -mfloat-abi=hard -mthumb -o "Core/Src/callback.o"
arm-none-eabi-gcc "../Core/Src/main.c" -mcpu=cortex-m7 -std=gnu11 -g3 -DDEBUG -DUSE_HAL_DRIVER -DSTM32H7A3xxQ -c -I../Core/Inc -I../Drivers/STM32H7xx_HAL_Driver/Inc -I../Drivers/STM32H7xx_HAL_Driver/Inc/Legacy -I../Drivers/CMSIS/Device/ST/STM32H7xx/Include -I../Drivers/CMSIS/Include -O0 -ffunction-sections -fdata-sections -Wall -fstack-usage -fcyclomatic-complexity -MMD -MP -MF"Core/Src/main.d" -MT"Core/Src/main.o" --specs=nano.specs -mfpu=fpv5-d16 -mfloat-abi=hard -mthumb -o "Core/Src/main.o"
../Core/Src/callback.c:12:8: warning: type defaults to 'int' in declaration of 'count' [-Wimplicit-int]
   12 | static count = 0;
      |        ^~~~~
../Core/Src/callback.c: In function 'HAL_UARTEx_RxEventCallback':
../Core/Src/callback.c:46:13: warning: unused variable 'array' [-Wunused-variable]
   46 |     double* array = parseStringToArray((const char*)dest, &count);
      |             ^~~~~
../Core/Src/callback.c:50:13: warning: unused variable 'array' [-Wunused-variable]
   50 |     double* array = parseStringToArray((const char*)receive_data, &count);
      |             ^~~~~
../Core/Src/callback.c:58:7: warning: 'array' may be used uninitialized in this function [-Wmaybe-uninitialized]
   58 |    if (array != NULL) {
      |       ^
arm-none-eabi-gcc -o "bs.elf" @"objects.list"   -mcpu=cortex-m7 -T"D:\Project\smart_bookshelf\board_system\bs\STM32H7A3ZITXQ_FLASH.ld" --specs=nosys.specs -Wl,-Map="bs.map" -Wl,--gc-sections -static --specs=nano.specs -mfpu=fpv5-d16 -mfloat-abi=hard -mthumb -u _printf_float -Wl,--start-group -lc -lm -Wl,--end-group
Finished building target: bs.elf
 
arm-none-eabi-size   bs.elf 
arm-none-eabi-objdump -h -S  bs.elf  > "bs.list"
   text	   data	    bss	    dec	    hex	filename
  82496	    492	   5620	  88608	  15a20	bs.elf
Finished building: default.size.stdout
 
Finished building: bs.list
 
22:47:27 **** Incremental Build of configuration Debug for project bs ****
make -j16 all 
arm-none-eabi-gcc "../Core/Src/callback.c" -mcpu=cortex-m7 -std=gnu11 -g3 -DDEBUG -DUSE_HAL_DRIVER -DSTM32H7A3xxQ -c -I../Core/Inc -I../Drivers/STM32H7xx_HAL_Driver/Inc -I../Drivers/STM32H7xx_HAL_Driver/Inc/Legacy -I../Drivers/CMSIS/Device/ST/STM32H7xx/Include -I../Drivers/CMSIS/Include -O0 -ffunction-sections -fdata-sections -Wall -fstack-usage -fcyclomatic-complexity -MMD -MP -MF"Core/Src/callback.d" -MT"Core/Src/callback.o" --specs=nano.specs -mfpu=fpv5-d16 -mfloat-abi=hard -mthumb -o "Core/Src/callback.o"
../Core/Src/callback.c:12:8: warning: type defaults to 'int' in declaration of 'count' [-Wimplicit-int]
   12 | static count = 0;
      |        ^~~~~
arm-none-eabi-gcc -o "bs.elf" @"objects.list"   -mcpu=cortex-m7 -T"D:\Project\smart_bookshelf\board_system\bs\STM32H7A3ZITXQ_FLASH.ld" --specs=nosys.specs -Wl,-Map="bs.map" -Wl,--gc-sections -static --specs=nano.specs -mfpu=fpv5-d16 -mfloat-abi=hard -mthumb -u _printf_float -Wl,--start-group -lc -lm -Wl,--end-group
Finished building target: bs.elf
 
arm-none-eabi-size   bs.elf 
arm-none-eabi-objdump -h -S  bs.elf  > "bs.list"
   text	   data	    bss	    dec	    hex	filename
  82496	    492	   5620	  88608	  15a20	bs.elf
Finished building: default.size.stdout
 
Finished building: bs.list
 
22:54:25 **** Incremental Build of configuration Debug for project bs ****
make -j16 all 
arm-none-eabi-gcc "../Core/Src/callback.c" -mcpu=cortex-m7 -std=gnu11 -g3 -DDEBUG -DUSE_HAL_DRIVER -DSTM32H7A3xxQ -c -I../Core/Inc -I../Drivers/STM32H7xx_HAL_Driver/Inc -I../Drivers/STM32H7xx_HAL_Driver/Inc/Legacy -I../Drivers/CMSIS/Device/ST/STM32H7xx/Include -I../Drivers/CMSIS/Include -O0 -ffunction-sections -fdata-sections -Wall -fstack-usage -fcyclomatic-complexity -MMD -MP -MF"Core/Src/callback.d" -MT"Core/Src/callback.o" --specs=nano.specs -mfpu=fpv5-d16 -mfloat-abi=hard -mthumb -o "Core/Src/callback.o"
../Core/Src/callback.c:12:8: warning: type defaults to 'int' in declaration of 'count' [-Wimplicit-int]
   12 | static count = 0;
      |        ^~~~~
arm-none-eabi-gcc -o "bs.elf" @"objects.list"   -mcpu=cortex-m7 -T"D:\Project\smart_bookshelf\board_system\bs\STM32H7A3ZITXQ_FLASH.ld" --specs=nosys.specs -Wl,-Map="bs.map" -Wl,--gc-sections -static --specs=nano.specs -mfpu=fpv5-d16 -mfloat-abi=hard -mthumb -u _printf_float -Wl,--start-group -lc -lm -Wl,--end-group
Finished building target: bs.elf
 
arm-none-eabi-size   bs.elf 
arm-none-eabi-objdump -h -S  bs.elf  > "bs.list"
   text	   data	    bss	    dec	    hex	filename
  82424	    492	   5620	  88536	  159d8	bs.elf
Finished building: default.size.stdout
 
Finished building: bs.list
 
22:54:45 **** Incremental Build of configuration Debug for project bs ****
make -j16 all 
arm-none-eabi-gcc "../Core/Src/callback.c" -mcpu=cortex-m7 -std=gnu11 -g3 -DDEBUG -DUSE_HAL_DRIVER -DSTM32H7A3xxQ -c -I../Core/Inc -I../Drivers/STM32H7xx_HAL_Driver/Inc -I../Drivers/STM32H7xx_HAL_Driver/Inc/Legacy -I../Drivers/CMSIS/Device/ST/STM32H7xx/Include -I../Drivers/CMSIS/Include -O0 -ffunction-sections -fdata-sections -Wall -fstack-usage -fcyclomatic-complexity -MMD -MP -MF"Core/Src/callback.d" -MT"Core/Src/callback.o" --specs=nano.specs -mfpu=fpv5-d16 -mfloat-abi=hard -mthumb -o "Core/Src/callback.o"
arm-none-eabi-gcc -o "bs.elf" @"objects.list"   -mcpu=cortex-m7 -T"D:\Project\smart_bookshelf\board_system\bs\STM32H7A3ZITXQ_FLASH.ld" --specs=nosys.specs -Wl,-Map="bs.map" -Wl,--gc-sections -static --specs=nano.specs -mfpu=fpv5-d16 -mfloat-abi=hard -mthumb -u _printf_float -Wl,--start-group -lc -lm -Wl,--end-group
Finished building target: bs.elf
 
arm-none-eabi-size   bs.elf 
arm-none-eabi-objdump -h -S  bs.elf  > "bs.list"
   text	   data	    bss	    dec	    hex	filename
  82424	    492	   5620	  88536	  159d8	bs.elf
Finished building: default.size.stdout
 
Finished building: bs.list
 
23:26:30 **** Incremental Build of configuration Debug for project bs ****
make -j16 all 
arm-none-eabi-gcc "../Core/Src/callback.c" -mcpu=cortex-m7 -std=gnu11 -g3 -DDEBUG -DUSE_HAL_DRIVER -DSTM32H7A3xxQ -c -I../Core/Inc -I../Drivers/STM32H7xx_HAL_Driver/Inc -I../Drivers/STM32H7xx_HAL_Driver/Inc/Legacy -I../Drivers/CMSIS/Device/ST/STM32H7xx/Include -I../Drivers/CMSIS/Include -O0 -ffunction-sections -fdata-sections -Wall -fstack-usage -fcyclomatic-complexity -MMD -MP -MF"Core/Src/callback.d" -MT"Core/Src/callback.o" --specs=nano.specs -mfpu=fpv5-d16 -mfloat-abi=hard -mthumb -o "Core/Src/callback.o"
arm-none-eabi-gcc "../Core/Src/main.c" -mcpu=cortex-m7 -std=gnu11 -g3 -DDEBUG -DUSE_HAL_DRIVER -DSTM32H7A3xxQ -c -I../Core/Inc -I../Drivers/STM32H7xx_HAL_Driver/Inc -I../Drivers/STM32H7xx_HAL_Driver/Inc/Legacy -I../Drivers/CMSIS/Device/ST/STM32H7xx/Include -I../Drivers/CMSIS/Include -O0 -ffunction-sections -fdata-sections -Wall -fstack-usage -fcyclomatic-complexity -MMD -MP -MF"Core/Src/main.d" -MT"Core/Src/main.o" --specs=nano.specs -mfpu=fpv5-d16 -mfloat-abi=hard -mthumb -o "Core/Src/main.o"
arm-none-eabi-gcc -o "bs.elf" @"objects.list"   -mcpu=cortex-m7 -T"D:\Project\smart_bookshelf\board_system\bs\STM32H7A3ZITXQ_FLASH.ld" --specs=nosys.specs -Wl,-Map="bs.map" -Wl,--gc-sections -static --specs=nano.specs -mfpu=fpv5-d16 -mfloat-abi=hard -mthumb -u _printf_float -Wl,--start-group -lc -lm -Wl,--end-group
Finished building target: bs.elf
 
arm-none-eabi-size   bs.elf 
arm-none-eabi-objdump -h -S  bs.elf  > "bs.list"
   text	   data	    bss	    dec	    hex	filename
  82400	    492	   5620	  88512	  159c0	bs.elf
Finished building: default.size.stdout
 
Finished building: bs.list
 
23:55:51 **** Incremental Build of configuration Debug for project bs ****
make -j16 all 
arm-none-eabi-size   bs.elf 
   text	   data	    bss	    dec	    hex	filename
  82400	    492	   5620	  88512	  159c0	bs.elf
Finished building: default.size.stdout
 
23:59:03 **** Incremental Build of configuration Debug for project bs ****
make -j16 all 
arm-none-eabi-size   bs.elf 
   text	   data	    bss	    dec	    hex	filename
  82400	    492	   5620	  88512	  159c0	bs.elf
Finished building: default.size.stdout
 
00:05:23 **** Incremental Build of configuration Debug for project bs ****
make -j16 all 
arm-none-eabi-size   bs.elf 
   text	   data	    bss	    dec	    hex	filename
  82400	    492	   5620	  88512	  159c0	bs.elf
Finished building: default.size.stdout
 
00:11:37 **** Incremental Build of configuration Debug for project bs ****
make -j16 all 
arm-none-eabi-gcc "../Core/Src/main.c" -mcpu=cortex-m7 -std=gnu11 -g3 -DDEBUG -DUSE_HAL_DRIVER -DSTM32H7A3xxQ -c -I../Core/Inc -I../Drivers/STM32H7xx_HAL_Driver/Inc -I../Drivers/STM32H7xx_HAL_Driver/Inc/Legacy -I../Drivers/CMSIS/Device/ST/STM32H7xx/Include -I../Drivers/CMSIS/Include -O0 -ffunction-sections -fdata-sections -Wall -fstack-usage -fcyclomatic-complexity -MMD -MP -MF"Core/Src/main.d" -MT"Core/Src/main.o" --specs=nano.specs -mfpu=fpv5-d16 -mfloat-abi=hard -mthumb -o "Core/Src/main.o"
arm-none-eabi-gcc -o "bs.elf" @"objects.list"   -mcpu=cortex-m7 -T"D:\Project\smart_bookshelf\board_system\bs\STM32H7A3ZITXQ_FLASH.ld" --specs=nosys.specs -Wl,-Map="bs.map" -Wl,--gc-sections -static --specs=nano.specs -mfpu=fpv5-d16 -mfloat-abi=hard -mthumb -u _printf_float -Wl,--start-group -lc -lm -Wl,--end-group
Finished building target: bs.elf
 
arm-none-eabi-size   bs.elf 
arm-none-eabi-objdump -h -S  bs.elf  > "bs.list"
   text	   data	    bss	    dec	    hex	filename
  82416	    492	   5620	  88528	  159d0	bs.elf
Finished building: default.size.stdout
 
Finished building: bs.list
 
00:12:11 **** Incremental Build of configuration Debug for project bs ****
make -j16 all 
arm-none-eabi-gcc "../Core/Src/main.c" -mcpu=cortex-m7 -std=gnu11 -g3 -DDEBUG -DUSE_HAL_DRIVER -DSTM32H7A3xxQ -c -I../Core/Inc -I../Drivers/STM32H7xx_HAL_Driver/Inc -I../Drivers/STM32H7xx_HAL_Driver/Inc/Legacy -I../Drivers/CMSIS/Device/ST/STM32H7xx/Include -I../Drivers/CMSIS/Include -O0 -ffunction-sections -fdata-sections -Wall -fstack-usage -fcyclomatic-complexity -MMD -MP -MF"Core/Src/main.d" -MT"Core/Src/main.o" --specs=nano.specs -mfpu=fpv5-d16 -mfloat-abi=hard -mthumb -o "Core/Src/main.o"
arm-none-eabi-gcc -o "bs.elf" @"objects.list"   -mcpu=cortex-m7 -T"D:\Project\smart_bookshelf\board_system\bs\STM32H7A3ZITXQ_FLASH.ld" --specs=nosys.specs -Wl,-Map="bs.map" -Wl,--gc-sections -static --specs=nano.specs -mfpu=fpv5-d16 -mfloat-abi=hard -mthumb -u _printf_float -Wl,--start-group -lc -lm -Wl,--end-group
Finished building target: bs.elf
 
arm-none-eabi-size   bs.elf 
arm-none-eabi-objdump -h -S  bs.elf  > "bs.list"
   text	   data	    bss	    dec	    hex	filename
  82424	    492	   5620	  88536	  159d8	bs.elf
Finished building: default.size.stdout
 
Finished building: bs.list
 
00:22:31 **** Incremental Build of configuration Debug for project bs ****
make -j16 all 
arm-none-eabi-gcc "../Core/Src/main.c" -mcpu=cortex-m7 -std=gnu11 -g3 -DDEBUG -DUSE_HAL_DRIVER -DSTM32H7A3xxQ -c -I../Core/Inc -I../Drivers/STM32H7xx_HAL_Driver/Inc -I../Drivers/STM32H7xx_HAL_Driver/Inc/Legacy -I../Drivers/CMSIS/Device/ST/STM32H7xx/Include -I../Drivers/CMSIS/Include -O0 -ffunction-sections -fdata-sections -Wall -fstack-usage -fcyclomatic-complexity -MMD -MP -MF"Core/Src/main.d" -MT"Core/Src/main.o" --specs=nano.specs -mfpu=fpv5-d16 -mfloat-abi=hard -mthumb -o "Core/Src/main.o"
arm-none-eabi-gcc -o "bs.elf" @"objects.list"   -mcpu=cortex-m7 -T"D:\Project\smart_bookshelf\board_system\bs\STM32H7A3ZITXQ_FLASH.ld" --specs=nosys.specs -Wl,-Map="bs.map" -Wl,--gc-sections -static --specs=nano.specs -mfpu=fpv5-d16 -mfloat-abi=hard -mthumb -u _printf_float -Wl,--start-group -lc -lm -Wl,--end-group
Finished building target: bs.elf
 
arm-none-eabi-size   bs.elf 
arm-none-eabi-objdump -h -S  bs.elf  > "bs.list"
   text	   data	    bss	    dec	    hex	filename
  82424	    492	   5620	  88536	  159d8	bs.elf
Finished building: default.size.stdout
 
Finished building: bs.list
 
00:26:01 **** Incremental Build of configuration Debug for project bs ****
make -j16 all 
arm-none-eabi-gcc "../Core/Src/main.c" -mcpu=cortex-m7 -std=gnu11 -g3 -DDEBUG -DUSE_HAL_DRIVER -DSTM32H7A3xxQ -c -I../Core/Inc -I../Drivers/STM32H7xx_HAL_Driver/Inc -I../Drivers/STM32H7xx_HAL_Driver/Inc/Legacy -I../Drivers/CMSIS/Device/ST/STM32H7xx/Include -I../Drivers/CMSIS/Include -O0 -ffunction-sections -fdata-sections -Wall -fstack-usage -fcyclomatic-complexity -MMD -MP -MF"Core/Src/main.d" -MT"Core/Src/main.o" --specs=nano.specs -mfpu=fpv5-d16 -mfloat-abi=hard -mthumb -o "Core/Src/main.o"
arm-none-eabi-gcc -o "bs.elf" @"objects.list"   -mcpu=cortex-m7 -T"D:\Project\smart_bookshelf\board_system\bs\STM32H7A3ZITXQ_FLASH.ld" --specs=nosys.specs -Wl,-Map="bs.map" -Wl,--gc-sections -static --specs=nano.specs -mfpu=fpv5-d16 -mfloat-abi=hard -mthumb -u _printf_float -Wl,--start-group -lc -lm -Wl,--end-group
Finished building target: bs.elf
 
arm-none-eabi-size   bs.elf 
arm-none-eabi-objdump -h -S  bs.elf  > "bs.list"
   text	   data	    bss	    dec	    hex	filename
  82472	    492	   5620	  88584	  15a08	bs.elf
Finished building: default.size.stdout
 
Finished building: bs.list
 
00:30:57 **** Incremental Build of configuration Debug for project bs ****
make -j16 all 
arm-none-eabi-gcc "../Core/Src/main.c" -mcpu=cortex-m7 -std=gnu11 -g3 -DDEBUG -DUSE_HAL_DRIVER -DSTM32H7A3xxQ -c -I../Core/Inc -I../Drivers/STM32H7xx_HAL_Driver/Inc -I../Drivers/STM32H7xx_HAL_Driver/Inc/Legacy -I../Drivers/CMSIS/Device/ST/STM32H7xx/Include -I../Drivers/CMSIS/Include -O0 -ffunction-sections -fdata-sections -Wall -fstack-usage -fcyclomatic-complexity -MMD -MP -MF"Core/Src/main.d" -MT"Core/Src/main.o" --specs=nano.specs -mfpu=fpv5-d16 -mfloat-abi=hard -mthumb -o "Core/Src/main.o"
arm-none-eabi-gcc -o "bs.elf" @"objects.list"   -mcpu=cortex-m7 -T"D:\Project\smart_bookshelf\board_system\bs\STM32H7A3ZITXQ_FLASH.ld" --specs=nosys.specs -Wl,-Map="bs.map" -Wl,--gc-sections -static --specs=nano.specs -mfpu=fpv5-d16 -mfloat-abi=hard -mthumb -u _printf_float -Wl,--start-group -lc -lm -Wl,--end-group
Finished building target: bs.elf
 
arm-none-eabi-size   bs.elf 
arm-none-eabi-objdump -h -S  bs.elf  > "bs.list"
   text	   data	    bss	    dec	    hex	filename
  82456	    492	   5620	  88568	  159f8	bs.elf
Finished building: default.size.stdout
 
Finished building: bs.list
 
00:31:37 **** Incremental Build of configuration Debug for project bs ****
make -j16 all 
arm-none-eabi-gcc "../Core/Src/main.c" -mcpu=cortex-m7 -std=gnu11 -g3 -DDEBUG -DUSE_HAL_DRIVER -DSTM32H7A3xxQ -c -I../Core/Inc -I../Drivers/STM32H7xx_HAL_Driver/Inc -I../Drivers/STM32H7xx_HAL_Driver/Inc/Legacy -I../Drivers/CMSIS/Device/ST/STM32H7xx/Include -I../Drivers/CMSIS/Include -O0 -ffunction-sections -fdata-sections -Wall -fstack-usage -fcyclomatic-complexity -MMD -MP -MF"Core/Src/main.d" -MT"Core/Src/main.o" --specs=nano.specs -mfpu=fpv5-d16 -mfloat-abi=hard -mthumb -o "Core/Src/main.o"
arm-none-eabi-gcc -o "bs.elf" @"objects.list"   -mcpu=cortex-m7 -T"D:\Project\smart_bookshelf\board_system\bs\STM32H7A3ZITXQ_FLASH.ld" --specs=nosys.specs -Wl,-Map="bs.map" -Wl,--gc-sections -static --specs=nano.specs -mfpu=fpv5-d16 -mfloat-abi=hard -mthumb -u _printf_float -Wl,--start-group -lc -lm -Wl,--end-group
Finished building target: bs.elf
 
arm-none-eabi-size   bs.elf 
arm-none-eabi-objdump -h -S  bs.elf  > "bs.list"
   text	   data	    bss	    dec	    hex	filename
  82456	    492	   5620	  88568	  159f8	bs.elf
Finished building: default.size.stdout
 
Finished building: bs.list
 
00:32:21 **** Incremental Build of configuration Debug for project bs ****
make -j16 all 
arm-none-eabi-gcc "../Core/Src/main.c" -mcpu=cortex-m7 -std=gnu11 -g3 -DDEBUG -DUSE_HAL_DRIVER -DSTM32H7A3xxQ -c -I../Core/Inc -I../Drivers/STM32H7xx_HAL_Driver/Inc -I../Drivers/STM32H7xx_HAL_Driver/Inc/Legacy -I../Drivers/CMSIS/Device/ST/STM32H7xx/Include -I../Drivers/CMSIS/Include -O0 -ffunction-sections -fdata-sections -Wall -fstack-usage -fcyclomatic-complexity -MMD -MP -MF"Core/Src/main.d" -MT"Core/Src/main.o" --specs=nano.specs -mfpu=fpv5-d16 -mfloat-abi=hard -mthumb -o "Core/Src/main.o"
arm-none-eabi-gcc -o "bs.elf" @"objects.list"   -mcpu=cortex-m7 -T"D:\Project\smart_bookshelf\board_system\bs\STM32H7A3ZITXQ_FLASH.ld" --specs=nosys.specs -Wl,-Map="bs.map" -Wl,--gc-sections -static --specs=nano.specs -mfpu=fpv5-d16 -mfloat-abi=hard -mthumb -u _printf_float -Wl,--start-group -lc -lm -Wl,--end-group
Finished building target: bs.elf
 
arm-none-eabi-size   bs.elf 
arm-none-eabi-objdump -h -S  bs.elf  > "bs.list"
   text	   data	    bss	    dec	    hex	filename
  82464	    492	   5620	  88576	  15a00	bs.elf
Finished building: default.size.stdout
 
Finished building: bs.list
 
00:33:09 **** Incremental Build of configuration Debug for project bs ****
make -j16 all 
arm-none-eabi-gcc "../Core/Src/main.c" -mcpu=cortex-m7 -std=gnu11 -g3 -DDEBUG -DUSE_HAL_DRIVER -DSTM32H7A3xxQ -c -I../Core/Inc -I../Drivers/STM32H7xx_HAL_Driver/Inc -I../Drivers/STM32H7xx_HAL_Driver/Inc/Legacy -I../Drivers/CMSIS/Device/ST/STM32H7xx/Include -I../Drivers/CMSIS/Include -O0 -ffunction-sections -fdata-sections -Wall -fstack-usage -fcyclomatic-complexity -MMD -MP -MF"Core/Src/main.d" -MT"Core/Src/main.o" --specs=nano.specs -mfpu=fpv5-d16 -mfloat-abi=hard -mthumb -o "Core/Src/main.o"
arm-none-eabi-gcc -o "bs.elf" @"objects.list"   -mcpu=cortex-m7 -T"D:\Project\smart_bookshelf\board_system\bs\STM32H7A3ZITXQ_FLASH.ld" --specs=nosys.specs -Wl,-Map="bs.map" -Wl,--gc-sections -static --specs=nano.specs -mfpu=fpv5-d16 -mfloat-abi=hard -mthumb -u _printf_float -Wl,--start-group -lc -lm -Wl,--end-group
Finished building target: bs.elf
 
arm-none-eabi-size   bs.elf 
arm-none-eabi-objdump -h -S  bs.elf  > "bs.list"
   text	   data	    bss	    dec	    hex	filename
  82472	    492	   5620	  88584	  15a08	bs.elf
Finished building: default.size.stdout
 
Finished building: bs.list
 
00:38:10 **** Incremental Build of configuration Debug for project bs ****
make -j16 all 
arm-none-eabi-gcc "../Core/Src/main.c" -mcpu=cortex-m7 -std=gnu11 -g3 -DDEBUG -DUSE_HAL_DRIVER -DSTM32H7A3xxQ -c -I../Core/Inc -I../Drivers/STM32H7xx_HAL_Driver/Inc -I../Drivers/STM32H7xx_HAL_Driver/Inc/Legacy -I../Drivers/CMSIS/Device/ST/STM32H7xx/Include -I../Drivers/CMSIS/Include -O0 -ffunction-sections -fdata-sections -Wall -fstack-usage -fcyclomatic-complexity -MMD -MP -MF"Core/Src/main.d" -MT"Core/Src/main.o" --specs=nano.specs -mfpu=fpv5-d16 -mfloat-abi=hard -mthumb -o "Core/Src/main.o"
arm-none-eabi-gcc -o "bs.elf" @"objects.list"   -mcpu=cortex-m7 -T"D:\Project\smart_bookshelf\board_system\bs\STM32H7A3ZITXQ_FLASH.ld" --specs=nosys.specs -Wl,-Map="bs.map" -Wl,--gc-sections -static --specs=nano.specs -mfpu=fpv5-d16 -mfloat-abi=hard -mthumb -u _printf_float -Wl,--start-group -lc -lm -Wl,--end-group
Finished building target: bs.elf
 
arm-none-eabi-size   bs.elf 
arm-none-eabi-objdump -h -S  bs.elf  > "bs.list"
   text	   data	    bss	    dec	    hex	filename
  82472	    492	   5620	  88584	  15a08	bs.elf
Finished building: default.size.stdout
 
Finished building: bs.list
 
